Archive member included to satisfy reference by file (symbol)

.\libIQmathLib-cm3.a(IQNdiv.o)
                              build/debug/Core/Src/encoder_iq18.o (_IQ18div)
.\libIQmathLib-cm3.a(IQNmpy.o)
                              build/debug/Core/Src/adc_current.o (_IQ18mpy)
c:/Users/zhmis/AppData/Roaming/Code/User/globalStorage/bmd.stm32-for-vscode/@xpack-dev-tools/arm-none-eabi-gcc/13.3.1-1.1.1/.content/bin/../lib/gcc/arm-none-eabi/13.3.1/../../../../arm-none-eabi/lib/thumb/v7-m/nofp\libc_nano.a(libc_a-atexit.o)
                              c:/Users/zhmis/AppData/Roaming/Code/User/globalStorage/bmd.stm32-for-vscode/@xpack-dev-tools/arm-none-eabi-gcc/13.3.1-1.1.1/.content/bin/../lib/gcc/arm-none-eabi/13.3.1/../../../../arm-none-eabi/lib/thumb/v7-m/nofp/crt0.o (atexit)
c:/Users/zhmis/AppData/Roaming/Code/User/globalStorage/bmd.stm32-for-vscode/@xpack-dev-tools/arm-none-eabi-gcc/13.3.1-1.1.1/.content/bin/../lib/gcc/arm-none-eabi/13.3.1/../../../../arm-none-eabi/lib/thumb/v7-m/nofp\libc_nano.a(libc_a-exit.o)
                              c:/Users/zhmis/AppData/Roaming/Code/User/globalStorage/bmd.stm32-for-vscode/@xpack-dev-tools/arm-none-eabi-gcc/13.3.1-1.1.1/.content/bin/../lib/gcc/arm-none-eabi/13.3.1/../../../../arm-none-eabi/lib/thumb/v7-m/nofp/crt0.o (exit)
c:/Users/zhmis/AppData/Roaming/Code/User/globalStorage/bmd.stm32-for-vscode/@xpack-dev-tools/arm-none-eabi-gcc/13.3.1-1.1.1/.content/bin/../lib/gcc/arm-none-eabi/13.3.1/../../../../arm-none-eabi/lib/thumb/v7-m/nofp\libc_nano.a(libc_a-findfp.o)
                              c:/Users/zhmis/AppData/Roaming/Code/User/globalStorage/bmd.stm32-for-vscode/@xpack-dev-tools/arm-none-eabi-gcc/13.3.1-1.1.1/.content/bin/../lib/gcc/arm-none-eabi/13.3.1/../../../../arm-none-eabi/lib/thumb/v7-m/nofp\libc_nano.a(libc_a-exit.o) (__stdio_exit_handler)
c:/Users/zhmis/AppData/Roaming/Code/User/globalStorage/bmd.stm32-for-vscode/@xpack-dev-tools/arm-none-eabi-gcc/13.3.1-1.1.1/.content/bin/../lib/gcc/arm-none-eabi/13.3.1/../../../../arm-none-eabi/lib/thumb/v7-m/nofp\libc_nano.a(libc_a-fwalk.o)
                              c:/Users/zhmis/AppData/Roaming/Code/User/globalStorage/bmd.stm32-for-vscode/@xpack-dev-tools/arm-none-eabi-gcc/13.3.1-1.1.1/.content/bin/../lib/gcc/arm-none-eabi/13.3.1/../../../../arm-none-eabi/lib/thumb/v7-m/nofp\libc_nano.a(libc_a-findfp.o) (_fwalk_sglue)
c:/Users/zhmis/AppData/Roaming/Code/User/globalStorage/bmd.stm32-for-vscode/@xpack-dev-tools/arm-none-eabi-gcc/13.3.1-1.1.1/.content/bin/../lib/gcc/arm-none-eabi/13.3.1/../../../../arm-none-eabi/lib/thumb/v7-m/nofp\libc_nano.a(libc_a-stdio.o)
                              c:/Users/zhmis/AppData/Roaming/Code/User/globalStorage/bmd.stm32-for-vscode/@xpack-dev-tools/arm-none-eabi-gcc/13.3.1-1.1.1/.content/bin/../lib/gcc/arm-none-eabi/13.3.1/../../../../arm-none-eabi/lib/thumb/v7-m/nofp\libc_nano.a(libc_a-findfp.o) (__sread)
c:/Users/zhmis/AppData/Roaming/Code/User/globalStorage/bmd.stm32-for-vscode/@xpack-dev-tools/arm-none-eabi-gcc/13.3.1-1.1.1/.content/bin/../lib/gcc/arm-none-eabi/13.3.1/../../../../arm-none-eabi/lib/thumb/v7-m/nofp\libc_nano.a(libc_a-memset.o)
                              c:/Users/zhmis/AppData/Roaming/Code/User/globalStorage/bmd.stm32-for-vscode/@xpack-dev-tools/arm-none-eabi-gcc/13.3.1-1.1.1/.content/bin/../lib/gcc/arm-none-eabi/13.3.1/../../../../arm-none-eabi/lib/thumb/v7-m/nofp/crt0.o (memset)
c:/Users/zhmis/AppData/Roaming/Code/User/globalStorage/bmd.stm32-for-vscode/@xpack-dev-tools/arm-none-eabi-gcc/13.3.1-1.1.1/.content/bin/../lib/gcc/arm-none-eabi/13.3.1/../../../../arm-none-eabi/lib/thumb/v7-m/nofp\libc_nano.a(libc_a-closer.o)
                              c:/Users/zhmis/AppData/Roaming/Code/User/globalStorage/bmd.stm32-for-vscode/@xpack-dev-tools/arm-none-eabi-gcc/13.3.1-1.1.1/.content/bin/../lib/gcc/arm-none-eabi/13.3.1/../../../../arm-none-eabi/lib/thumb/v7-m/nofp\libc_nano.a(libc_a-stdio.o) (_close_r)
c:/Users/zhmis/AppData/Roaming/Code/User/globalStorage/bmd.stm32-for-vscode/@xpack-dev-tools/arm-none-eabi-gcc/13.3.1-1.1.1/.content/bin/../lib/gcc/arm-none-eabi/13.3.1/../../../../arm-none-eabi/lib/thumb/v7-m/nofp\libc_nano.a(libc_a-reent.o)
                              c:/Users/zhmis/AppData/Roaming/Code/User/globalStorage/bmd.stm32-for-vscode/@xpack-dev-tools/arm-none-eabi-gcc/13.3.1-1.1.1/.content/bin/../lib/gcc/arm-none-eabi/13.3.1/../../../../arm-none-eabi/lib/thumb/v7-m/nofp\libc_nano.a(libc_a-closer.o) (errno)
c:/Users/zhmis/AppData/Roaming/Code/User/globalStorage/bmd.stm32-for-vscode/@xpack-dev-tools/arm-none-eabi-gcc/13.3.1-1.1.1/.content/bin/../lib/gcc/arm-none-eabi/13.3.1/../../../../arm-none-eabi/lib/thumb/v7-m/nofp\libc_nano.a(libc_a-impure.o)
                              c:/Users/zhmis/AppData/Roaming/Code/User/globalStorage/bmd.stm32-for-vscode/@xpack-dev-tools/arm-none-eabi-gcc/13.3.1-1.1.1/.content/bin/../lib/gcc/arm-none-eabi/13.3.1/../../../../arm-none-eabi/lib/thumb/v7-m/nofp\libc_nano.a(libc_a-reent.o) (_impure_ptr)
[...]
Memory Configuration

Name             Origin             Length             Attributes
RAM              0x20000000         0x00005000         xrw
FLASH            0x08000000         0x00020000         xr
*default*        0x00000000         0xffffffff

Linker script and memory map

LOAD c:/Users/zhmis/AppData/Roaming/Code/User/globalStorage/bmd.stm32-for-vscode/@xpack-dev-tools/arm-none-eabi-gcc/13.3.1-1.1.1/.content/bin/../lib/gcc/arm-none-eabi/13.3.1/thumb/v7-m/nofp/crti.o
LOAD c:/Users/zhmis/AppData/Roaming/Code/User/globalStorage/bmd.stm32-for-vscode/@xpack-dev-tools/arm-none-eabi-gcc/13.3.1-1.1.1/.content/bin/../lib/gcc/arm-none-eabi/13.3.1/thumb/v7-m/nofp/crtbegin.o
LOAD c:/Users/zhmis/AppData/Roaming/Code/User/globalStorage/bmd.stm32-for-vscode/@xpack-dev-tools/arm-none-eabi-gcc/13.3.1-1.1.1/.content/bin/../lib/gcc/arm-none-eabi/13.3.1/../../../../arm-none-eabi/lib/thumb/v7-m/nofp/crt0.o
LOAD build/debug/Core/Src/adc.o
LOAD build/debug/Core/Src/adc_current.o
LOAD build/debug/Core/Src/crc_8_16.o
LOAD build/debug/Core/Src/dma.o
LOAD build/debug/Core/Src/drv8106.o
LOAD build/debug/Core/Src/ema_iq18.o
LOAD build/debug/Core/Src/encoder_iq18.o
LOAD build/debug/Core/Src/global_flags.o
LOAD build/debug/Core/Src/gpio.o
LOAD build/debug/Core/Src/ind_led.o
LOAD build/debug/Core/Src/loops_handler.o
LOAD build/debug/Core/Src/main.o
LOAD build/debug/Core/Src/main_init.o
LOAD build/debug/Core/Src/pid_iq18.o
LOAD build/debug/Core/Src/pins_init.o
LOAD build/debug/Core/Src/potamon_bus_lowlvl_handle.o
LOAD build/debug/Core/Src/pwm.o
LOAD build/debug/Core/Src/servo_init.o
LOAD build/debug/Core/Src/servo_iq18.o
LOAD build/debug/Core/Src/spi.o
LOAD build/debug/Core/Src/stm32f1xx_hal_msp.o
LOAD build/debug/Core/Src/stm32f1xx_it.o
LOAD build/debug/Core/Src/syscalls.o
LOAD build/debug/Core/Src/sysmem.o
LOAD build/debug/Core/Src/system_stm32f1xx.o
LOAD build/debug/Core/Src/tim.o
LOAD build/debug/Core/Src/usart.o
LOAD build/debug/Drivers/STM32F1xx_HAL_Driver/Src/stm32f1xx_hal.o
LOAD build/debug/Drivers/STM32F1xx_HAL_Driver/Src/stm32f1xx_hal_adc.o
LOAD build/debug/Drivers/STM32F1xx_HAL_Driver/Src/stm32f1xx_hal_adc_ex.o
LOAD build/debug/Drivers/STM32F1xx_HAL_Driver/Src/stm32f1xx_hal_cortex.o
LOAD build/debug/Drivers/STM32F1xx_HAL_Driver/Src/stm32f1xx_hal_dma.o
LOAD build/debug/Drivers/STM32F1xx_HAL_Driver/Src/stm32f1xx_hal_exti.o
LOAD build/debug/Drivers/STM32F1xx_HAL_Driver/Src/stm32f1xx_hal_flash.o
LOAD build/debug/Drivers/STM32F1xx_HAL_Driver/Src/stm32f1xx_hal_flash_ex.o
LOAD build/debug/Drivers/STM32F1xx_HAL_Driver/Src/stm32f1xx_hal_gpio.o
LOAD build/debug/Drivers/STM32F1xx_HAL_Driver/Src/stm32f1xx_hal_gpio_ex.o
LOAD build/debug/Drivers/STM32F1xx_HAL_Driver/Src/stm32f1xx_hal_pwr.o
LOAD build/debug/Drivers/STM32F1xx_HAL_Driver/Src/stm32f1xx_hal_rcc.o
LOAD build/debug/Drivers/STM32F1xx_HAL_Driver/Src/stm32f1xx_hal_rcc_ex.o
LOAD build/debug/Drivers/STM32F1xx_HAL_Driver/Src/stm32f1xx_hal_spi.o
LOAD build/debug/Drivers/STM32F1xx_HAL_Driver/Src/stm32f1xx_hal_tim.o
LOAD build/debug/Drivers/STM32F1xx_HAL_Driver/Src/stm32f1xx_hal_tim_ex.o
LOAD build/debug/Drivers/STM32F1xx_HAL_Driver/Src/stm32f1xx_hal_uart.o
LOAD build/debug/startup_stm32f103xb.o
LOAD .\libIQmathLib-cm3.a
LOAD c:/Users/zhmis/AppData/Roaming/Code/User/globalStorage/bmd.stm32-for-vscode/@xpack-dev-tools/arm-none-eabi-gcc/13.3.1-1.1.1/.content/bin/../lib/gcc/arm-none-eabi/13.3.1/../../../../arm-none-eabi/lib/thumb/v7-m/nofp\libc_nano.a
LOAD c:/Users/zhmis/AppData/Roaming/Code/User/globalStorage/bmd.stm32-for-vscode/@xpack-dev-tools/arm-none-eabi-gcc/13.3.1-1.1.1/.content/bin/../lib/gcc/arm-none-eabi/13.3.1/../../../../arm-none-eabi/lib/thumb/v7-m/nofp\libm.a
LOAD c:/Users/zhmis/AppData/Roaming/Code/User/globalStorage/bmd.stm32-for-vscode/@xpack-dev-tools/arm-none-eabi-gcc/13.3.1-1.1.1/.content/bin/../lib/gcc/arm-none-eabi/13.3.1/../../../../arm-none-eabi/lib/thumb/v7-m/nofp\libnosys.a
START GROUP
LOAD c:/Users/zhmis/AppData/Roaming/Code/User/globalStorage/bmd.stm32-for-vscode/@xpack-dev-tools/arm-none-eabi-gcc/13.3.1-1.1.1/.content/bin/../lib/gcc/arm-none-eabi/13.3.1/thumb/v7-m/nofp\libgcc.a
LOAD c:/Users/zhmis/AppData/Roaming/Code/User/globalStorage/bmd.stm32-for-vscode/@xpack-dev-tools/arm-none-eabi-gcc/13.3.1-1.1.1/.content/bin/../lib/gcc/arm-none-eabi/13.3.1/../../../../arm-none-eabi/lib/thumb/v7-m/nofp\libc_nano.a
END GROUP
START GROUP
LOAD c:/Users/zhmis/AppData/Roaming/Code/User/globalStorage/bmd.stm32-for-vscode/@xpack-dev-tools/arm-none-eabi-gcc/13.3.1-1.1.1/.content/bin/../lib/gcc/arm-none-eabi/13.3.1/thumb/v7-m/nofp\libgcc.a
LOAD c:/Users/zhmis/AppData/Roaming/Code/User/globalStorage/bmd.stm32-for-vscode/@xpack-dev-tools/arm-none-eabi-gcc/13.3.1-1.1.1/.content/bin/../lib/gcc/arm-none-eabi/13.3.1/../../../../arm-none-eabi/lib/thumb/v7-m/nofp\libc_nano.a
END GROUP
LOAD c:/Users/zhmis/AppData/Roaming/Code/User/globalStorage/bmd.stm32-for-vscode/@xpack-dev-tools/arm-none-eabi-gcc/13.3.1-1.1.1/.content/bin/../lib/gcc/arm-none-eabi/13.3.1/thumb/v7-m/nofp/crtend.o
LOAD c:/Users/zhmis/AppData/Roaming/Code/User/globalStorage/bmd.stm32-for-vscode/@xpack-dev-tools/arm-none-eabi-gcc/13.3.1-1.1.1/.content/bin/../lib/gcc/arm-none-eabi/13.3.1/thumb/v7-m/nofp/crtn.o
                0x20005000                        _estack = (ORIGIN (RAM) + LENGTH (RAM))
                0x00000200                        _Min_Heap_Size = 0x200
                0x00000400                        _Min_Stack_Size = 0x400

.isr_vector     0x08000000      0x10c
                0x08000000                        . = ALIGN (0x4)
 *(.isr_vector)
 .isr_vector    0x08000000      0x10c build/debug/startup_stm32f103xb.o
                0x08000000                g_pfnVectors
                0x0800010c                        . = ALIGN (0x4)

.text           0x0800010c     0x5140
                0x0800010c                        . = ALIGN (0x4)
 *(.text)
 .text          0x0800010c      0x2a0 c:/Users/zhmis/AppData/Roaming/Code/User/globalStorage/bmd.stm32-for-vscode/@xpack-dev-tools/arm-none-eabi-gcc/13.3.1-1.1.1/.content/bin/../lib/gcc/arm-none-eabi/13.3.1/thumb/v7-m/nofp\libgcc.a(_arm_muldivsf3.o)
                0x0800010c                __mulsf3
                0x0800010c                __aeabi_fmul
                0x08000274                __aeabi_fdiv
                0x08000274                __divsf3
 .text          0x080003ac       0x4c c:/Users/zhmis/AppData/Roaming/Code/User/globalStorage/bmd.stm32-for-vscode/@xpack-dev-tools/arm-none-eabi-gcc/13.3.1-1.1.1/.content/bin/../lib/gcc/arm-none-eabi/13.3.1/thumb/v7-m/nofp\libgcc.a(_arm_fixsfsi.o)
                0x080003ac                __aeabi_f2iz
                0x080003ac                __fixsfsi
 *(.text*)
 .text.__do_global_dtors_aux
                0x080003f8       0x24 c:/Users/zhmis/AppData/Roaming/Code/User/globalStorage/bmd.stm32-for-vscode/@xpack-dev-tools/arm-none-eabi-gcc/13.3.1-1.1.1/.content/bin/../lib/gcc/arm-none-eabi/13.3.1/thumb/v7-m/nofp/crtbegin.o
 .text.frame_dummy
                0x0800041c       0x1c c:/Users/zhmis/AppData/Roaming/Code/User/globalStorage/bmd.stm32-for-vscode/@xpack-dev-tools/arm-none-eabi-gcc/13.3.1-1.1.1/.content/bin/../lib/gcc/arm-none-eabi/13.3.1/thumb/v7-m/nofp/crtbegin.o
 .text.MX_ADC1_Init
                0x08000438       0x74 build/debug/Core/Src/adc.o
                0x08000438                MX_ADC1_Init
 .text.HAL_ADC_MspInit
                0x080004ac       0xa0 build/debug/Core/Src/adc.o
                0x080004ac                HAL_ADC_MspInit
 .text.adc_cur_init
                0x0800054c       0x58 build/debug/Core/Src/adc_current.o
                0x0800054c                adc_cur_init
 .text.adc_callback_handler
                0x080005a4       0x84 build/debug/Core/Src/adc_current.o
                0x080005a4                adc_callback_handler
 .text.HAL_ADC_ConvCpltCallback
                0x08000628        0x8 build/debug/Core/Src/adc_current.o
                0x08000628                HAL_ADC_ConvCpltCallback
 .text.crc8_ccitt
                0x08000630       0x3c build/debug/Core/Src/crc_8_16.o
                0x08000630                crc8_ccitt
 .text.crc16_ccitt
                0x0800066c       0x42 build/debug/Core/Src/crc_8_16.o
                0x0800066c                crc16_ccitt
 *fill*         0x080006ae        0x2 
 .text.MX_DMA_Init
                0x080006b0       0x74 build/debug/Core/Src/dma.o
                0x080006b0                MX_DMA_Init
 .text.drv8106_read_reg_blocking
                0x08000724       0x3e build/debug/Core/Src/drv8106.o
                0x08000724                drv8106_read_reg_blocking
 .text.drv8106_write_reg_blocking
                0x08000762       0x3c build/debug/Core/Src/drv8106.o
                0x08000762                drv8106_write_reg_blocking
 .text.drv8106_read_all_blocking
                0x0800079e       0xa0 build/debug/Core/Src/drv8106.o
                0x0800079e                drv8106_read_all_blocking
 .text.drv8106_reset_blocking
                0x0800083e       0x68 build/debug/Core/Src/drv8106.o
                0x0800083e                drv8106_reset_blocking
 .text.drv8106_Enable_blocking
                0x080008a6        0xc build/debug/Core/Src/drv8106.o
                0x080008a6                drv8106_Enable_blocking
 .text.drv8106_CSA_enable_g10_blocking
                0x080008b2        0xc build/debug/Core/Src/drv8106.o
                0x080008b2                drv8106_CSA_enable_g10_blocking
 .text.drv8106_clear_fault_blocking
                0x080008be        0xc build/debug/Core/Src/drv8106.o
                0x080008be                drv8106_clear_fault_blocking
 .text.drv8106_set_fault_autorecovery_blocking
                0x080008ca        0xc build/debug/Core/Src/drv8106.o
                0x080008ca                drv8106_set_fault_autorecovery_blocking
 .text.initEMA_iq18
                0x080008d6       0x1a build/debug/Core/Src/ema_iq18.o
                0x080008d6                initEMA_iq18
 .text.updateEMA_iq18
                0x080008f0       0x1e build/debug/Core/Src/ema_iq18.o
                0x080008f0                updateEMA_iq18
 *fill*         0x0800090e        0x2 
 .text.encoder_updatePosition_iq18
                0x08000910       0x6c build/debug/Core/Src/encoder_iq18.o
                0x08000910                encoder_updatePosition_iq18
 .text.encoder_updateVelocity_qep_iq18
                0x0800097c       0x20 build/debug/Core/Src/encoder_iq18.o
                0x0800097c                encoder_updateVelocity_qep_iq18
 .text.encoder_reset_iq18
                0x0800099c       0x16 build/debug/Core/Src/encoder_iq18.o
                0x0800099c                encoder_reset_iq18
 .text.encoder_getAngle_iq18
                0x080009b2        0x4 build/debug/Core/Src/encoder_iq18.o
                0x080009b2                encoder_getAngle_iq18
 .text.encoder_getVelocity_iq18
                0x080009b6        0x4 build/debug/Core/Src/encoder_iq18.o
                0x080009b6                encoder_getVelocity_iq18
 *fill*         0x080009ba        0x2 
 .text.MX_GPIO_Init
                0x080009bc      0x154 build/debug/Core/Src/gpio.o
                0x080009bc                MX_GPIO_Init
 .text.ind_led_init
                0x08000b10       0x4e build/debug/Core/Src/ind_led.o
                0x08000b10                ind_led_init
 .text.ind_led_handler
                0x08000b5e       0x72 build/debug/Core/Src/ind_led.o
                0x08000b5e                ind_led_handler
 .text.ind_led_set_opmode
                0x08000bd0       0x30 build/debug/Core/Src/ind_led.o
                0x08000bd0                ind_led_set_opmode
 .text.HAL_TIM_PeriodElapsedCallback
                0x08000c00      0x2f8 build/debug/Core/Src/loops_handler.o
                0x08000c00                HAL_TIM_PeriodElapsedCallback
 .text.Error_Handler
                0x08000ef8        0x4 build/debug/Core/Src/main.o
                0x08000ef8                Error_Handler
 .text.SystemClock_Config
                0x08000efc       0x84 build/debug/Core/Src/main.o
                0x08000efc                SystemClock_Config
 .text.main     0x08000f80      0x174 build/debug/Core/Src/main.o
                0x08000f80                main
 .text.init_mtr_ctrl
                0x080010f4       0x8c build/debug/Core/Src/main_init.o
                0x080010f4                init_mtr_ctrl
 .text.pid_iq18_reset
                0x08001180        0xe build/debug/Core/Src/pid_iq18.o
                0x08001180                pid_iq18_reset
 .text.pid_iq18_calculate
                0x0800118e       0x80 build/debug/Core/Src/pid_iq18.o
                0x0800118e                pid_iq18_calculate
 .text.pid_iq18_getOutput
                0x0800120e        0x4 build/debug/Core/Src/pid_iq18.o
                0x0800120e                pid_iq18_getOutput
 *fill*         0x08001212        0x2 
 .text.update_crc_history
                0x08001214       0x10 build/debug/Core/Src/potamon_bus_lowlvl_handle.o
                0x08001214                update_crc_history
 .text.get_crc_success_rate
                0x08001224       0x1c build/debug/Core/Src/potamon_bus_lowlvl_handle.o
                0x08001224                get_crc_success_rate
 .text.pack_encoder_feedback
                0x08001240       0x54 build/debug/Core/Src/potamon_bus_lowlvl_handle.o
                0x08001240                pack_encoder_feedback
 .text.pack_current_feedback
                0x08001294       0x28 build/debug/Core/Src/potamon_bus_lowlvl_handle.o
                0x08001294                pack_current_feedback
 .text.sync_packet_handler
                0x080012bc      0x1dc build/debug/Core/Src/potamon_bus_lowlvl_handle.o
                0x080012bc                sync_packet_handler
 .text.HAL_UART_RxCpltCallback
                0x08001498      0x118 build/debug/Core/Src/potamon_bus_lowlvl_handle.o
                0x08001498                HAL_UART_RxCpltCallback
 .text.HAL_UART_TxCpltCallback
                0x080015b0       0x30 build/debug/Core/Src/potamon_bus_lowlvl_handle.o
                0x080015b0                HAL_UART_TxCpltCallback
 .text.pwm_setSpeed
                0x080015e0       0x82 build/debug/Core/Src/pwm.o
                0x080015e0                pwm_setSpeed
 *fill*         0x08001662        0x2 
 .text.servo_periph_init
                0x08001664       0x7c build/debug/Core/Src/servo_init.o
                0x08001664                servo_periph_init
 .text.servo_init
                0x080016e0      0x15c build/debug/Core/Src/servo_init.o
                0x080016e0                servo_init
 .text.servo_iq18_base_init
                0x0800183c       0x5c build/debug/Core/Src/servo_iq18.o
                0x0800183c                servo_iq18_base_init
 .text.servo_iq18_encoder_init
                0x08001898       0x2c build/debug/Core/Src/servo_iq18.o
                0x08001898                servo_iq18_encoder_init
 .text.servo_iq18_driver_init
                0x080018c4       0x64 build/debug/Core/Src/servo_iq18.o
                0x080018c4                servo_iq18_driver_init
 .text.servo_iq18_position_init
                0x08001928       0x5a build/debug/Core/Src/servo_iq18.o
                0x08001928                servo_iq18_position_init
 .text.servo_iq18_velocity_init
                0x08001982       0x60 build/debug/Core/Src/servo_iq18.o
                0x08001982                servo_iq18_velocity_init
 .text.servo_iq18_current_init
                0x080019e2       0x94 build/debug/Core/Src/servo_iq18.o
                0x080019e2                servo_iq18_current_init
 .text.servo_iq18_setPositionTolerance
                0x08001a76       0x16 build/debug/Core/Src/servo_iq18.o
                0x08001a76                servo_iq18_setPositionTolerance
 .text.servo_iq18_velocityLoop
                0x08001a8c       0x8c build/debug/Core/Src/servo_iq18.o
                0x08001a8c                servo_iq18_velocityLoop
 .text.servo_iq18_currentLoop
                0x08001b18       0x4e build/debug/Core/Src/servo_iq18.o
                0x08001b18                servo_iq18_currentLoop
 .text.servo_iq18_controlPosition
                0x08001b66       0x14 build/debug/Core/Src/servo_iq18.o
                0x08001b66                servo_iq18_controlPosition
 .text.servo_iq18_controlVelocity
                0x08001b7a       0x2a build/debug/Core/Src/servo_iq18.o
                0x08001b7a                servo_iq18_controlVelocity
 .text.servo_iq18_controlCurrent
                0x08001ba4       0x2e build/debug/Core/Src/servo_iq18.o
                0x08001ba4                servo_iq18_controlCurrent
 .text.servo_iq18_reset
                0x08001bd2       0x1c build/debug/Core/Src/servo_iq18.o
                0x08001bd2                servo_iq18_reset
 *fill*         0x08001bee        0x2 
 .text.MX_SPI1_Init
                0x08001bf0       0x48 build/debug/Core/Src/spi.o
                0x08001bf0                MX_SPI1_Init
 .text.HAL_SPI_MspInit
                0x08001c38      0x104 build/debug/Core/Src/spi.o
                0x08001c38                HAL_SPI_MspInit
 .text.HAL_MspInit
                0x08001d3c       0x44 build/debug/Core/Src/stm32f1xx_hal_msp.o
                0x08001d3c                HAL_MspInit
 .text.NMI_Handler
                0x08001d80        0x2 build/debug/Core/Src/stm32f1xx_it.o
                0x08001d80                NMI_Handler
 .text.HardFault_Handler
                0x08001d82        0x2 build/debug/Core/Src/stm32f1xx_it.o
                0x08001d82                HardFault_Handler
 .text.MemManage_Handler
                0x08001d84        0x2 build/debug/Core/Src/stm32f1xx_it.o
                0x08001d84                MemManage_Handler
 .text.BusFault_Handler
                0x08001d86        0x2 build/debug/Core/Src/stm32f1xx_it.o
                0x08001d86                BusFault_Handler
 .text.UsageFault_Handler
                0x08001d88        0x2 build/debug/Core/Src/stm32f1xx_it.o
                0x08001d88                UsageFault_Handler
 .text.SVC_Handler
                0x08001d8a        0x2 build/debug/Core/Src/stm32f1xx_it.o
                0x08001d8a                SVC_Handler
 .text.DebugMon_Handler
                0x08001d8c        0x2 build/debug/Core/Src/stm32f1xx_it.o
                0x08001d8c                DebugMon_Handler
 .text.PendSV_Handler
                0x08001d8e        0x2 build/debug/Core/Src/stm32f1xx_it.o
                0x08001d8e                PendSV_Handler
 .text.SysTick_Handler
                0x08001d90        0x8 build/debug/Core/Src/stm32f1xx_it.o
                0x08001d90                SysTick_Handler
 .text.DMA1_Channel1_IRQHandler
                0x08001d98       0x10 build/debug/Core/Src/stm32f1xx_it.o
                0x08001d98                DMA1_Channel1_IRQHandler
 .text.DMA1_Channel2_IRQHandler
                0x08001da8       0x10 build/debug/Core/Src/stm32f1xx_it.o
                0x08001da8                DMA1_Channel2_IRQHandler
 .text.DMA1_Channel3_IRQHandler
                0x08001db8       0x10 build/debug/Core/Src/stm32f1xx_it.o
                0x08001db8                DMA1_Channel3_IRQHandler
 .text.DMA1_Channel4_IRQHandler
                0x08001dc8       0x10 build/debug/Core/Src/stm32f1xx_it.o
                0x08001dc8                DMA1_Channel4_IRQHandler
 .text.DMA1_Channel5_IRQHandler
                0x08001dd8       0x10 build/debug/Core/Src/stm32f1xx_it.o
                0x08001dd8                DMA1_Channel5_IRQHandler
 .text.TIM3_IRQHandler
                0x08001de8       0x10 build/debug/Core/Src/stm32f1xx_it.o
                0x08001de8                TIM3_IRQHandler
 .text.SPI1_IRQHandler
                0x08001df8       0x10 build/debug/Core/Src/stm32f1xx_it.o
                0x08001df8                SPI1_IRQHandler
 .text.USART1_IRQHandler
                0x08001e08       0x10 build/debug/Core/Src/stm32f1xx_it.o
                0x08001e08                USART1_IRQHandler
 .text.SystemInit
                0x08001e18        0x2 build/debug/Core/Src/system_stm32f1xx.o
                0x08001e18                SystemInit
 *fill*         0x08001e1a        0x2 
 .text.MX_TIM1_Init
                0x08001e1c       0x6c build/debug/Core/Src/tim.o
                0x08001e1c                MX_TIM1_Init
 .text.MX_TIM2_Init
                0x08001e88       0x64 build/debug/Core/Src/tim.o
                0x08001e88                MX_TIM2_Init
 .text.MX_TIM4_Init
                0x08001eec       0x8c build/debug/Core/Src/tim.o
                0x08001eec                MX_TIM4_Init
 .text.HAL_TIM_Encoder_MspInit
                0x08001f78       0xdc build/debug/Core/Src/tim.o
                0x08001f78                HAL_TIM_Encoder_MspInit
 .text.HAL_TIM_PWM_MspInit
                0x08002054       0x40 build/debug/Core/Src/tim.o
                0x08002054                HAL_TIM_PWM_MspInit
 .text.HAL_TIM_IC_MspInit
                0x08002094       0x5c build/debug/Core/Src/tim.o
                0x08002094                HAL_TIM_IC_MspInit
 .text.HAL_TIM_MspPostInit
                0x080020f0       0x60 build/debug/Core/Src/tim.o
                0x080020f0                HAL_TIM_MspPostInit
 .text.MX_TIM3_Init
                0x08002150       0x98 build/debug/Core/Src/tim.o
                0x08002150                MX_TIM3_Init
 .text.MX_USART1_UART_Init
                0x080021e8       0x38 build/debug/Core/Src/usart.o
                0x080021e8                MX_USART1_UART_Init
 .text.HAL_UART_MspInit
                0x08002220      0x104 build/debug/Core/Src/usart.o
                0x08002220                HAL_UART_MspInit
 .text.HAL_InitTick
                0x08002324       0x4c build/debug/Drivers/STM32F1xx_HAL_Driver/Src/stm32f1xx_hal.o
                0x08002324                HAL_InitTick
 .text.HAL_Init
                0x08002370       0x24 build/debug/Drivers/STM32F1xx_HAL_Driver/Src/stm32f1xx_hal.o
                0x08002370                HAL_Init
 .text.HAL_IncTick
                0x08002394       0x18 build/debug/Drivers/STM32F1xx_HAL_Driver/Src/stm32f1xx_hal.o
                0x08002394                HAL_IncTick
 .text.HAL_GetTick
                0x080023ac        0xc build/debug/Drivers/STM32F1xx_HAL_Driver/Src/stm32f1xx_hal.o
                0x080023ac                HAL_GetTick
 .text.HAL_Delay
                0x080023b8       0x28 build/debug/Drivers/STM32F1xx_HAL_Driver/Src/stm32f1xx_hal.o
                0x080023b8                HAL_Delay
 .text.ADC_DMAConvCplt
                0x080023e0       0x52 build/debug/Drivers/STM32F1xx_HAL_Driver/Src/stm32f1xx_hal_adc.o
                0x080023e0                ADC_DMAConvCplt
 .text.HAL_ADC_ConvHalfCpltCallback
                0x08002432        0x2 build/debug/Drivers/STM32F1xx_HAL_Driver/Src/stm32f1xx_hal_adc.o
                0x08002432                HAL_ADC_ConvHalfCpltCallback
 .text.ADC_DMAHalfConvCplt
                0x08002434        0xa build/debug/Drivers/STM32F1xx_HAL_Driver/Src/stm32f1xx_hal_adc.o
                0x08002434                ADC_DMAHalfConvCplt
 .text.HAL_ADC_ErrorCallback
                0x0800243e        0x2 build/debug/Drivers/STM32F1xx_HAL_Driver/Src/stm32f1xx_hal_adc.o
                0x0800243e                HAL_ADC_ErrorCallback
 .text.ADC_DMAError
                0x08002440       0x1a build/debug/Drivers/STM32F1xx_HAL_Driver/Src/stm32f1xx_hal_adc.o
                0x08002440                ADC_DMAError
 *fill*         0x0800245a        0x2 
 .text.HAL_ADC_ConfigChannel
                0x0800245c      0x140 build/debug/Drivers/STM32F1xx_HAL_Driver/Src/stm32f1xx_hal_adc.o
                0x0800245c                HAL_ADC_ConfigChannel
 .text.ADC_Enable
                0x0800259c       0x88 build/debug/Drivers/STM32F1xx_HAL_Driver/Src/stm32f1xx_hal_adc.o
                0x0800259c                ADC_Enable
 .text.HAL_ADC_Start_DMA
                0x08002624      0x130 build/debug/Drivers/STM32F1xx_HAL_Driver/Src/stm32f1xx_hal_adc.o
                0x08002624                HAL_ADC_Start_DMA
 .text.ADC_ConversionStop_Disable
                0x08002754       0x56 build/debug/Drivers/STM32F1xx_HAL_Driver/Src/stm32f1xx_hal_adc.o
                0x08002754                ADC_ConversionStop_Disable
 *fill*         0x080027aa        0x2 
 .text.HAL_ADC_Init
                0x080027ac      0x108 build/debug/Drivers/STM32F1xx_HAL_Driver/Src/stm32f1xx_hal_adc.o
                0x080027ac                HAL_ADC_Init
 .text.HAL_ADCEx_Calibration_Start
                0x080028b4      0x100 build/debug/Drivers/STM32F1xx_HAL_Driver/Src/stm32f1xx_hal_adc_ex.o
                0x080028b4                HAL_ADCEx_Calibration_Start
 .text.__NVIC_SetPriority
                0x080029b4       0x28 build/debug/Drivers/STM32F1xx_HAL_Driver/Src/stm32f1xx_hal_cortex.o
 .text.NVIC_EncodePriority
                0x080029dc       0x3e build/debug/Drivers/STM32F1xx_HAL_Driver/Src/stm32f1xx_hal_cortex.o
 *fill*         0x08002a1a        0x2 
 .text.HAL_NVIC_SetPriorityGrouping
                0x08002a1c       0x24 build/debug/Drivers/STM32F1xx_HAL_Driver/Src/stm32f1xx_hal_cortex.o
                0x08002a1c                HAL_NVIC_SetPriorityGrouping
 .text.HAL_NVIC_SetPriority
                0x08002a40       0x20 build/debug/Drivers/STM32F1xx_HAL_Driver/Src/stm32f1xx_hal_cortex.o
                0x08002a40                HAL_NVIC_SetPriority
 .text.HAL_NVIC_EnableIRQ
                0x08002a60       0x1c build/debug/Drivers/STM32F1xx_HAL_Driver/Src/stm32f1xx_hal_cortex.o
                0x08002a60                HAL_NVIC_EnableIRQ
 .text.HAL_SYSTICK_Config
                0x08002a7c       0x28 build/debug/Drivers/STM32F1xx_HAL_Driver/Src/stm32f1xx_hal_cortex.o
                0x08002a7c                HAL_SYSTICK_Config
 .text.DMA_SetConfig
                0x08002aa4       0x2c build/debug/Drivers/STM32F1xx_HAL_Driver/Src/stm32f1xx_hal_dma.o
 .text.HAL_DMA_Init
                0x08002ad0       0x68 build/debug/Drivers/STM32F1xx_HAL_Driver/Src/stm32f1xx_hal_dma.o
                0x08002ad0                HAL_DMA_Init
 .text.HAL_DMA_Start_IT
                0x08002b38       0x76 build/debug/Drivers/STM32F1xx_HAL_Driver/Src/stm32f1xx_hal_dma.o
                0x08002b38                HAL_DMA_Start_IT
 .text.HAL_DMA_Abort
                0x08002bae       0x46 build/debug/Drivers/STM32F1xx_HAL_Driver/Src/stm32f1xx_hal_dma.o
                0x08002bae                HAL_DMA_Abort
 .text.HAL_DMA_Abort_IT
                0x08002bf4       0x98 build/debug/Drivers/STM32F1xx_HAL_Driver/Src/stm32f1xx_hal_dma.o
                0x08002bf4                HAL_DMA_Abort_IT
 .text.HAL_DMA_IRQHandler
                0x08002c8c      0x144 build/debug/Drivers/STM32F1xx_HAL_Driver/Src/stm32f1xx_hal_dma.o
                0x08002c8c                HAL_DMA_IRQHandler
 .text.HAL_GPIO_Init
                0x08002dd0      0x21c build/debug/Drivers/STM32F1xx_HAL_Driver/Src/stm32f1xx_hal_gpio.o
                0x08002dd0                HAL_GPIO_Init
 .text.HAL_GPIO_ReadPin
                0x08002fec        0xe build/debug/Drivers/STM32F1xx_HAL_Driver/Src/stm32f1xx_hal_gpio.o
                0x08002fec                HAL_GPIO_ReadPin
 .text.HAL_GPIO_WritePin
                0x08002ffa        0xc build/debug/Drivers/STM32F1xx_HAL_Driver/Src/stm32f1xx_hal_gpio.o
                0x08002ffa                HAL_GPIO_WritePin
 *fill*         0x08003006        0x2 
 .text.RCC_Delay
                0x08003008       0x2c build/debug/Drivers/STM32F1xx_HAL_Driver/Src/stm32f1xx_hal_rcc.o
 .text.HAL_RCC_OscConfig
                0x08003034      0x410 build/debug/Drivers/STM32F1xx_HAL_Driver/Src/stm32f1xx_hal_rcc.o
                0x08003034                HAL_RCC_OscConfig
 .text.HAL_RCC_GetSysClockFreq
                0x08003444       0x54 build/debug/Drivers/STM32F1xx_HAL_Driver/Src/stm32f1xx_hal_rcc.o
                0x08003444                HAL_RCC_GetSysClockFreq
 .text.HAL_RCC_ClockConfig
                0x08003498      0x16c build/debug/Drivers/STM32F1xx_HAL_Driver/Src/stm32f1xx_hal_rcc.o
                0x08003498                HAL_RCC_ClockConfig
 .text.HAL_RCC_GetHCLKFreq
                0x08003604        0xc build/debug/Drivers/STM32F1xx_HAL_Driver/Src/stm32f1xx_hal_rcc.o
                0x08003604                HAL_RCC_GetHCLKFreq
 .text.HAL_RCC_GetPCLK1Freq
                0x08003610       0x20 build/debug/Drivers/STM32F1xx_HAL_Driver/Src/stm32f1xx_hal_rcc.o
                0x08003610                HAL_RCC_GetPCLK1Freq
 .text.HAL_RCC_GetPCLK2Freq
                0x08003630       0x20 build/debug/Drivers/STM32F1xx_HAL_Driver/Src/stm32f1xx_hal_rcc.o
                0x08003630                HAL_RCC_GetPCLK2Freq
 .text.HAL_RCCEx_PeriphCLKConfig
                0x08003650      0x118 build/debug/Drivers/STM32F1xx_HAL_Driver/Src/stm32f1xx_hal_rcc_ex.o
                0x08003650                HAL_RCCEx_PeriphCLKConfig
 .text.HAL_RCCEx_GetPeriphCLKFreq
                0x08003768       0xd8 build/debug/Drivers/STM32F1xx_HAL_Driver/Src/stm32f1xx_hal_rcc_ex.o
                0x08003768                HAL_RCCEx_GetPeriphCLKFreq
 .text.SPI_WaitFlagStateUntilTimeout
                0x08003840       0xc8 build/debug/Drivers/STM32F1xx_HAL_Driver/Src/stm32f1xx_hal_spi.o
 .text.SPI_EndRxTxTransaction
                0x08003908       0x44 build/debug/Drivers/STM32F1xx_HAL_Driver/Src/stm32f1xx_hal_spi.o
 .text.HAL_SPI_Init
                0x0800394c       0xb6 build/debug/Drivers/STM32F1xx_HAL_Driver/Src/stm32f1xx_hal_spi.o
                0x0800394c                HAL_SPI_Init
 .text.HAL_SPI_TransmitReceive
                0x08003a02      0x254 build/debug/Drivers/STM32F1xx_HAL_Driver/Src/stm32f1xx_hal_spi.o
                0x08003a02                HAL_SPI_TransmitReceive
 .text.HAL_SPI_ErrorCallback
                0x08003c56        0x2 build/debug/Drivers/STM32F1xx_HAL_Driver/Src/stm32f1xx_hal_spi.o
                0x08003c56                HAL_SPI_ErrorCallback
 .text.HAL_SPI_IRQHandler
                0x08003c58      0x108 build/debug/Drivers/STM32F1xx_HAL_Driver/Src/stm32f1xx_hal_spi.o
                0x08003c58                HAL_SPI_IRQHandler
 .text.SPI_DMAAbortOnError
                0x08003d60       0x10 build/debug/Drivers/STM32F1xx_HAL_Driver/Src/stm32f1xx_hal_spi.o
 .text.TIM_OC1_SetConfig
                0x08003d70       0x54 build/debug/Drivers/STM32F1xx_HAL_Driver/Src/stm32f1xx_hal_tim.o
 .text.TIM_OC3_SetConfig
                0x08003dc4       0x5c build/debug/Drivers/STM32F1xx_HAL_Driver/Src/stm32f1xx_hal_tim.o
 .text.TIM_OC4_SetConfig
                0x08003e20       0x48 build/debug/Drivers/STM32F1xx_HAL_Driver/Src/stm32f1xx_hal_tim.o
 .text.TIM_TI2_SetConfig
                0x08003e68       0x36 build/debug/Drivers/STM32F1xx_HAL_Driver/Src/stm32f1xx_hal_tim.o
 .text.TIM_TI3_SetConfig
                0x08003e9e       0x36 build/debug/Drivers/STM32F1xx_HAL_Driver/Src/stm32f1xx_hal_tim.o
 .text.TIM_TI4_SetConfig
                0x08003ed4       0x36 build/debug/Drivers/STM32F1xx_HAL_Driver/Src/stm32f1xx_hal_tim.o
 *fill*         0x08003f0a        0x2 
 .text.HAL_TIM_Base_Start_IT
                0x08003f0c       0x68 build/debug/Drivers/STM32F1xx_HAL_Driver/Src/stm32f1xx_hal_tim.o
                0x08003f0c                HAL_TIM_Base_Start_IT
 .text.HAL_TIM_OC_DelayElapsedCallback
                0x08003f74        0x2 build/debug/Drivers/STM32F1xx_HAL_Driver/Src/stm32f1xx_hal_tim.o
                0x08003f74                HAL_TIM_OC_DelayElapsedCallback
 .text.HAL_TIM_IC_CaptureCallback
                0x08003f76        0x2 build/debug/Drivers/STM32F1xx_HAL_Driver/Src/stm32f1xx_hal_tim.o
                0x08003f76                HAL_TIM_IC_CaptureCallback
 .text.HAL_TIM_PWM_PulseFinishedCallback
                0x08003f78        0x2 build/debug/Drivers/STM32F1xx_HAL_Driver/Src/stm32f1xx_hal_tim.o
                0x08003f78                HAL_TIM_PWM_PulseFinishedCallback
 .text.HAL_TIM_TriggerCallback
                0x08003f7a        0x2 build/debug/Drivers/STM32F1xx_HAL_Driver/Src/stm32f1xx_hal_tim.o
                0x08003f7a                HAL_TIM_TriggerCallback
 .text.HAL_TIM_IRQHandler
                0x08003f7c      0x15e build/debug/Drivers/STM32F1xx_HAL_Driver/Src/stm32f1xx_hal_tim.o
                0x08003f7c                HAL_TIM_IRQHandler
 *fill*         0x080040da        0x2 
 .text.TIM_Base_SetConfig
                0x080040dc       0x84 build/debug/Drivers/STM32F1xx_HAL_Driver/Src/stm32f1xx_hal_tim.o
                0x080040dc                TIM_Base_SetConfig
 .text.HAL_TIM_PWM_Init
                0x08004160       0x58 build/debug/Drivers/STM32F1xx_HAL_Driver/Src/stm32f1xx_hal_tim.o
                0x08004160                HAL_TIM_PWM_Init
 .text.HAL_TIM_IC_Init
                0x080041b8       0x58 build/debug/Drivers/STM32F1xx_HAL_Driver/Src/stm32f1xx_hal_tim.o
                0x080041b8                HAL_TIM_IC_Init
 .text.HAL_TIM_Encoder_Init
                0x08004210       0xb6 build/debug/Drivers/STM32F1xx_HAL_Driver/Src/stm32f1xx_hal_tim.o
                0x08004210                HAL_TIM_Encoder_Init
 *fill*         0x080042c6        0x2 
 .text.TIM_OC2_SetConfig
                0x080042c8       0x5c build/debug/Drivers/STM32F1xx_HAL_Driver/Src/stm32f1xx_hal_tim.o
                0x080042c8                TIM_OC2_SetConfig
 .text.HAL_TIM_PWM_ConfigChannel
                0x08004324       0xdc build/debug/Drivers/STM32F1xx_HAL_Driver/Src/stm32f1xx_hal_tim.o
                0x08004324                HAL_TIM_PWM_ConfigChannel
 .text.TIM_TI1_SetConfig
                0x08004400       0x58 build/debug/Drivers/STM32F1xx_HAL_Driver/Src/stm32f1xx_hal_tim.o
                0x08004400                TIM_TI1_SetConfig
 .text.HAL_TIM_IC_ConfigChannel
                0x08004458       0xcc build/debug/Drivers/STM32F1xx_HAL_Driver/Src/stm32f1xx_hal_tim.o
                0x08004458                HAL_TIM_IC_ConfigChannel
 .text.TIM_CCxChannelCmd
                0x08004524       0x1e build/debug/Drivers/STM32F1xx_HAL_Driver/Src/stm32f1xx_hal_tim.o
                0x08004524                TIM_CCxChannelCmd
 *fill*         0x08004542        0x2 
 .text.HAL_TIM_PWM_Start
                0x08004544       0xdc build/debug/Drivers/STM32F1xx_HAL_Driver/Src/stm32f1xx_hal_tim.o
                0x08004544                HAL_TIM_PWM_Start
 .text.HAL_TIM_IC_Start_IT
                0x08004620      0x148 build/debug/Drivers/STM32F1xx_HAL_Driver/Src/stm32f1xx_hal_tim.o
                0x08004620                HAL_TIM_IC_Start_IT
 .text.HAL_TIM_Encoder_Start
                0x08004768       0xcc build/debug/Drivers/STM32F1xx_HAL_Driver/Src/stm32f1xx_hal_tim.o
                0x08004768                HAL_TIM_Encoder_Start
 .text.HAL_TIMEx_MasterConfigSynchronization
                0x08004834       0x6c build/debug/Drivers/STM32F1xx_HAL_Driver/Src/stm32f1xx_hal_tim_ex.o
                0x08004834                HAL_TIMEx_MasterConfigSynchronization
 .text.HAL_TIMEx_CommutCallback
                0x080048a0        0x2 build/debug/Drivers/STM32F1xx_HAL_Driver/Src/stm32f1xx_hal_tim_ex.o
                0x080048a0                HAL_TIMEx_CommutCallback
 .text.HAL_TIMEx_BreakCallback
                0x080048a2        0x2 build/debug/Drivers/STM32F1xx_HAL_Driver/Src/stm32f1xx_hal_tim_ex.o
                0x080048a2                HAL_TIMEx_BreakCallback
 .text.UART_EndTxTransfer
                0x080048a4       0x20 build/debug/Drivers/STM32F1xx_HAL_Driver/Src/stm32f1xx_hal_uart.o
 .text.UART_EndRxTransfer
                0x080048c4       0x5c build/debug/Drivers/STM32F1xx_HAL_Driver/Src/stm32f1xx_hal_uart.o
 .text.UART_Transmit_IT
                0x08004920       0x60 build/debug/Drivers/STM32F1xx_HAL_Driver/Src/stm32f1xx_hal_uart.o
 .text.UART_SetConfig
                0x08004980       0x94 build/debug/Drivers/STM32F1xx_HAL_Driver/Src/stm32f1xx_hal_uart.o
 .text.HAL_UART_Init
                0x08004a14       0x60 build/debug/Drivers/STM32F1xx_HAL_Driver/Src/stm32f1xx_hal_uart.o
                0x08004a14                HAL_UART_Init
 .text.HAL_UART_Transmit_DMA
                0x08004a74       0x84 build/debug/Drivers/STM32F1xx_HAL_Driver/Src/stm32f1xx_hal_uart.o
                0x08004a74                HAL_UART_Transmit_DMA
 .text.UART_DMATransmitCplt
                0x08004af8       0x4c build/debug/Drivers/STM32F1xx_HAL_Driver/Src/stm32f1xx_hal_uart.o
 .text.UART_EndTransmit_IT
                0x08004b44       0x1a build/debug/Drivers/STM32F1xx_HAL_Driver/Src/stm32f1xx_hal_uart.o
 .text.HAL_UART_TxHalfCpltCallback
                0x08004b5e        0x2 build/debug/Drivers/STM32F1xx_HAL_Driver/Src/stm32f1xx_hal_uart.o
                0x08004b5e                HAL_UART_TxHalfCpltCallback
 .text.UART_DMATxHalfCplt
                0x08004b60        0xa build/debug/Drivers/STM32F1xx_HAL_Driver/Src/stm32f1xx_hal_uart.o
 .text.HAL_UART_RxHalfCpltCallback
                0x08004b6a        0x2 build/debug/Drivers/STM32F1xx_HAL_Driver/Src/stm32f1xx_hal_uart.o
                0x08004b6a                HAL_UART_RxHalfCpltCallback
 .text.HAL_UART_ErrorCallback
                0x08004b6c        0x2 build/debug/Drivers/STM32F1xx_HAL_Driver/Src/stm32f1xx_hal_uart.o
                0x08004b6c                HAL_UART_ErrorCallback
 .text.UART_DMAError
                0x08004b6e       0x58 build/debug/Drivers/STM32F1xx_HAL_Driver/Src/stm32f1xx_hal_uart.o
 .text.UART_DMAAbortOnError
                0x08004bc6       0x10 build/debug/Drivers/STM32F1xx_HAL_Driver/Src/stm32f1xx_hal_uart.o
 .text.HAL_UARTEx_RxEventCallback
                0x08004bd6        0x2 build/debug/Drivers/STM32F1xx_HAL_Driver/Src/stm32f1xx_hal_uart.o
                0x08004bd6                HAL_UARTEx_RxEventCallback
 .text.UART_Receive_IT
                0x08004bd8       0xe6 build/debug/Drivers/STM32F1xx_HAL_Driver/Src/stm32f1xx_hal_uart.o
 *fill*         0x08004cbe        0x2 
 .text.HAL_UART_IRQHandler
                0x08004cc0      0x284 build/debug/Drivers/STM32F1xx_HAL_Driver/Src/stm32f1xx_hal_uart.o
                0x08004cc0                HAL_UART_IRQHandler
 .text.UART_DMARxHalfCplt
                0x08004f44       0x1e build/debug/Drivers/STM32F1xx_HAL_Driver/Src/stm32f1xx_hal_uart.o
 .text.UART_DMAReceiveCplt
                0x08004f62       0x9a build/debug/Drivers/STM32F1xx_HAL_Driver/Src/stm32f1xx_hal_uart.o
 .text.UART_Start_Receive_DMA
                0x08004ffc       0xa4 build/debug/Drivers/STM32F1xx_HAL_Driver/Src/stm32f1xx_hal_uart.o
                0x08004ffc                UART_Start_Receive_DMA
 .text.HAL_UART_Receive_DMA
                0x080050a0       0x26 build/debug/Drivers/STM32F1xx_HAL_Driver/Src/stm32f1xx_hal_uart.o
                0x080050a0                HAL_UART_Receive_DMA
 *fill*         0x080050c6        0x2 
 .text.Reset_Handler
                0x080050c8       0x48 build/debug/startup_stm32f103xb.o
                0x080050c8                Reset_Handler
 .text.Default_Handler
                0x08005110        0x2 build/debug/startup_stm32f103xb.o
                0x08005110                RTC_Alarm_IRQHandler
                0x08005110                EXTI2_IRQHandler
                0x08005110                TIM1_CC_IRQHandler
                0x08005110                PVD_IRQHandler
                0x08005110                EXTI3_IRQHandler
                0x08005110                EXTI0_IRQHandler
                0x08005110                I2C2_EV_IRQHandler
                0x08005110                ADC1_2_IRQHandler
                0x08005110                TAMPER_IRQHandler
                0x08005110                USART3_IRQHandler
                0x08005110                RTC_IRQHandler
                0x08005110                DMA1_Channel7_IRQHandler
                0x08005110                CAN1_RX1_IRQHandler
                0x08005110                TIM4_IRQHandler
                0x08005110                I2C1_EV_IRQHandler
                0x08005110                DMA1_Channel6_IRQHandler
                0x08005110                RCC_IRQHandler
                0x08005110                TIM1_TRG_COM_IRQHandler
                0x08005110                Default_Handler
                0x08005110                EXTI15_10_IRQHandler
                0x08005110                EXTI9_5_IRQHandler
                0x08005110                SPI2_IRQHandler
                0x08005110                EXTI4_IRQHandler
                0x08005110                USB_LP_CAN1_RX0_IRQHandler
                0x08005110                USB_HP_CAN1_TX_IRQHandler
                0x08005110                TIM1_UP_IRQHandler
                0x08005110                WWDG_IRQHandler
                0x08005110                TIM2_IRQHandler
                0x08005110                TIM1_BRK_IRQHandler
                0x08005110                EXTI1_IRQHandler
                0x08005110                USART2_IRQHandler
                0x08005110                I2C2_ER_IRQHandler
                0x08005110                CAN1_SCE_IRQHandler
                0x08005110                FLASH_IRQHandler
                0x08005110                I2C1_ER_IRQHandler
                0x08005110                USBWakeUp_IRQHandler
 *fill*         0x08005112        0x2 
 .text._IQ18div
                0x08005114       0x90 .\libIQmathLib-cm3.a(IQNdiv.o)
                0x08005114                _IQ18div
 .text._IQ18mpy
                0x080051a4       0x10 .\libIQmathLib-cm3.a(IQNmpy.o)
                0x080051a4                _IQ18mpy
 .text.memset   0x080051b4       0x10 c:/Users/zhmis/AppData/Roaming/Code/User/globalStorage/bmd.stm32-for-vscode/@xpack-dev-tools/arm-none-eabi-gcc/13.3.1-1.1.1/.content/bin/../lib/gcc/arm-none-eabi/13.3.1/../../../../arm-none-eabi/lib/thumb/v7-m/nofp\libc_nano.a(libc_a-memset.o)
                0x080051b4                memset
 .text.__libc_init_array
                0x080051c4       0x48 c:/Users/zhmis/AppData/Roaming/Code/User/globalStorage/bmd.stm32-for-vscode/@xpack-dev-tools/arm-none-eabi-gcc/13.3.1-1.1.1/.content/bin/../lib/gcc/arm-none-eabi/13.3.1/../../../../arm-none-eabi/lib/thumb/v7-m/nofp\libc_nano.a(libc_a-init.o)
                0x080051c4                __libc_init_array
 .text.__popcountsi2
                0x0800520c       0x28 c:/Users/zhmis/AppData/Roaming/Code/User/globalStorage/bmd.stm32-for-vscode/@xpack-dev-tools/arm-none-eabi-gcc/13.3.1-1.1.1/.content/bin/../lib/gcc/arm-none-eabi/13.3.1/thumb/v7-m/nofp\libgcc.a(_popcountsi2.o)
                0x0800520c                __popcountsi2
 *(.glue_7)
 .glue_7        0x08005234        0x0 linker stubs
 *(.glue_7t)
 .glue_7t       0x08005234        0x0 linker stubs
 *(.eh_frame)
 .eh_frame      0x08005234        0x0 c:/Users/zhmis/AppData/Roaming/Code/User/globalStorage/bmd.stm32-for-vscode/@xpack-dev-tools/arm-none-eabi-gcc/13.3.1-1.1.1/.content/bin/../lib/gcc/arm-none-eabi/13.3.1/thumb/v7-m/nofp/crtbegin.o
 *(.init)
 .init          0x08005234        0x4 c:/Users/zhmis/AppData/Roaming/Code/User/globalStorage/bmd.stm32-for-vscode/@xpack-dev-tools/arm-none-eabi-gcc/13.3.1-1.1.1/.content/bin/../lib/gcc/arm-none-eabi/13.3.1/thumb/v7-m/nofp/crti.o
                0x08005234                _init
 .init          0x08005238        0x8 c:/Users/zhmis/AppData/Roaming/Code/User/globalStorage/bmd.stm32-for-vscode/@xpack-dev-tools/arm-none-eabi-gcc/13.3.1-1.1.1/.content/bin/../lib/gcc/arm-none-eabi/13.3.1/thumb/v7-m/nofp/crtn.o
 *(.fini)
 .fini          0x08005240        0x4 c:/Users/zhmis/AppData/Roaming/Code/User/globalStorage/bmd.stm32-for-vscode/@xpack-dev-tools/arm-none-eabi-gcc/13.3.1-1.1.1/.content/bin/../lib/gcc/arm-none-eabi/13.3.1/thumb/v7-m/nofp/crti.o
                0x08005240                _fini
 .fini          0x08005244        0x8 c:/Users/zhmis/AppData/Roaming/Code/User/globalStorage/bmd.stm32-for-vscode/@xpack-dev-tools/arm-none-eabi-gcc/13.3.1-1.1.1/.content/bin/../lib/gcc/arm-none-eabi/13.3.1/thumb/v7-m/nofp/crtn.o
                0x0800524c                        . = ALIGN (0x4)
                0x0800524c                        _etext = .

.vfp11_veneer   0x0800524c        0x0
 .vfp11_veneer  0x0800524c        0x0 linker stubs

.v4_bx          0x0800524c        0x0
 .v4_bx         0x0800524c        0x0 linker stubs

.iplt           0x0800524c        0x0
 .iplt          0x0800524c        0x0 c:/Users/zhmis/AppData/Roaming/Code/User/globalStorage/bmd.stm32-for-vscode/@xpack-dev-tools/arm-none-eabi-gcc/13.3.1-1.1.1/.content/bin/../lib/gcc/arm-none-eabi/13.3.1/thumb/v7-m/nofp/crtbegin.o

.rodata         0x0800524c       0x40
                0x0800524c                        . = ALIGN (0x4)
 *(.rodata)
 *(.rodata*)
 .rodata.APBPrescTable
                0x0800524c        0x8 build/debug/Core/Src/system_stm32f1xx.o
                0x0800524c                APBPrescTable
 .rodata.AHBPrescTable
                0x08005254       0x10 build/debug/Core/Src/system_stm32f1xx.o
                0x08005254                AHBPrescTable
 .rodata.aPredivFactorTable.0
                0x08005264        0x2 build/debug/Drivers/STM32F1xx_HAL_Driver/Src/stm32f1xx_hal_rcc.o
 *fill*         0x08005266        0x2 
 .rodata.aPLLMULFactorTable.1
                0x08005268       0x10 build/debug/Drivers/STM32F1xx_HAL_Driver/Src/stm32f1xx_hal_rcc.o
 .rodata.aPredivFactorTable.0
                0x08005278        0x2 build/debug/Drivers/STM32F1xx_HAL_Driver/Src/stm32f1xx_hal_rcc_ex.o
 *fill*         0x0800527a        0x2 
 .rodata.aPLLMULFactorTable.1
                0x0800527c       0x10 build/debug/Drivers/STM32F1xx_HAL_Driver/Src/stm32f1xx_hal_rcc_ex.o
                0x0800528c                        . = ALIGN (0x4)

.rel.dyn        0x0800528c        0x0
 .rel.iplt      0x0800528c        0x0 c:/Users/zhmis/AppData/Roaming/Code/User/globalStorage/bmd.stm32-for-vscode/@xpack-dev-tools/arm-none-eabi-gcc/13.3.1-1.1.1/.content/bin/../lib/gcc/arm-none-eabi/13.3.1/thumb/v7-m/nofp/crtbegin.o

.ARM.extab
 *(.ARM.extab* .gnu.linkonce.armextab.*)

.ARM            0x0800528c        0x0
                0x0800528c                        __exidx_start = .
 *(.ARM.exidx*)
                0x0800528c                        __exidx_end = .

.preinit_array  0x0800528c        0x0
                0x0800528c                        PROVIDE (__preinit_array_start = .)
 *(.preinit_array*)
                0x0800528c                        PROVIDE (__preinit_array_end = .)

.init_array     0x0800528c        0x4
                0x0800528c                        PROVIDE (__init_array_start = .)
 *(SORT_BY_NAME(.init_array.*))
 *(.init_array*)
 .init_array    0x0800528c        0x4 c:/Users/zhmis/AppData/Roaming/Code/User/globalStorage/bmd.stm32-for-vscode/@xpack-dev-tools/arm-none-eabi-gcc/13.3.1-1.1.1/.content/bin/../lib/gcc/arm-none-eabi/13.3.1/thumb/v7-m/nofp/crtbegin.o
                0x08005290                        PROVIDE (__init_array_end = .)

.fini_array     0x08005290        0x4
                0x08005290                        PROVIDE (__fini_array_start = .)
 *(SORT_BY_NAME(.fini_array.*))
 *(.fini_array*)
 .fini_array    0x08005290        0x4 c:/Users/zhmis/AppData/Roaming/Code/User/globalStorage/bmd.stm32-for-vscode/@xpack-dev-tools/arm-none-eabi-gcc/13.3.1-1.1.1/.content/bin/../lib/gcc/arm-none-eabi/13.3.1/thumb/v7-m/nofp/crtbegin.o
                0x08005294                        PROVIDE (__fini_array_end = .)
                0x08005294                        _sidata = LOADADDR (.data)

.data           0x20000000       0xac load address 0x08005294
                0x20000000                        . = ALIGN (0x4)
                0x20000000                        _sdata = .
 *(.data)
 *(.data*)
 .data.CS_ADC_M2_Gain
                0x20000000        0x4 build/debug/Core/Src/adc_current.o
                0x20000000                CS_ADC_M2_Gain
 .data.CS_ADC_M1_Gain
                0x20000004        0x4 build/debug/Core/Src/adc_current.o
                0x20000004                CS_ADC_M1_Gain
 .data.CS_ADC_M2_Offset
                0x20000008        0x2 build/debug/Core/Src/adc_current.o
                0x20000008                CS_ADC_M2_Offset
 .data.CS_ADC_M1_Offset
                0x2000000a        0x2 build/debug/Core/Src/adc_current.o
                0x2000000a                CS_ADC_M1_Offset
 .data.drv_r2_dd9
                0x2000000c       0x24 build/debug/Core/Src/drv8106.o
                0x2000000c                drv_r2_dd9
 .data.drv_l2_dd8
                0x20000030       0x24 build/debug/Core/Src/drv8106.o
                0x20000030                drv_l2_dd8
 .data.drv_r1_dd7
                0x20000054       0x24 build/debug/Core/Src/drv8106.o
                0x20000054                drv_r1_dd7
 .data.drv_l1_dd6
                0x20000078       0x24 build/debug/Core/Src/drv8106.o
                0x20000078                drv_l1_dd6
 .data.bus_crc_history
                0x2000009c        0x4 build/debug/Core/Src/potamon_bus_lowlvl_handle.o
                0x2000009c                bus_crc_history
 .data.SystemCoreClock
                0x200000a0        0x4 build/debug/Core/Src/system_stm32f1xx.o
                0x200000a0                SystemCoreClock
 .data.uwTickFreq
                0x200000a4        0x1 build/debug/Drivers/STM32F1xx_HAL_Driver/Src/stm32f1xx_hal.o
                0x200000a4                uwTickFreq
 *fill*         0x200000a5        0x3 
 .data.uwTickPrio
                0x200000a8        0x4 build/debug/Drivers/STM32F1xx_HAL_Driver/Src/stm32f1xx_hal.o
                0x200000a8                uwTickPrio
                0x200000ac                        . = ALIGN (0x4)
                0x200000ac                        _edata = .

.igot.plt       0x200000ac        0x0 load address 0x08005340
 .igot.plt      0x200000ac        0x0 c:/Users/zhmis/AppData/Roaming/Code/User/globalStorage/bmd.stm32-for-vscode/@xpack-dev-tools/arm-none-eabi-gcc/13.3.1-1.1.1/.content/bin/../lib/gcc/arm-none-eabi/13.3.1/thumb/v7-m/nofp/crtbegin.o
                0x200000ac                        . = ALIGN (0x4)

.bss            0x200000ac      0x644 load address 0x08005340
                0x200000ac                        _sbss = .
                0x200000ac                        __bss_start__ = _sbss
 *(.bss)
 *(.bss*)
 .bss.completed.1
                0x200000ac        0x1 c:/Users/zhmis/AppData/Roaming/Code/User/globalStorage/bmd.stm32-for-vscode/@xpack-dev-tools/arm-none-eabi-gcc/13.3.1-1.1.1/.content/bin/../lib/gcc/arm-none-eabi/13.3.1/thumb/v7-m/nofp/crtbegin.o
 *fill*         0x200000ad        0x3 
 .bss.object.0  0x200000b0       0x18 c:/Users/zhmis/AppData/Roaming/Code/User/globalStorage/bmd.stm32-for-vscode/@xpack-dev-tools/arm-none-eabi-gcc/13.3.1-1.1.1/.content/bin/../lib/gcc/arm-none-eabi/13.3.1/thumb/v7-m/nofp/crtbegin.o
 .bss.hdma_adc1
                0x200000c8       0x44 build/debug/Core/Src/adc.o
                0x200000c8                hdma_adc1
 .bss.hadc1     0x2000010c       0x30 build/debug/Core/Src/adc.o
                0x2000010c                hadc1
 .bss.filter2   0x2000013c        0x8 build/debug/Core/Src/adc_current.o
                0x2000013c                filter2
 .bss.filter1   0x20000144        0x8 build/debug/Core/Src/adc_current.o
                0x20000144                filter1
 .bss.current   0x2000014c        0x8 build/debug/Core/Src/adc_current.o
                0x2000014c                current
 .bss.adc       0x20000154        0x4 build/debug/Core/Src/adc_current.o
                0x20000154                adc
 .bss.axis_define
                0x20000158        0x1 build/debug/Core/Src/global_flags.o
                0x20000158                axis_define
 .bss.comms_fault_flag
                0x20000159        0x1 build/debug/Core/Src/global_flags.o
                0x20000159                comms_fault_flag
 .bss.brg_fault_flag
                0x2000015a        0x1 build/debug/Core/Src/global_flags.o
                0x2000015a                brg_fault_flag
 .bss.reset_flag
                0x2000015b        0x1 build/debug/Core/Src/global_flags.o
                0x2000015b                reset_flag
 .bss.control_mode
                0x2000015c        0x1 build/debug/Core/Src/global_flags.o
                0x2000015c                control_mode
 .bss.system_enabled
                0x2000015d        0x1 build/debug/Core/Src/global_flags.o
                0x2000015d                system_enabled
 *fill*         0x2000015e        0x2 
 .bss.ind_led_red
                0x20000160       0x18 build/debug/Core/Src/ind_led.o
                0x20000160                ind_led_red
 .bss.ang_debug_set_2
                0x20000178        0x4 build/debug/Core/Src/loops_handler.o
                0x20000178                ang_debug_set_2
 .bss.ang_debug_set_1
                0x2000017c        0x4 build/debug/Core/Src/loops_handler.o
                0x2000017c                ang_debug_set_1
 .bss.vel_debug_set_2
                0x20000180        0x4 build/debug/Core/Src/loops_handler.o
                0x20000180                vel_debug_set_2
 .bss.vel_debug_set_1
                0x20000184        0x4 build/debug/Core/Src/loops_handler.o
                0x20000184                vel_debug_set_1
 .bss.cur_debug_set_2
                0x20000188        0x4 build/debug/Core/Src/loops_handler.o
                0x20000188                cur_debug_set_2
 .bss.cur_debug_set_1
                0x2000018c        0x4 build/debug/Core/Src/loops_handler.o
                0x2000018c                cur_debug_set_1
 .bss.prev_control_mode
                0x20000190        0x1 build/debug/Core/Src/loops_handler.o
                0x20000190                prev_control_mode
 .bss.loops_op_mode
                0x20000191        0x1 build/debug/Core/Src/loops_handler.o
                0x20000191                loops_op_mode
 .bss.fault4    0x20000192        0x1 build/debug/Core/Src/loops_handler.o
                0x20000192                fault4
 .bss.fault3    0x20000193        0x1 build/debug/Core/Src/loops_handler.o
                0x20000193                fault3
 .bss.fault2    0x20000194        0x1 build/debug/Core/Src/loops_handler.o
                0x20000194                fault2
 .bss.fault1    0x20000195        0x1 build/debug/Core/Src/loops_handler.o
                0x20000195                fault1
 .bss.irq_counter250
                0x20000196        0x2 build/debug/Core/Src/loops_handler.o
                0x20000196                irq_counter250
 .bss.servo2_g  0x20000198      0x118 build/debug/Core/Src/main.o
                0x20000198                servo2_g
 .bss.servo1_g  0x200002b0      0x118 build/debug/Core/Src/main.o
                0x200002b0                servo1_g
 .bss.expected_packet
                0x200003c8        0x1 build/debug/Core/Src/potamon_bus_lowlvl_handle.o
                0x200003c8                expected_packet
 *fill*         0x200003c9        0x3 
 .bss.data_current
                0x200003cc        0x8 build/debug/Core/Src/potamon_bus_lowlvl_handle.o
                0x200003cc                data_current
 .bss.data_encoder
                0x200003d4        0xf build/debug/Core/Src/potamon_bus_lowlvl_handle.o
                0x200003d4                data_encoder
 *fill*         0x200003e3        0x1 
 .bss.data_ctrl
                0x200003e4       0x10 build/debug/Core/Src/potamon_bus_lowlvl_handle.o
                0x200003e4                data_ctrl
 .bss.data_ctrl_unchecked
                0x200003f4       0x10 build/debug/Core/Src/potamon_bus_lowlvl_handle.o
                0x200003f4                data_ctrl_unchecked
 .bss.packet_sync
                0x20000404        0x2 build/debug/Core/Src/potamon_bus_lowlvl_handle.o
                0x20000404                packet_sync
 *fill*         0x20000406        0x2 
 .bss.uart_rx_dump_buffer
                0x20000408       0x14 build/debug/Core/Src/potamon_bus_lowlvl_handle.o
                0x20000408                uart_rx_dump_buffer
 .bss.hdma_spi1_tx
                0x2000041c       0x44 build/debug/Core/Src/spi.o
                0x2000041c                hdma_spi1_tx
 .bss.hdma_spi1_rx
                0x20000460       0x44 build/debug/Core/Src/spi.o
                0x20000460                hdma_spi1_rx
 .bss.hspi1     0x200004a4       0x58 build/debug/Core/Src/spi.o
                0x200004a4                hspi1
 .bss.htim4     0x200004fc       0x48 build/debug/Core/Src/tim.o
                0x200004fc                htim4
 .bss.htim3     0x20000544       0x48 build/debug/Core/Src/tim.o
                0x20000544                htim3
 .bss.htim2     0x2000058c       0x48 build/debug/Core/Src/tim.o
                0x2000058c                htim2
 .bss.htim1     0x200005d4       0x48 build/debug/Core/Src/tim.o
                0x200005d4                htim1
 .bss.hdma_usart1_rx
                0x2000061c       0x44 build/debug/Core/Src/usart.o
                0x2000061c                hdma_usart1_rx
 .bss.hdma_usart1_tx
                0x20000660       0x44 build/debug/Core/Src/usart.o
                0x20000660                hdma_usart1_tx
 .bss.huart1    0x200006a4       0x48 build/debug/Core/Src/usart.o
                0x200006a4                huart1
 .bss.uwTick    0x200006ec        0x4 build/debug/Drivers/STM32F1xx_HAL_Driver/Src/stm32f1xx_hal.o
                0x200006ec                uwTick
 *(COMMON)
                0x200006f0                        . = ALIGN (0x4)
                0x200006f0                        _ebss = .
                0x200006f0                        __bss_end__ = _ebss

._user_heap_stack
                0x200006f0      0x600 load address 0x08005340
                0x200006f0                        . = ALIGN (0x8)
                [!provide]                        PROVIDE (end = .)
                0x200006f0                        PROVIDE (_end = .)
                0x200008f0                        . = (. + _Min_Heap_Size)
 *fill*         0x200006f0      0x200 
                0x20000cf0                        . = (. + _Min_Stack_Size)
 *fill*         0x200008f0      0x400 
                0x20000cf0                        . = ALIGN (0x8)

/DISCARD/
 libc.a(*)
 libm.a(*)
 libgcc.a(*)
OUTPUT(build/ovcharka-firmware.elf elf32-littlearm)
LOAD linker stubs
LOAD c:/Users/zhmis/AppData/Roaming/Code/User/globalStorage/bmd.stm32-for-vscode/@xpack-dev-tools/arm-none-eabi-gcc/13.3.1-1.1.1/.content/bin/../lib/gcc/arm-none-eabi/13.3.1/../../../../arm-none-eabi/lib/thumb/v7-m/nofp\libc.a
LOAD c:/Users/zhmis/AppData/Roaming/Code/User/globalStorage/bmd.stm32-for-vscode/@xpack-dev-tools/arm-none-eabi-gcc/13.3.1-1.1.1/.content/bin/../lib/gcc/arm-none-eabi/13.3.1/../../../../arm-none-eabi/lib/thumb/v7-m/nofp\libm.a
LOAD c:/Users/zhmis/AppData/Roaming/Code/User/globalStorage/bmd.stm32-for-vscode/@xpack-dev-tools/arm-none-eabi-gcc/13.3.1-1.1.1/.content/bin/../lib/gcc/arm-none-eabi/13.3.1/thumb/v7-m/nofp\libgcc.a

.ARM.attributes
                0x00000000       0x29
 .ARM.attributes
                0x00000000       0x1d c:/Users/zhmis/AppData/Roaming/Code/User/globalStorage/bmd.stm32-for-vscode/@xpack-dev-tools/arm-none-eabi-gcc/13.3.1-1.1.1/.content/bin/../lib/gcc/arm-none-eabi/13.3.1/thumb/v7-m/nofp/crti.o
 .ARM.attributes
                0x0000001d       0x2d c:/Users/zhmis/AppData/Roaming/Code/User/globalStorage/bmd.stm32-for-vscode/@xpack-dev-tools/arm-none-eabi-gcc/13.3.1-1.1.1/.content/bin/../lib/gcc/arm-none-eabi/13.3.1/thumb/v7-m/nofp/crtbegin.o
 .ARM.attributes
                0x0000004a       0x2d build/debug/Core/Src/adc.o
 .ARM.attributes
                0x00000077       0x2d build/debug/Core/Src/adc_current.o
 .ARM.attributes
                0x000000a4       0x2d build/debug/Core/Src/crc_8_16.o
 .ARM.attributes
                0x000000d1       0x2d build/debug/Core/Src/dma.o
 .ARM.attributes
                0x000000fe       0x2d build/debug/Core/Src/drv8106.o
 .ARM.attributes
                0x0000012b       0x2d build/debug/Core/Src/ema_iq18.o
 .ARM.attributes
                0x00000158       0x2d build/debug/Core/Src/encoder_iq18.o
 .ARM.attributes
                0x00000185       0x2d build/debug/Core/Src/global_flags.o
 .ARM.attributes
                0x000001b2       0x2d build/debug/Core/Src/gpio.o
 .ARM.attributes
                0x000001df       0x2d build/debug/Core/Src/ind_led.o
 .ARM.attributes
                0x0000020c       0x2d build/debug/Core/Src/loops_handler.o
 .ARM.attributes
                0x00000239       0x2d build/debug/Core/Src/main.o
 .ARM.attributes
                0x00000266       0x2d build/debug/Core/Src/main_init.o
 .ARM.attributes
                0x00000293       0x2d build/debug/Core/Src/pid_iq18.o
 .ARM.attributes
                0x000002c0       0x2d build/debug/Core/Src/potamon_bus_lowlvl_handle.o
 .ARM.attributes
                0x000002ed       0x2d build/debug/Core/Src/pwm.o
 .ARM.attributes
                0x0000031a       0x2d build/debug/Core/Src/servo_init.o
 .ARM.attributes
                0x00000347       0x2d build/debug/Core/Src/servo_iq18.o
 .ARM.attributes
                0x00000374       0x2d build/debug/Core/Src/spi.o
 .ARM.attributes
                0x000003a1       0x2d build/debug/Core/Src/stm32f1xx_hal_msp.o
 .ARM.attributes
                0x000003ce       0x2d build/debug/Core/Src/stm32f1xx_it.o
 .ARM.attributes
                0x000003fb       0x2d build/debug/Core/Src/system_stm32f1xx.o
 .ARM.attributes
                0x00000428       0x2d build/debug/Core/Src/tim.o
 .ARM.attributes
                0x00000455       0x2d build/debug/Core/Src/usart.o
 .ARM.attributes
                0x00000482       0x2d build/debug/Drivers/STM32F1xx_HAL_Driver/Src/stm32f1xx_hal.o
 .ARM.attributes
                0x000004af       0x2d build/debug/Drivers/STM32F1xx_HAL_Driver/Src/stm32f1xx_hal_adc.o
 .ARM.attributes
                0x000004dc       0x2d build/debug/Drivers/STM32F1xx_HAL_Driver/Src/stm32f1xx_hal_adc_ex.o
 .ARM.attributes
                0x00000509       0x2d build/debug/Drivers/STM32F1xx_HAL_Driver/Src/stm32f1xx_hal_cortex.o
 .ARM.attributes
                0x00000536       0x2d build/debug/Drivers/STM32F1xx_HAL_Driver/Src/stm32f1xx_hal_dma.o
 .ARM.attributes
                0x00000563       0x2d build/debug/Drivers/STM32F1xx_HAL_Driver/Src/stm32f1xx_hal_gpio.o
 .ARM.attributes
                0x00000590       0x2d build/debug/Drivers/STM32F1xx_HAL_Driver/Src/stm32f1xx_hal_rcc.o
 .ARM.attributes
                0x000005bd       0x2d build/debug/Drivers/STM32F1xx_HAL_Driver/Src/stm32f1xx_hal_rcc_ex.o
 .ARM.attributes
                0x000005ea       0x2d build/debug/Drivers/STM32F1xx_HAL_Driver/Src/stm32f1xx_hal_spi.o
 .ARM.attributes
                0x00000617       0x2d build/debug/Drivers/STM32F1xx_HAL_Driver/Src/stm32f1xx_hal_tim.o
 .ARM.attributes
                0x00000644       0x2d build/debug/Drivers/STM32F1xx_HAL_Driver/Src/stm32f1xx_hal_tim_ex.o
 .ARM.attributes
                0x00000671       0x2d build/debug/Drivers/STM32F1xx_HAL_Driver/Src/stm32f1xx_hal_uart.o
 .ARM.attributes
                0x0000069e       0x21 build/debug/startup_stm32f103xb.o
 .ARM.attributes
                0x000006bf       0x21 .\libIQmathLib-cm3.a(IQNdiv.o)
 .ARM.attributes
                0x000006e0       0x21 .\libIQmathLib-cm3.a(IQNmpy.o)
 .ARM.attributes
                0x00000701       0x2d c:/Users/zhmis/AppData/Roaming/Code/User/globalStorage/bmd.stm32-for-vscode/@xpack-dev-tools/arm-none-eabi-gcc/13.3.1-1.1.1/.content/bin/../lib/gcc/arm-none-eabi/13.3.1/../../../../arm-none-eabi/lib/thumb/v7-m/nofp\libc_nano.a(libc_a-memset.o)
 .ARM.attributes
                0x0000072e       0x2d c:/Users/zhmis/AppData/Roaming/Code/User/globalStorage/bmd.stm32-for-vscode/@xpack-dev-tools/arm-none-eabi-gcc/13.3.1-1.1.1/.content/bin/../lib/gcc/arm-none-eabi/13.3.1/../../../../arm-none-eabi/lib/thumb/v7-m/nofp\libc_nano.a(libc_a-init.o)
 .ARM.attributes
                0x0000075b       0x1d c:/Users/zhmis/AppData/Roaming/Code/User/globalStorage/bmd.stm32-for-vscode/@xpack-dev-tools/arm-none-eabi-gcc/13.3.1-1.1.1/.content/bin/../lib/gcc/arm-none-eabi/13.3.1/thumb/v7-m/nofp\libgcc.a(_arm_muldivsf3.o)
 .ARM.attributes
                0x00000778       0x1d c:/Users/zhmis/AppData/Roaming/Code/User/globalStorage/bmd.stm32-for-vscode/@xpack-dev-tools/arm-none-eabi-gcc/13.3.1-1.1.1/.content/bin/../lib/gcc/arm-none-eabi/13.3.1/thumb/v7-m/nofp\libgcc.a(_arm_fixsfsi.o)
 .ARM.attributes
                0x00000795       0x2d c:/Users/zhmis/AppData/Roaming/Code/User/globalStorage/bmd.stm32-for-vscode/@xpack-dev-tools/arm-none-eabi-gcc/13.3.1-1.1.1/.content/bin/../lib/gcc/arm-none-eabi/13.3.1/thumb/v7-m/nofp\libgcc.a(_popcountsi2.o)
 .ARM.attributes
                0x000007c2       0x1d c:/Users/zhmis/AppData/Roaming/Code/User/globalStorage/bmd.stm32-for-vscode/@xpack-dev-tools/arm-none-eabi-gcc/13.3.1-1.1.1/.content/bin/../lib/gcc/arm-none-eabi/13.3.1/thumb/v7-m/nofp/crtn.o

.comment        0x00000000       0x39
 .comment       0x00000000       0x39 c:/Users/zhmis/AppData/Roaming/Code/User/globalStorage/bmd.stm32-for-vscode/@xpack-dev-tools/arm-none-eabi-gcc/13.3.1-1.1.1/.content/bin/../lib/gcc/arm-none-eabi/13.3.1/thumb/v7-m/nofp/crtbegin.o
                                 0x3a (size before relaxing)
 .comment       0x00000039       0x3a build/debug/Core/Src/adc.o
 .comment       0x00000039       0x3a build/debug/Core/Src/adc_current.o
 .comment       0x00000039       0x3a build/debug/Core/Src/crc_8_16.o
 .comment       0x00000039       0x3a build/debug/Core/Src/dma.o
 .comment       0x00000039       0x3a build/debug/Core/Src/drv8106.o
 .comment       0x00000039       0x3a build/debug/Core/Src/ema_iq18.o
 .comment       0x00000039       0x3a build/debug/Core/Src/encoder_iq18.o
 .comment       0x00000039       0x3a build/debug/Core/Src/global_flags.o
 .comment       0x00000039       0x3a build/debug/Core/Src/gpio.o
 .comment       0x00000039       0x3a build/debug/Core/Src/ind_led.o
 .comment       0x00000039       0x3a build/debug/Core/Src/loops_handler.o
 .comment       0x00000039       0x3a build/debug/Core/Src/main.o
 .comment       0x00000039       0x3a build/debug/Core/Src/main_init.o
 .comment       0x00000039       0x3a build/debug/Core/Src/pid_iq18.o
 .comment       0x00000039       0x3a build/debug/Core/Src/potamon_bus_lowlvl_handle.o
 .comment       0x00000039       0x3a build/debug/Core/Src/pwm.o
 .comment       0x00000039       0x3a build/debug/Core/Src/servo_init.o
 .comment       0x00000039       0x3a build/debug/Core/Src/servo_iq18.o
 .comment       0x00000039       0x3a build/debug/Core/Src/spi.o
 .comment       0x00000039       0x3a build/debug/Core/Src/stm32f1xx_hal_msp.o
 .comment       0x00000039       0x3a build/debug/Core/Src/stm32f1xx_it.o
 .comment       0x00000039       0x3a build/debug/Core/Src/system_stm32f1xx.o
 .comment       0x00000039       0x3a build/debug/Core/Src/tim.o
 .comment       0x00000039       0x3a build/debug/Core/Src/usart.o
 .comment       0x00000039       0x3a build/debug/Drivers/STM32F1xx_HAL_Driver/Src/stm32f1xx_hal.o
 .comment       0x00000039       0x3a build/debug/Drivers/STM32F1xx_HAL_Driver/Src/stm32f1xx_hal_adc.o
 .comment       0x00000039       0x3a build/debug/Drivers/STM32F1xx_HAL_Driver/Src/stm32f1xx_hal_adc_ex.o
 .comment       0x00000039       0x3a build/debug/Drivers/STM32F1xx_HAL_Driver/Src/stm32f1xx_hal_cortex.o
 .comment       0x00000039       0x3a build/debug/Drivers/STM32F1xx_HAL_Driver/Src/stm32f1xx_hal_dma.o
 .comment       0x00000039       0x3a build/debug/Drivers/STM32F1xx_HAL_Driver/Src/stm32f1xx_hal_gpio.o
 .comment       0x00000039       0x3a build/debug/Drivers/STM32F1xx_HAL_Driver/Src/stm32f1xx_hal_rcc.o
 .comment       0x00000039       0x3a build/debug/Drivers/STM32F1xx_HAL_Driver/Src/stm32f1xx_hal_rcc_ex.o
 .comment       0x00000039       0x3a build/debug/Drivers/STM32F1xx_HAL_Driver/Src/stm32f1xx_hal_spi.o
 .comment       0x00000039       0x3a build/debug/Drivers/STM32F1xx_HAL_Driver/Src/stm32f1xx_hal_tim.o
 .comment       0x00000039       0x3a build/debug/Drivers/STM32F1xx_HAL_Driver/Src/stm32f1xx_hal_tim_ex.o
 .comment       0x00000039       0x3a build/debug/Drivers/STM32F1xx_HAL_Driver/Src/stm32f1xx_hal_uart.o
 .comment       0x00000039       0x3a c:/Users/zhmis/AppData/Roaming/Code/User/globalStorage/bmd.stm32-for-vscode/@xpack-dev-tools/arm-none-eabi-gcc/13.3.1-1.1.1/.content/bin/../lib/gcc/arm-none-eabi/13.3.1/../../../../arm-none-eabi/lib/thumb/v7-m/nofp\libc_nano.a(libc_a-memset.o)
 .comment       0x00000039       0x3a c:/Users/zhmis/AppData/Roaming/Code/User/globalStorage/bmd.stm32-for-vscode/@xpack-dev-tools/arm-none-eabi-gcc/13.3.1-1.1.1/.content/bin/../lib/gcc/arm-none-eabi/13.3.1/../../../../arm-none-eabi/lib/thumb/v7-m/nofp\libc_nano.a(libc_a-init.o)
 .comment       0x00000039       0x3a c:/Users/zhmis/AppData/Roaming/Code/User/globalStorage/bmd.stm32-for-vscode/@xpack-dev-tools/arm-none-eabi-gcc/13.3.1-1.1.1/.content/bin/../lib/gcc/arm-none-eabi/13.3.1/thumb/v7-m/nofp\libgcc.a(_popcountsi2.o)

.debug_info     0x00000000    0x1f86e
 .debug_info    0x00000000      0x8db build/debug/Core/Src/adc.o
 .debug_info    0x000008db      0x817 build/debug/Core/Src/adc_current.o
 .debug_info    0x000010f2      0x1ae build/debug/Core/Src/crc_8_16.o
 .debug_info    0x000012a0      0x3c2 build/debug/Core/Src/dma.o
 .debug_info    0x00001662     0x108d build/debug/Core/Src/drv8106.o
 .debug_info    0x000026ef      0x1c9 build/debug/Core/Src/ema_iq18.o
 .debug_info    0x000028b8      0x9cd build/debug/Core/Src/encoder_iq18.o
 .debug_info    0x00003285      0x12a build/debug/Core/Src/global_flags.o
 .debug_info    0x000033af      0x420 build/debug/Core/Src/gpio.o
 .debug_info    0x000037cf      0x39f build/debug/Core/Src/ind_led.o
 .debug_info    0x00003b6e     0x1147 build/debug/Core/Src/loops_handler.o
 .debug_info    0x00004cb5     0x181b build/debug/Core/Src/main.o
 .debug_info    0x000064d0      0xf68 build/debug/Core/Src/main_init.o
 .debug_info    0x00007438      0x558 build/debug/Core/Src/pid_iq18.o
 .debug_info    0x00007990     0x1663 build/debug/Core/Src/potamon_bus_lowlvl_handle.o
 .debug_info    0x00008ff3      0x869 build/debug/Core/Src/pwm.o
 .debug_info    0x0000985c     0x11a4 build/debug/Core/Src/servo_init.o
 .debug_info    0x0000aa00     0x135d build/debug/Core/Src/servo_iq18.o
 .debug_info    0x0000bd5d      0xab1 build/debug/Core/Src/spi.o
 .debug_info    0x0000c80e      0x1fb build/debug/Core/Src/stm32f1xx_hal_msp.o
 .debug_info    0x0000ca09      0xd1a build/debug/Core/Src/stm32f1xx_it.o
 .debug_info    0x0000d723      0x22d build/debug/Core/Src/system_stm32f1xx.o
 .debug_info    0x0000d950     0x12fb build/debug/Core/Src/tim.o
 .debug_info    0x0000ec4b      0xb27 build/debug/Core/Src/usart.o
 .debug_info    0x0000f772      0x7a2 build/debug/Drivers/STM32F1xx_HAL_Driver/Src/stm32f1xx_hal.o
 .debug_info    0x0000ff14      0xed9 build/debug/Drivers/STM32F1xx_HAL_Driver/Src/stm32f1xx_hal_adc.o
 .debug_info    0x00010ded      0xc3a build/debug/Drivers/STM32F1xx_HAL_Driver/Src/stm32f1xx_hal_adc_ex.o
 .debug_info    0x00011a27      0xcd9 build/debug/Drivers/STM32F1xx_HAL_Driver/Src/stm32f1xx_hal_cortex.o
 .debug_info    0x00012700      0x7f2 build/debug/Drivers/STM32F1xx_HAL_Driver/Src/stm32f1xx_hal_dma.o
 .debug_info    0x00012ef2      0x604 build/debug/Drivers/STM32F1xx_HAL_Driver/Src/stm32f1xx_hal_gpio.o
 .debug_info    0x000134f6      0x9c7 build/debug/Drivers/STM32F1xx_HAL_Driver/Src/stm32f1xx_hal_rcc.o
 .debug_info    0x00013ebd      0x420 build/debug/Drivers/STM32F1xx_HAL_Driver/Src/stm32f1xx_hal_rcc_ex.o
 .debug_info    0x000142dd     0x1ba8 build/debug/Drivers/STM32F1xx_HAL_Driver/Src/stm32f1xx_hal_spi.o
 .debug_info    0x00015e85     0x3c0f build/debug/Drivers/STM32F1xx_HAL_Driver/Src/stm32f1xx_hal_tim.o
 .debug_info    0x00019a94     0x1aac build/debug/Drivers/STM32F1xx_HAL_Driver/Src/stm32f1xx_hal_tim_ex.o
 .debug_info    0x0001b540     0x3f85 build/debug/Drivers/STM32F1xx_HAL_Driver/Src/stm32f1xx_hal_uart.o
 .debug_info    0x0001f4c5       0x30 build/debug/startup_stm32f103xb.o
 .debug_info    0x0001f4f5       0x57 c:/Users/zhmis/AppData/Roaming/Code/User/globalStorage/bmd.stm32-for-vscode/@xpack-dev-tools/arm-none-eabi-gcc/13.3.1-1.1.1/.content/bin/../lib/gcc/arm-none-eabi/13.3.1/thumb/v7-m/nofp\libgcc.a(_arm_muldivsf3.o)
 .debug_info    0x0001f54c       0x3c c:/Users/zhmis/AppData/Roaming/Code/User/globalStorage/bmd.stm32-for-vscode/@xpack-dev-tools/arm-none-eabi-gcc/13.3.1-1.1.1/.content/bin/../lib/gcc/arm-none-eabi/13.3.1/thumb/v7-m/nofp\libgcc.a(_arm_fixsfsi.o)
 .debug_info    0x0001f588      0x2e6 c:/Users/zhmis/AppData/Roaming/Code/User/globalStorage/bmd.stm32-for-vscode/@xpack-dev-tools/arm-none-eabi-gcc/13.3.1-1.1.1/.content/bin/../lib/gcc/arm-none-eabi/13.3.1/thumb/v7-m/nofp\libgcc.a(_popcountsi2.o)

.debug_abbrev   0x00000000     0x4cce
 .debug_abbrev  0x00000000      0x207 build/debug/Core/Src/adc.o
 .debug_abbrev  0x00000207      0x242 build/debug/Core/Src/adc_current.o
 .debug_abbrev  0x00000449       0xbd build/debug/Core/Src/crc_8_16.o
 .debug_abbrev  0x00000506      0x119 build/debug/Core/Src/dma.o
 .debug_abbrev  0x0000061f      0x239 build/debug/Core/Src/drv8106.o
 .debug_abbrev  0x00000858      0x10d build/debug/Core/Src/ema_iq18.o
 .debug_abbrev  0x00000965      0x257 build/debug/Core/Src/encoder_iq18.o
 .debug_abbrev  0x00000bbc       0x62 build/debug/Core/Src/global_flags.o
 .debug_abbrev  0x00000c1e      0x151 build/debug/Core/Src/gpio.o
 .debug_abbrev  0x00000d6f      0x1d8 build/debug/Core/Src/ind_led.o
 .debug_abbrev  0x00000f47      0x2a3 build/debug/Core/Src/loops_handler.o
 .debug_abbrev  0x000011ea      0x344 build/debug/Core/Src/main.o
 .debug_abbrev  0x0000152e      0x256 build/debug/Core/Src/main_init.o
 .debug_abbrev  0x00001784      0x15b build/debug/Core/Src/pid_iq18.o
 .debug_abbrev  0x000018df      0x2c1 build/debug/Core/Src/potamon_bus_lowlvl_handle.o
 .debug_abbrev  0x00001ba0      0x1e2 build/debug/Core/Src/pwm.o
 .debug_abbrev  0x00001d82      0x255 build/debug/Core/Src/servo_init.o
 .debug_abbrev  0x00001fd7      0x2bd build/debug/Core/Src/servo_iq18.o
 .debug_abbrev  0x00002294      0x23a build/debug/Core/Src/spi.o
 .debug_abbrev  0x000024ce       0xed build/debug/Core/Src/stm32f1xx_hal_msp.o
 .debug_abbrev  0x000025bb      0x1e4 build/debug/Core/Src/stm32f1xx_it.o
 .debug_abbrev  0x0000279f      0x143 build/debug/Core/Src/system_stm32f1xx.o
 .debug_abbrev  0x000028e2      0x2b4 build/debug/Core/Src/tim.o
 .debug_abbrev  0x00002b96      0x25e build/debug/Core/Src/usart.o
 .debug_abbrev  0x00002df4      0x22d build/debug/Drivers/STM32F1xx_HAL_Driver/Src/stm32f1xx_hal.o
 .debug_abbrev  0x00003021      0x252 build/debug/Drivers/STM32F1xx_HAL_Driver/Src/stm32f1xx_hal_adc.o
 .debug_abbrev  0x00003273      0x287 build/debug/Drivers/STM32F1xx_HAL_Driver/Src/stm32f1xx_hal_adc_ex.o
 .debug_abbrev  0x000034fa      0x36d build/debug/Drivers/STM32F1xx_HAL_Driver/Src/stm32f1xx_hal_cortex.o
 .debug_abbrev  0x00003867      0x244 build/debug/Drivers/STM32F1xx_HAL_Driver/Src/stm32f1xx_hal_dma.o
 .debug_abbrev  0x00003aab      0x1f7 build/debug/Drivers/STM32F1xx_HAL_Driver/Src/stm32f1xx_hal_gpio.o
 .debug_abbrev  0x00003ca2      0x2a0 build/debug/Drivers/STM32F1xx_HAL_Driver/Src/stm32f1xx_hal_rcc.o
 .debug_abbrev  0x00003f42      0x1d8 build/debug/Drivers/STM32F1xx_HAL_Driver/Src/stm32f1xx_hal_rcc_ex.o
 .debug_abbrev  0x0000411a      0x272 build/debug/Drivers/STM32F1xx_HAL_Driver/Src/stm32f1xx_hal_spi.o
 .debug_abbrev  0x0000438c      0x270 build/debug/Drivers/STM32F1xx_HAL_Driver/Src/stm32f1xx_hal_tim.o
 .debug_abbrev  0x000045fc      0x26e build/debug/Drivers/STM32F1xx_HAL_Driver/Src/stm32f1xx_hal_tim_ex.o
 .debug_abbrev  0x0000486a      0x31c build/debug/Drivers/STM32F1xx_HAL_Driver/Src/stm32f1xx_hal_uart.o
 .debug_abbrev  0x00004b86       0x24 build/debug/startup_stm32f103xb.o
 .debug_abbrev  0x00004baa       0x28 c:/Users/zhmis/AppData/Roaming/Code/User/globalStorage/bmd.stm32-for-vscode/@xpack-dev-tools/arm-none-eabi-gcc/13.3.1-1.1.1/.content/bin/../lib/gcc/arm-none-eabi/13.3.1/thumb/v7-m/nofp\libgcc.a(_arm_muldivsf3.o)
 .debug_abbrev  0x00004bd2       0x28 c:/Users/zhmis/AppData/Roaming/Code/User/globalStorage/bmd.stm32-for-vscode/@xpack-dev-tools/arm-none-eabi-gcc/13.3.1-1.1.1/.content/bin/../lib/gcc/arm-none-eabi/13.3.1/thumb/v7-m/nofp\libgcc.a(_arm_fixsfsi.o)
 .debug_abbrev  0x00004bfa       0xd4 c:/Users/zhmis/AppData/Roaming/Code/User/globalStorage/bmd.stm32-for-vscode/@xpack-dev-tools/arm-none-eabi-gcc/13.3.1-1.1.1/.content/bin/../lib/gcc/arm-none-eabi/13.3.1/thumb/v7-m/nofp\libgcc.a(_popcountsi2.o)

.debug_loclists
                0x00000000     0xc59f
 .debug_loclists
                0x00000000       0x5c build/debug/Core/Src/adc.o
 .debug_loclists
                0x0000005c       0x51 build/debug/Core/Src/adc_current.o
 .debug_loclists
                0x000000ad       0xeb build/debug/Core/Src/crc_8_16.o
 .debug_loclists
                0x00000198      0x267 build/debug/Core/Src/drv8106.o
 .debug_loclists
                0x000003ff       0x90 build/debug/Core/Src/ema_iq18.o
 .debug_loclists
                0x0000048f      0x14b build/debug/Core/Src/encoder_iq18.o
 .debug_loclists
                0x000005da       0xf0 build/debug/Core/Src/ind_led.o
 .debug_loclists
                0x000006ca       0x87 build/debug/Core/Src/loops_handler.o
 .debug_loclists
                0x00000751      0x23a build/debug/Core/Src/pid_iq18.o
 .debug_loclists
                0x0000098b      0x2c4 build/debug/Core/Src/potamon_bus_lowlvl_handle.o
 .debug_loclists
                0x00000c4f       0xa5 build/debug/Core/Src/pwm.o
 .debug_loclists
                0x00000cf4      0x493 build/debug/Core/Src/servo_iq18.o
 .debug_loclists
                0x00001187       0x5c build/debug/Core/Src/spi.o
 .debug_loclists
                0x000011e3       0x17 build/debug/Core/Src/stm32f1xx_hal_msp.o
 .debug_loclists
                0x000011fa       0xb7 build/debug/Core/Src/system_stm32f1xx.o
 .debug_loclists
                0x000012b1      0x1e5 build/debug/Core/Src/tim.o
 .debug_loclists
                0x00001496       0x85 build/debug/Core/Src/usart.o
 .debug_loclists
                0x0000151b       0xe1 build/debug/Drivers/STM32F1xx_HAL_Driver/Src/stm32f1xx_hal.o
 .debug_loclists
                0x000015fc      0x7c5 build/debug/Drivers/STM32F1xx_HAL_Driver/Src/stm32f1xx_hal_adc.o
 .debug_loclists
                0x00001dc1      0x5b1 build/debug/Drivers/STM32F1xx_HAL_Driver/Src/stm32f1xx_hal_adc_ex.o
 .debug_loclists
                0x00002372      0x530 build/debug/Drivers/STM32F1xx_HAL_Driver/Src/stm32f1xx_hal_cortex.o
 .debug_loclists
                0x000028a2      0x562 build/debug/Drivers/STM32F1xx_HAL_Driver/Src/stm32f1xx_hal_dma.o
 .debug_loclists
                0x00002e04      0x318 build/debug/Drivers/STM32F1xx_HAL_Driver/Src/stm32f1xx_hal_gpio.o
 .debug_loclists
                0x0000311c      0x42e build/debug/Drivers/STM32F1xx_HAL_Driver/Src/stm32f1xx_hal_rcc.o
 .debug_loclists
                0x0000354a      0x2eb build/debug/Drivers/STM32F1xx_HAL_Driver/Src/stm32f1xx_hal_rcc_ex.o
 .debug_loclists
                0x00003835     0x14ba build/debug/Drivers/STM32F1xx_HAL_Driver/Src/stm32f1xx_hal_spi.o
 .debug_loclists
                0x00004cef     0x37db build/debug/Drivers/STM32F1xx_HAL_Driver/Src/stm32f1xx_hal_tim.o
 .debug_loclists
                0x000084ca     0x1398 build/debug/Drivers/STM32F1xx_HAL_Driver/Src/stm32f1xx_hal_tim_ex.o
 .debug_loclists
                0x00009862     0x2c86 build/debug/Drivers/STM32F1xx_HAL_Driver/Src/stm32f1xx_hal_uart.o
 .debug_loclists
                0x0000c4e8       0xb7 c:/Users/zhmis/AppData/Roaming/Code/User/globalStorage/bmd.stm32-for-vscode/@xpack-dev-tools/arm-none-eabi-gcc/13.3.1-1.1.1/.content/bin/../lib/gcc/arm-none-eabi/13.3.1/thumb/v7-m/nofp\libgcc.a(_popcountsi2.o)

.debug_aranges  0x00000000     0x1420
 .debug_aranges
                0x00000000       0x30 build/debug/Core/Src/adc.o
 .debug_aranges
                0x00000030       0x30 build/debug/Core/Src/adc_current.o
 .debug_aranges
                0x00000060       0x28 build/debug/Core/Src/crc_8_16.o
 .debug_aranges
                0x00000088       0x20 build/debug/Core/Src/dma.o
 .debug_aranges
                0x000000a8       0x88 build/debug/Core/Src/drv8106.o
 .debug_aranges
                0x00000130       0x28 build/debug/Core/Src/ema_iq18.o
 .debug_aranges
                0x00000158       0x48 build/debug/Core/Src/encoder_iq18.o
 .debug_aranges
                0x000001a0       0x18 build/debug/Core/Src/global_flags.o
 .debug_aranges
                0x000001b8       0x20 build/debug/Core/Src/gpio.o
 .debug_aranges
                0x000001d8       0x30 build/debug/Core/Src/ind_led.o
 .debug_aranges
                0x00000208       0x20 build/debug/Core/Src/loops_handler.o
 .debug_aranges
                0x00000228       0x30 build/debug/Core/Src/main.o
 .debug_aranges
                0x00000258       0x20 build/debug/Core/Src/main_init.o
 .debug_aranges
                0x00000278       0x68 build/debug/Core/Src/pid_iq18.o
 .debug_aranges
                0x000002e0       0x50 build/debug/Core/Src/potamon_bus_lowlvl_handle.o
 .debug_aranges
                0x00000330       0x30 build/debug/Core/Src/pwm.o
 .debug_aranges
                0x00000360       0x28 build/debug/Core/Src/servo_init.o
 .debug_aranges
                0x00000388       0xa0 build/debug/Core/Src/servo_iq18.o
 .debug_aranges
                0x00000428       0x30 build/debug/Core/Src/spi.o
 .debug_aranges
                0x00000458       0x20 build/debug/Core/Src/stm32f1xx_hal_msp.o
 .debug_aranges
                0x00000478       0xa0 build/debug/Core/Src/stm32f1xx_it.o
 .debug_aranges
                0x00000518       0x28 build/debug/Core/Src/system_stm32f1xx.o
 .debug_aranges
                0x00000540       0x70 build/debug/Core/Src/tim.o
 .debug_aranges
                0x000005b0       0x30 build/debug/Core/Src/usart.o
 .debug_aranges
                0x000005e0       0xe0 build/debug/Drivers/STM32F1xx_HAL_Driver/Src/stm32f1xx_hal.o
 .debug_aranges
                0x000006c0       0xf0 build/debug/Drivers/STM32F1xx_HAL_Driver/Src/stm32f1xx_hal_adc.o
 .debug_aranges
                0x000007b0       0x80 build/debug/Drivers/STM32F1xx_HAL_Driver/Src/stm32f1xx_hal_adc_ex.o
 .debug_aranges
                0x00000830       0xc0 build/debug/Drivers/STM32F1xx_HAL_Driver/Src/stm32f1xx_hal_cortex.o
 .debug_aranges
                0x000008f0       0x80 build/debug/Drivers/STM32F1xx_HAL_Driver/Src/stm32f1xx_hal_dma.o
 .debug_aranges
                0x00000970       0x58 build/debug/Drivers/STM32F1xx_HAL_Driver/Src/stm32f1xx_hal_gpio.o
 .debug_aranges
                0x000009c8       0x90 build/debug/Drivers/STM32F1xx_HAL_Driver/Src/stm32f1xx_hal_rcc.o
 .debug_aranges
                0x00000a58       0x30 build/debug/Drivers/STM32F1xx_HAL_Driver/Src/stm32f1xx_hal_rcc_ex.o
 .debug_aranges
                0x00000a88      0x1d0 build/debug/Drivers/STM32F1xx_HAL_Driver/Src/stm32f1xx_hal_spi.o
 .debug_aranges
                0x00000c58      0x3d0 build/debug/Drivers/STM32F1xx_HAL_Driver/Src/stm32f1xx_hal_tim.o
 .debug_aranges
                0x00001028      0x168 build/debug/Drivers/STM32F1xx_HAL_Driver/Src/stm32f1xx_hal_tim_ex.o
 .debug_aranges
                0x00001190      0x208 build/debug/Drivers/STM32F1xx_HAL_Driver/Src/stm32f1xx_hal_uart.o
 .debug_aranges
                0x00001398       0x28 build/debug/startup_stm32f103xb.o
 .debug_aranges
                0x000013c0       0x20 c:/Users/zhmis/AppData/Roaming/Code/User/globalStorage/bmd.stm32-for-vscode/@xpack-dev-tools/arm-none-eabi-gcc/13.3.1-1.1.1/.content/bin/../lib/gcc/arm-none-eabi/13.3.1/thumb/v7-m/nofp\libgcc.a(_arm_muldivsf3.o)
 .debug_aranges
                0x000013e0       0x20 c:/Users/zhmis/AppData/Roaming/Code/User/globalStorage/bmd.stm32-for-vscode/@xpack-dev-tools/arm-none-eabi-gcc/13.3.1-1.1.1/.content/bin/../lib/gcc/arm-none-eabi/13.3.1/thumb/v7-m/nofp\libgcc.a(_arm_fixsfsi.o)
 .debug_aranges
                0x00001400       0x20 c:/Users/zhmis/AppData/Roaming/Code/User/globalStorage/bmd.stm32-for-vscode/@xpack-dev-tools/arm-none-eabi-gcc/13.3.1-1.1.1/.content/bin/../lib/gcc/arm-none-eabi/13.3.1/thumb/v7-m/nofp\libgcc.a(_popcountsi2.o)

.debug_rnglists
                0x00000000      0xf13
 .debug_rnglists
                0x00000000       0x20 build/debug/Core/Src/adc.o
 .debug_rnglists
                0x00000020       0x20 build/debug/Core/Src/adc_current.o
 .debug_rnglists
                0x00000040       0x49 build/debug/Core/Src/crc_8_16.o
 .debug_rnglists
                0x00000089       0x13 build/debug/Core/Src/dma.o
 .debug_rnglists
                0x0000009c       0x62 build/debug/Core/Src/drv8106.o
 .debug_rnglists
                0x000000fe       0x19 build/debug/Core/Src/ema_iq18.o
 .debug_rnglists
                0x00000117       0x31 build/debug/Core/Src/encoder_iq18.o
 .debug_rnglists
                0x00000148       0x14 build/debug/Core/Src/gpio.o
 .debug_rnglists
                0x0000015c       0x1f build/debug/Core/Src/ind_led.o
 .debug_rnglists
                0x0000017b       0x14 build/debug/Core/Src/loops_handler.o
 .debug_rnglists
                0x0000018f       0x21 build/debug/Core/Src/main.o
 .debug_rnglists
                0x000001b0       0x14 build/debug/Core/Src/main_init.o
 .debug_rnglists
                0x000001c4       0x4a build/debug/Core/Src/pid_iq18.o
 .debug_rnglists
                0x0000020e       0x39 build/debug/Core/Src/potamon_bus_lowlvl_handle.o
 .debug_rnglists
                0x00000247       0x20 build/debug/Core/Src/pwm.o
 .debug_rnglists
                0x00000267       0x1a build/debug/Core/Src/servo_init.o
 .debug_rnglists
                0x00000281       0x81 build/debug/Core/Src/servo_iq18.o
 .debug_rnglists
                0x00000302       0x20 build/debug/Core/Src/spi.o
 .debug_rnglists
                0x00000322       0x13 build/debug/Core/Src/stm32f1xx_hal_msp.o
 .debug_rnglists
                0x00000335       0x73 build/debug/Core/Src/stm32f1xx_it.o
 .debug_rnglists
                0x000003a8       0x1a build/debug/Core/Src/system_stm32f1xx.o
 .debug_rnglists
                0x000003c2       0x52 build/debug/Core/Src/tim.o
 .debug_rnglists
                0x00000414       0x20 build/debug/Core/Src/usart.o
 .debug_rnglists
                0x00000434       0xa3 build/debug/Drivers/STM32F1xx_HAL_Driver/Src/stm32f1xx_hal.o
 .debug_rnglists
                0x000004d7       0xb8 build/debug/Drivers/STM32F1xx_HAL_Driver/Src/stm32f1xx_hal_adc.o
 .debug_rnglists
                0x0000058f       0x62 build/debug/Drivers/STM32F1xx_HAL_Driver/Src/stm32f1xx_hal_adc_ex.o
 .debug_rnglists
                0x000005f1       0x8b build/debug/Drivers/STM32F1xx_HAL_Driver/Src/stm32f1xx_hal_cortex.o
 .debug_rnglists
                0x0000067c       0x5e build/debug/Drivers/STM32F1xx_HAL_Driver/Src/stm32f1xx_hal_dma.o
 .debug_rnglists
                0x000006da       0x3f build/debug/Drivers/STM32F1xx_HAL_Driver/Src/stm32f1xx_hal_gpio.o
 .debug_rnglists
                0x00000719       0x7d build/debug/Drivers/STM32F1xx_HAL_Driver/Src/stm32f1xx_hal_rcc.o
 .debug_rnglists
                0x00000796       0x2f build/debug/Drivers/STM32F1xx_HAL_Driver/Src/stm32f1xx_hal_rcc_ex.o
 .debug_rnglists
                0x000007c5      0x168 build/debug/Drivers/STM32F1xx_HAL_Driver/Src/stm32f1xx_hal_spi.o
 .debug_rnglists
                0x0000092d      0x2ff build/debug/Drivers/STM32F1xx_HAL_Driver/Src/stm32f1xx_hal_tim.o
 .debug_rnglists
                0x00000c2c      0x11a build/debug/Drivers/STM32F1xx_HAL_Driver/Src/stm32f1xx_hal_tim_ex.o
 .debug_rnglists
                0x00000d46      0x1a1 build/debug/Drivers/STM32F1xx_HAL_Driver/Src/stm32f1xx_hal_uart.o
 .debug_rnglists
                0x00000ee7       0x19 build/debug/startup_stm32f103xb.o
 .debug_rnglists
                0x00000f00       0x13 c:/Users/zhmis/AppData/Roaming/Code/User/globalStorage/bmd.stm32-for-vscode/@xpack-dev-tools/arm-none-eabi-gcc/13.3.1-1.1.1/.content/bin/../lib/gcc/arm-none-eabi/13.3.1/thumb/v7-m/nofp\libgcc.a(_popcountsi2.o)

.debug_line     0x00000000    0x169a9
 .debug_line    0x00000000      0x40e build/debug/Core/Src/adc.o
 .debug_line    0x0000040e      0x321 build/debug/Core/Src/adc_current.o
 .debug_line    0x0000072f      0x362 build/debug/Core/Src/crc_8_16.o
 .debug_line    0x00000a91      0x22f build/debug/Core/Src/dma.o
 .debug_line    0x00000cc0      0x5be build/debug/Core/Src/drv8106.o
 .debug_line    0x0000127e       0xba build/debug/Core/Src/ema_iq18.o
 .debug_line    0x00001338      0x435 build/debug/Core/Src/encoder_iq18.o
 .debug_line    0x0000176d      0x1b6 build/debug/Core/Src/global_flags.o
 .debug_line    0x00001923      0x352 build/debug/Core/Src/gpio.o
 .debug_line    0x00001c75      0x38b build/debug/Core/Src/ind_led.o
 .debug_line    0x00002000      0x55a build/debug/Core/Src/loops_handler.o
 .debug_line    0x0000255a      0x4ec build/debug/Core/Src/main.o
 .debug_line    0x00002a46      0x3af build/debug/Core/Src/main_init.o
 .debug_line    0x00002df5      0x2a1 build/debug/Core/Src/pid_iq18.o
 .debug_line    0x00003096      0x768 build/debug/Core/Src/potamon_bus_lowlvl_handle.o
 .debug_line    0x000037fe      0x380 build/debug/Core/Src/pwm.o
 .debug_line    0x00003b7e      0x34c build/debug/Core/Src/servo_init.o
 .debug_line    0x00003eca      0x7b5 build/debug/Core/Src/servo_iq18.o
 .debug_line    0x0000467f      0x467 build/debug/Core/Src/spi.o
 .debug_line    0x00004ae6      0x204 build/debug/Core/Src/stm32f1xx_hal_msp.o
 .debug_line    0x00004cea      0x434 build/debug/Core/Src/stm32f1xx_it.o
 .debug_line    0x0000511e      0x2cd build/debug/Core/Src/system_stm32f1xx.o
 .debug_line    0x000053eb      0x7d8 build/debug/Core/Src/tim.o
 .debug_line    0x00005bc3      0x455 build/debug/Core/Src/usart.o
 .debug_line    0x00006018      0x5b6 build/debug/Drivers/STM32F1xx_HAL_Driver/Src/stm32f1xx_hal.o
 .debug_line    0x000065ce      0xf0c build/debug/Drivers/STM32F1xx_HAL_Driver/Src/stm32f1xx_hal_adc.o
 .debug_line    0x000074da      0xbd8 build/debug/Drivers/STM32F1xx_HAL_Driver/Src/stm32f1xx_hal_adc_ex.o
 .debug_line    0x000080b2      0x72f build/debug/Drivers/STM32F1xx_HAL_Driver/Src/stm32f1xx_hal_cortex.o
 .debug_line    0x000087e1      0xb77 build/debug/Drivers/STM32F1xx_HAL_Driver/Src/stm32f1xx_hal_dma.o
 .debug_line    0x00009358      0x658 build/debug/Drivers/STM32F1xx_HAL_Driver/Src/stm32f1xx_hal_gpio.o
 .debug_line    0x000099b0      0xd32 build/debug/Drivers/STM32F1xx_HAL_Driver/Src/stm32f1xx_hal_rcc.o
 .debug_line    0x0000a6e2      0x532 build/debug/Drivers/STM32F1xx_HAL_Driver/Src/stm32f1xx_hal_rcc_ex.o
 .debug_line    0x0000ac14     0x2483 build/debug/Drivers/STM32F1xx_HAL_Driver/Src/stm32f1xx_hal_spi.o
 .debug_line    0x0000d097     0x4677 build/debug/Drivers/STM32F1xx_HAL_Driver/Src/stm32f1xx_hal_tim.o
 .debug_line    0x0001170e     0x1a74 build/debug/Drivers/STM32F1xx_HAL_Driver/Src/stm32f1xx_hal_tim_ex.o
 .debug_line    0x00013182     0x3527 build/debug/Drivers/STM32F1xx_HAL_Driver/Src/stm32f1xx_hal_uart.o
 .debug_line    0x000166a9       0x74 build/debug/startup_stm32f103xb.o
 .debug_line    0x0001671d      0x123 c:/Users/zhmis/AppData/Roaming/Code/User/globalStorage/bmd.stm32-for-vscode/@xpack-dev-tools/arm-none-eabi-gcc/13.3.1-1.1.1/.content/bin/../lib/gcc/arm-none-eabi/13.3.1/thumb/v7-m/nofp\libgcc.a(_arm_muldivsf3.o)
 .debug_line    0x00016840       0x62 c:/Users/zhmis/AppData/Roaming/Code/User/globalStorage/bmd.stm32-for-vscode/@xpack-dev-tools/arm-none-eabi-gcc/13.3.1-1.1.1/.content/bin/../lib/gcc/arm-none-eabi/13.3.1/thumb/v7-m/nofp\libgcc.a(_arm_fixsfsi.o)
 .debug_line    0x000168a2      0x107 c:/Users/zhmis/AppData/Roaming/Code/User/globalStorage/bmd.stm32-for-vscode/@xpack-dev-tools/arm-none-eabi-gcc/13.3.1-1.1.1/.content/bin/../lib/gcc/arm-none-eabi/13.3.1/thumb/v7-m/nofp\libgcc.a(_popcountsi2.o)

.debug_str      0x00000000     0x5d44
 .debug_str     0x00000000     0x5d44 build/debug/Core/Src/adc.o
                                0x631 (size before relaxing)
 .debug_str     0x00005d44      0x604 build/debug/Core/Src/adc_current.o
 .debug_str     0x00005d44      0x1a7 build/debug/Core/Src/crc_8_16.o
 .debug_str     0x00005d44      0x4c4 build/debug/Core/Src/dma.o
 .debug_str     0x00005d44      0x950 build/debug/Core/Src/drv8106.o
 .debug_str     0x00005d44      0x1dd build/debug/Core/Src/ema_iq18.o
 .debug_str     0x00005d44      0x850 build/debug/Core/Src/encoder_iq18.o
 .debug_str     0x00005d44      0x1d6 build/debug/Core/Src/global_flags.o
 .debug_str     0x00005d44      0x265 build/debug/Core/Src/gpio.o
 .debug_str     0x00005d44      0x2f0 build/debug/Core/Src/ind_led.o
 .debug_str     0x00005d44      0xced build/debug/Core/Src/loops_handler.o
 .debug_str     0x00005d44     0x1101 build/debug/Core/Src/main.o
 .debug_str     0x00005d44      0xd2d build/debug/Core/Src/main_init.o
 .debug_str     0x00005d44      0x2fc build/debug/Core/Src/pid_iq18.o
 .debug_str     0x00005d44      0xebc build/debug/Core/Src/potamon_bus_lowlvl_handle.o
 .debug_str     0x00005d44      0x744 build/debug/Core/Src/pwm.o
 .debug_str     0x00005d44      0xc1a build/debug/Core/Src/servo_init.o
 .debug_str     0x00005d44      0xbdd build/debug/Core/Src/servo_iq18.o
 .debug_str     0x00005d44      0x9c8 build/debug/Core/Src/spi.o
 .debug_str     0x00005d44      0x1f9 build/debug/Core/Src/stm32f1xx_hal_msp.o
 .debug_str     0x00005d44      0xbbc build/debug/Core/Src/stm32f1xx_it.o
 .debug_str     0x00005d44      0x229 build/debug/Core/Src/system_stm32f1xx.o
 .debug_str     0x00005d44      0xdaf build/debug/Core/Src/tim.o
 .debug_str     0x00005d44      0xa2f build/debug/Core/Src/usart.o
 .debug_str     0x00005d44      0x803 build/debug/Drivers/STM32F1xx_HAL_Driver/Src/stm32f1xx_hal.o
 .debug_str     0x00005d44      0x8af build/debug/Drivers/STM32F1xx_HAL_Driver/Src/stm32f1xx_hal_adc.o
 .debug_str     0x00005d44      0x892 build/debug/Drivers/STM32F1xx_HAL_Driver/Src/stm32f1xx_hal_adc_ex.o
 .debug_str     0x00005d44      0x8a8 build/debug/Drivers/STM32F1xx_HAL_Driver/Src/stm32f1xx_hal_cortex.o
 .debug_str     0x00005d44      0x5d2 build/debug/Drivers/STM32F1xx_HAL_Driver/Src/stm32f1xx_hal_dma.o
 .debug_str     0x00005d44      0x3d5 build/debug/Drivers/STM32F1xx_HAL_Driver/Src/stm32f1xx_hal_gpio.o
 .debug_str     0x00005d44      0x600 build/debug/Drivers/STM32F1xx_HAL_Driver/Src/stm32f1xx_hal_rcc.o
 .debug_str     0x00005d44      0x3a8 build/debug/Drivers/STM32F1xx_HAL_Driver/Src/stm32f1xx_hal_rcc_ex.o
 .debug_str     0x00005d44      0xb36 build/debug/Drivers/STM32F1xx_HAL_Driver/Src/stm32f1xx_hal_spi.o
 .debug_str     0x00005d44     0x165a build/debug/Drivers/STM32F1xx_HAL_Driver/Src/stm32f1xx_hal_tim.o