Archive member included to satisfy reference by file (symbol)

.\libIQmathLib-cm3.a(IQNdiv.o)
                              build/debug/Core/Src/encoder_iq18.o (_IQ18div)
.\libIQmathLib-cm3.a(IQNmpy.o)
                              build/debug/Core/Src/adc_current.o (_IQ18mpy)
c:/Users/zhmis/AppData/Roaming/Code/User/globalStorage/bmd.stm32-for-vscode/@xpack-dev-tools/arm-none-eabi-gcc/13.3.1-1.1.1/.content/bin/../lib/gcc/arm-none-eabi/13.3.1/../../../../arm-none-eabi/lib/thumb/v7-m/nofp\libc_nano.a(libc_a-atexit.o)
                              c:/Users/zhmis/AppData/Roaming/Code/User/globalStorage/bmd.stm32-for-vscode/@xpack-dev-tools/arm-none-eabi-gcc/13.3.1-1.1.1/.content/bin/../lib/gcc/arm-none-eabi/13.3.1/../../../../arm-none-eabi/lib/thumb/v7-m/nofp/crt0.o (atexit)
c:/Users/zhmis/AppData/Roaming/Code/User/globalStorage/bmd.stm32-for-vscode/@xpack-dev-tools/arm-none-eabi-gcc/13.3.1-1.1.1/.content/bin/../lib/gcc/arm-none-eabi/13.3.1/../../../../arm-none-eabi/lib/thumb/v7-m/nofp\libc_nano.a(libc_a-exit.o)
                              c:/Users/zhmis/AppData/Roaming/Code/User/globalStorage/bmd.stm32-for-vscode/@xpack-dev-tools/arm-none-eabi-gcc/13.3.1-1.1.1/.content/bin/../lib/gcc/arm-none-eabi/13.3.1/../../../../arm-none-eabi/lib/thumb/v7-m/nofp/crt0.o (exit)
c:/Users/zhmis/AppData/Roaming/Code/User/globalStorage/bmd.stm32-for-vscode/@xpack-dev-tools/arm-none-eabi-gcc/13.3.1-1.1.1/.content/bin/../lib/gcc/arm-none-eabi/13.3.1/../../../../arm-none-eabi/lib/thumb/v7-m/nofp\libc_nano.a(libc_a-findfp.o)
                              c:/Users/zhmis/AppData/Roaming/Code/User/globalStorage/bmd.stm32-for-vscode/@xpack-dev-tools/arm-none-eabi-gcc/13.3.1-1.1.1/.content/bin/../lib/gcc/arm-none-eabi/13.3.1/../../../../arm-none-eabi/lib/thumb/v7-m/nofp\libc_nano.a(libc_a-exit.o) (__stdio_exit_handler)
c:/Users/zhmis/AppData/Roaming/Code/User/globalStorage/bmd.stm32-for-vscode/@xpack-dev-tools/arm-none-eabi-gcc/13.3.1-1.1.1/.content/bin/../lib/gcc/arm-none-eabi/13.3.1/../../../../arm-none-eabi/lib/thumb/v7-m/nofp\libc_nano.a(libc_a-fwalk.o)
                              c:/Users/zhmis/AppData/Roaming/Code/User/globalStorage/bmd.stm32-for-vscode/@xpack-dev-tools/arm-none-eabi-gcc/13.3.1-1.1.1/.content/bin/../lib/gcc/arm-none-eabi/13.3.1/../../../../arm-none-eabi/lib/thumb/v7-m/nofp\libc_nano.a(libc_a-findfp.o) (_fwalk_sglue)
c:/Users/zhmis/AppData/Roaming/Code/User/globalStorage/bmd.stm32-for-vscode/@xpack-dev-tools/arm-none-eabi-gcc/13.3.1-1.1.1/.content/bin/../lib/gcc/arm-none-eabi/13.3.1/../../../../arm-none-eabi/lib/thumb/v7-m/nofp\libc_nano.a(libc_a-stdio.o)
                              c:/Users/zhmis/AppData/Roaming/Code/User/globalStorage/bmd.stm32-for-vscode/@xpack-dev-tools/arm-none-eabi-gcc/13.3.1-1.1.1/.content/bin/../lib/gcc/arm-none-eabi/13.3.1/../../../../arm-none-eabi/lib/thumb/v7-m/nofp\libc_nano.a(libc_a-findfp.o) (__sread)
c:/Users/zhmis/AppData/Roaming/Code/User/globalStorage/bmd.stm32-for-vscode/@xpack-dev-tools/arm-none-eabi-gcc/13.3.1-1.1.1/.content/bin/../lib/gcc/arm-none-eabi/13.3.1/../../../../arm-none-eabi/lib/thumb/v7-m/nofp\libc_nano.a(libc_a-memset.o)
                              c:/Users/zhmis/AppData/Roaming/Code/User/globalStorage/bmd.stm32-for-vscode/@xpack-dev-tools/arm-none-eabi-gcc/13.3.1-1.1.1/.content/bin/../lib/gcc/arm-none-eabi/13.3.1/../../../../arm-none-eabi/lib/thumb/v7-m/nofp/crt0.o (memset)
c:/Users/zhmis/AppData/Roaming/Code/User/globalStorage/bmd.stm32-for-vscode/@xpack-dev-tools/arm-none-eabi-gcc/13.3.1-1.1.1/.content/bin/../lib/gcc/arm-none-eabi/13.3.1/../../../../arm-none-eabi/lib/thumb/v7-m/nofp\libc_nano.a(libc_a-closer.o)
                              c:/Users/zhmis/AppData/Roaming/Code/User/globalStorage/bmd.stm32-for-vscode/@xpack-dev-tools/arm-none-eabi-gcc/13.3.1-1.1.1/.content/bin/../lib/gcc/arm-none-eabi/13.3.1/../../../../arm-none-eabi/lib/thumb/v7-m/nofp\libc_nano.a(libc_a-stdio.o) (_close_r)
c:/Users/zhmis/AppData/Roaming/Code/User/globalStorage/bmd.stm32-for-vscode/@xpack-dev-tools/arm-none-eabi-gcc/13.3.1-1.1.1/.content/bin/../lib/gcc/arm-none-eabi/13.3.1/../../../../arm-none-eabi/lib/thumb/v7-m/nofp\libc_nano.a(libc_a-reent.o)
                              c:/Users/zhmis/AppData/Roaming/Code/User/globalStorage/bmd.stm32-for-vscode/@xpack-dev-tools/arm-none-eabi-gcc/13.3.1-1.1.1/.content/bin/../lib/gcc/arm-none-eabi/13.3.1/../../../../arm-none-eabi/lib/thumb/v7-m/nofp\libc_nano.a(libc_a-closer.o) (errno)
c:/Users/zhmis/AppData/Roaming/Code/User/globalStorage/bmd.stm32-for-vscode/@xpack-dev-tools/arm-none-eabi-gcc/13.3.1-1.1.1/.content/bin/../lib/gcc/arm-none-eabi/13.3.1/../../../../arm-none-eabi/lib/thumb/v7-m/nofp\libc_nano.a(libc_a-impure.o)
                              c:/Users/zhmis/AppData/Roaming/Code/User/globalStorage/bmd.stm32-for-vscode/@xpack-dev-tools/arm-none-eabi-gcc/13.3.1-1.1.1/.content/bin/../lib/gcc/arm-none-eabi/13.3.1/../../../../arm-none-eabi/lib/thumb/v7-m/nofp\libc_nano.a(libc_a-reent.o) (_impure_ptr)
[...]
Memory Configuration

Name             Origin             Length             Attributes
RAM              0x20000000         0x00005000         xrw
FLASH            0x08000000         0x00020000         xr
*default*        0x00000000         0xffffffff

Linker script and memory map

LOAD c:/Users/zhmis/AppData/Roaming/Code/User/globalStorage/bmd.stm32-for-vscode/@xpack-dev-tools/arm-none-eabi-gcc/13.3.1-1.1.1/.content/bin/../lib/gcc/arm-none-eabi/13.3.1/thumb/v7-m/nofp/crti.o
LOAD c:/Users/zhmis/AppData/Roaming/Code/User/globalStorage/bmd.stm32-for-vscode/@xpack-dev-tools/arm-none-eabi-gcc/13.3.1-1.1.1/.content/bin/../lib/gcc/arm-none-eabi/13.3.1/thumb/v7-m/nofp/crtbegin.o
LOAD c:/Users/zhmis/AppData/Roaming/Code/User/globalStorage/bmd.stm32-for-vscode/@xpack-dev-tools/arm-none-eabi-gcc/13.3.1-1.1.1/.content/bin/../lib/gcc/arm-none-eabi/13.3.1/../../../../arm-none-eabi/lib/thumb/v7-m/nofp/crt0.o
LOAD build/debug/Core/Src/adc.o
LOAD build/debug/Core/Src/adc_current.o
LOAD build/debug/Core/Src/dma.o
LOAD build/debug/Core/Src/drv8106.o
LOAD build/debug/Core/Src/ema_iq18.o
LOAD build/debug/Core/Src/encoder_iq18.o
LOAD build/debug/Core/Src/global_flags.o
LOAD build/debug/Core/Src/gpio.o
LOAD build/debug/Core/Src/loops_handler.o
LOAD build/debug/Core/Src/main.o
LOAD build/debug/Core/Src/main_init.o
LOAD build/debug/Core/Src/pid_iq18.o
LOAD build/debug/Core/Src/pins_init.o
LOAD build/debug/Core/Src/pwm.o
LOAD build/debug/Core/Src/servo_init.o
LOAD build/debug/Core/Src/servo_iq18.o
LOAD build/debug/Core/Src/spi.o
LOAD build/debug/Core/Src/stm32f1xx_hal_msp.o
LOAD build/debug/Core/Src/stm32f1xx_it.o
LOAD build/debug/Core/Src/syscalls.o
LOAD build/debug/Core/Src/sysmem.o
LOAD build/debug/Core/Src/system_stm32f1xx.o
LOAD build/debug/Core/Src/tim.o
LOAD build/debug/Core/Src/usart.o
LOAD build/debug/Drivers/STM32F1xx_HAL_Driver/Src/stm32f1xx_hal.o
LOAD build/debug/Drivers/STM32F1xx_HAL_Driver/Src/stm32f1xx_hal_adc.o
LOAD build/debug/Drivers/STM32F1xx_HAL_Driver/Src/stm32f1xx_hal_adc_ex.o
LOAD build/debug/Drivers/STM32F1xx_HAL_Driver/Src/stm32f1xx_hal_cortex.o
LOAD build/debug/Drivers/STM32F1xx_HAL_Driver/Src/stm32f1xx_hal_dma.o
LOAD build/debug/Drivers/STM32F1xx_HAL_Driver/Src/stm32f1xx_hal_exti.o
LOAD build/debug/Drivers/STM32F1xx_HAL_Driver/Src/stm32f1xx_hal_flash.o
LOAD build/debug/Drivers/STM32F1xx_HAL_Driver/Src/stm32f1xx_hal_flash_ex.o
LOAD build/debug/Drivers/STM32F1xx_HAL_Driver/Src/stm32f1xx_hal_gpio.o
LOAD build/debug/Drivers/STM32F1xx_HAL_Driver/Src/stm32f1xx_hal_gpio_ex.o
LOAD build/debug/Drivers/STM32F1xx_HAL_Driver/Src/stm32f1xx_hal_pwr.o
LOAD build/debug/Drivers/STM32F1xx_HAL_Driver/Src/stm32f1xx_hal_rcc.o
LOAD build/debug/Drivers/STM32F1xx_HAL_Driver/Src/stm32f1xx_hal_rcc_ex.o
LOAD build/debug/Drivers/STM32F1xx_HAL_Driver/Src/stm32f1xx_hal_spi.o
LOAD build/debug/Drivers/STM32F1xx_HAL_Driver/Src/stm32f1xx_hal_tim.o
LOAD build/debug/Drivers/STM32F1xx_HAL_Driver/Src/stm32f1xx_hal_tim_ex.o
LOAD build/debug/Drivers/STM32F1xx_HAL_Driver/Src/stm32f1xx_hal_uart.o
LOAD build/debug/startup_stm32f103xb.o
LOAD .\libIQmathLib-cm3.a
LOAD c:/Users/zhmis/AppData/Roaming/Code/User/globalStorage/bmd.stm32-for-vscode/@xpack-dev-tools/arm-none-eabi-gcc/13.3.1-1.1.1/.content/bin/../lib/gcc/arm-none-eabi/13.3.1/../../../../arm-none-eabi/lib/thumb/v7-m/nofp\libc_nano.a
LOAD c:/Users/zhmis/AppData/Roaming/Code/User/globalStorage/bmd.stm32-for-vscode/@xpack-dev-tools/arm-none-eabi-gcc/13.3.1-1.1.1/.content/bin/../lib/gcc/arm-none-eabi/13.3.1/../../../../arm-none-eabi/lib/thumb/v7-m/nofp\libm.a
LOAD c:/Users/zhmis/AppData/Roaming/Code/User/globalStorage/bmd.stm32-for-vscode/@xpack-dev-tools/arm-none-eabi-gcc/13.3.1-1.1.1/.content/bin/../lib/gcc/arm-none-eabi/13.3.1/../../../../arm-none-eabi/lib/thumb/v7-m/nofp\libnosys.a
START GROUP
LOAD c:/Users/zhmis/AppData/Roaming/Code/User/globalStorage/bmd.stm32-for-vscode/@xpack-dev-tools/arm-none-eabi-gcc/13.3.1-1.1.1/.content/bin/../lib/gcc/arm-none-eabi/13.3.1/thumb/v7-m/nofp\libgcc.a
LOAD c:/Users/zhmis/AppData/Roaming/Code/User/globalStorage/bmd.stm32-for-vscode/@xpack-dev-tools/arm-none-eabi-gcc/13.3.1-1.1.1/.content/bin/../lib/gcc/arm-none-eabi/13.3.1/../../../../arm-none-eabi/lib/thumb/v7-m/nofp\libc_nano.a
END GROUP
START GROUP
LOAD c:/Users/zhmis/AppData/Roaming/Code/User/globalStorage/bmd.stm32-for-vscode/@xpack-dev-tools/arm-none-eabi-gcc/13.3.1-1.1.1/.content/bin/../lib/gcc/arm-none-eabi/13.3.1/thumb/v7-m/nofp\libgcc.a
LOAD c:/Users/zhmis/AppData/Roaming/Code/User/globalStorage/bmd.stm32-for-vscode/@xpack-dev-tools/arm-none-eabi-gcc/13.3.1-1.1.1/.content/bin/../lib/gcc/arm-none-eabi/13.3.1/../../../../arm-none-eabi/lib/thumb/v7-m/nofp\libc_nano.a
END GROUP
LOAD c:/Users/zhmis/AppData/Roaming/Code/User/globalStorage/bmd.stm32-for-vscode/@xpack-dev-tools/arm-none-eabi-gcc/13.3.1-1.1.1/.content/bin/../lib/gcc/arm-none-eabi/13.3.1/thumb/v7-m/nofp/crtend.o
LOAD c:/Users/zhmis/AppData/Roaming/Code/User/globalStorage/bmd.stm32-for-vscode/@xpack-dev-tools/arm-none-eabi-gcc/13.3.1-1.1.1/.content/bin/../lib/gcc/arm-none-eabi/13.3.1/thumb/v7-m/nofp/crtn.o
                0x20005000                        _estack = (ORIGIN (RAM) + LENGTH (RAM))
                0x00000200                        _Min_Heap_Size = 0x200
                0x00000400                        _Min_Stack_Size = 0x400

.isr_vector     0x08000000      0x10c
                0x08000000                        . = ALIGN (0x4)
 *(.isr_vector)
 .isr_vector    0x08000000      0x10c build/debug/startup_stm32f103xb.o
                0x08000000                g_pfnVectors
                0x0800010c                        . = ALIGN (0x4)

.text           0x0800010c     0x47cc
                0x0800010c                        . = ALIGN (0x4)
 *(.text)
 .text          0x0800010c      0x21c c:/Users/zhmis/AppData/Roaming/Code/User/globalStorage/bmd.stm32-for-vscode/@xpack-dev-tools/arm-none-eabi-gcc/13.3.1-1.1.1/.content/bin/../lib/gcc/arm-none-eabi/13.3.1/thumb/v7-m/nofp\libgcc.a(_arm_addsubsf3.o)
                0x0800010c                __aeabi_frsub
                0x08000114                __subsf3
                0x08000114                __aeabi_fsub
                0x08000118                __aeabi_fadd
                0x08000118                __addsf3
                0x08000278                __aeabi_ui2f
                0x08000278                __floatunsisf
                0x08000280                __aeabi_i2f
                0x08000280                __floatsisf
                0x0800029c                __aeabi_ul2f
                0x0800029c                __floatundisf
                0x080002ac                __aeabi_l2f
                0x080002ac                __floatdisf
 .text          0x08000328      0x2a0 c:/Users/zhmis/AppData/Roaming/Code/User/globalStorage/bmd.stm32-for-vscode/@xpack-dev-tools/arm-none-eabi-gcc/13.3.1-1.1.1/.content/bin/../lib/gcc/arm-none-eabi/13.3.1/thumb/v7-m/nofp\libgcc.a(_arm_muldivsf3.o)
                0x08000328                __mulsf3
                0x08000328                __aeabi_fmul
                0x08000490                __aeabi_fdiv
                0x08000490                __divsf3
 .text          0x080005c8       0x4c c:/Users/zhmis/AppData/Roaming/Code/User/globalStorage/bmd.stm32-for-vscode/@xpack-dev-tools/arm-none-eabi-gcc/13.3.1-1.1.1/.content/bin/../lib/gcc/arm-none-eabi/13.3.1/thumb/v7-m/nofp\libgcc.a(_arm_fixsfsi.o)
                0x080005c8                __aeabi_f2iz
                0x080005c8                __fixsfsi
 *(.text*)
 .text.__do_global_dtors_aux
                0x08000614       0x24 c:/Users/zhmis/AppData/Roaming/Code/User/globalStorage/bmd.stm32-for-vscode/@xpack-dev-tools/arm-none-eabi-gcc/13.3.1-1.1.1/.content/bin/../lib/gcc/arm-none-eabi/13.3.1/thumb/v7-m/nofp/crtbegin.o
 .text.frame_dummy
                0x08000638       0x1c c:/Users/zhmis/AppData/Roaming/Code/User/globalStorage/bmd.stm32-for-vscode/@xpack-dev-tools/arm-none-eabi-gcc/13.3.1-1.1.1/.content/bin/../lib/gcc/arm-none-eabi/13.3.1/thumb/v7-m/nofp/crtbegin.o
 .text.MX_ADC1_Init
                0x08000654       0x74 build/debug/Core/Src/adc.o
                0x08000654                MX_ADC1_Init
 .text.HAL_ADC_MspInit
                0x080006c8       0xa0 build/debug/Core/Src/adc.o
                0x080006c8                HAL_ADC_MspInit
 .text.adc_cur_init
                0x08000768       0x58 build/debug/Core/Src/adc_current.o
                0x08000768                adc_cur_init
 .text.adc_callback_handler
                0x080007c0       0x84 build/debug/Core/Src/adc_current.o
                0x080007c0                adc_callback_handler
 .text.HAL_ADC_ConvCpltCallback
                0x08000844        0x8 build/debug/Core/Src/adc_current.o
                0x08000844                HAL_ADC_ConvCpltCallback
 .text.MX_DMA_Init
                0x0800084c       0x74 build/debug/Core/Src/dma.o
                0x0800084c                MX_DMA_Init
 .text.drv8106_read_reg_blocking
                0x080008c0       0x3e build/debug/Core/Src/drv8106.o
                0x080008c0                drv8106_read_reg_blocking
 .text.drv8106_write_reg_blocking
                0x080008fe       0x3c build/debug/Core/Src/drv8106.o
                0x080008fe                drv8106_write_reg_blocking
 .text.drv8106_read_all_blocking
                0x0800093a       0xa0 build/debug/Core/Src/drv8106.o
                0x0800093a                drv8106_read_all_blocking
 .text.drv8106_reset_blocking
                0x080009da       0x68 build/debug/Core/Src/drv8106.o
                0x080009da                drv8106_reset_blocking
 .text.drv8106_Enable_blocking
                0x08000a42        0xc build/debug/Core/Src/drv8106.o
                0x08000a42                drv8106_Enable_blocking
 .text.drv8106_CSA_enable_g10_blocking
                0x08000a4e        0xc build/debug/Core/Src/drv8106.o
                0x08000a4e                drv8106_CSA_enable_g10_blocking
 .text.drv8106_clear_fault_blocking
                0x08000a5a        0xc build/debug/Core/Src/drv8106.o
                0x08000a5a                drv8106_clear_fault_blocking
 .text.initEMA_iq18
                0x08000a66       0x1a build/debug/Core/Src/ema_iq18.o
                0x08000a66                initEMA_iq18
 .text.updateEMA_iq18
                0x08000a80       0x1e build/debug/Core/Src/ema_iq18.o
                0x08000a80                updateEMA_iq18
 *fill*         0x08000a9e        0x2 
 .text.encoder_updatePosition_iq18
                0x08000aa0       0x6c build/debug/Core/Src/encoder_iq18.o
                0x08000aa0                encoder_updatePosition_iq18
 .text.encoder_updateVelocity_qep_iq18
                0x08000b0c       0x20 build/debug/Core/Src/encoder_iq18.o
                0x08000b0c                encoder_updateVelocity_qep_iq18
 .text.encoder_reset_iq18
                0x08000b2c       0x16 build/debug/Core/Src/encoder_iq18.o
                0x08000b2c                encoder_reset_iq18
 .text.encoder_getVelocity_iq18
                0x08000b42        0x4 build/debug/Core/Src/encoder_iq18.o
                0x08000b42                encoder_getVelocity_iq18
 *fill*         0x08000b46        0x2 
 .text.MX_GPIO_Init
                0x08000b48      0x154 build/debug/Core/Src/gpio.o
                0x08000b48                MX_GPIO_Init
 .text.HAL_TIM_PeriodElapsedCallback
                0x08000c9c      0x1a4 build/debug/Core/Src/loops_handler.o
                0x08000c9c                HAL_TIM_PeriodElapsedCallback
 .text.Error_Handler
                0x08000e40        0x4 build/debug/Core/Src/main.o
                0x08000e40                Error_Handler
 .text.SystemClock_Config
                0x08000e44       0x84 build/debug/Core/Src/main.o
                0x08000e44                SystemClock_Config
 .text.main     0x08000ec8      0x148 build/debug/Core/Src/main.o
                0x08000ec8                main
 .text.init_mtr_ctrl
                0x08001010       0x30 build/debug/Core/Src/main_init.o
                0x08001010                init_mtr_ctrl
 .text.pid_iq18_reset
                0x08001040        0xe build/debug/Core/Src/pid_iq18.o
                0x08001040                pid_iq18_reset
 .text.pid_iq18_calculate
                0x0800104e       0x80 build/debug/Core/Src/pid_iq18.o
                0x0800104e                pid_iq18_calculate
 .text.pid_iq18_getOutput
                0x080010ce        0x4 build/debug/Core/Src/pid_iq18.o
                0x080010ce                pid_iq18_getOutput
 .text.pwm_setSpeed
                0x080010d2       0x82 build/debug/Core/Src/pwm.o
                0x080010d2                pwm_setSpeed
 .text.servo_periph_init
                0x08001154       0x60 build/debug/Core/Src/servo_init.o
                0x08001154                servo_periph_init
 .text.servo_init
                0x080011b4      0x160 build/debug/Core/Src/servo_init.o
                0x080011b4                servo_init
 .text.servo_iq18_base_init
                0x08001314       0x5c build/debug/Core/Src/servo_iq18.o
                0x08001314                servo_iq18_base_init
 .text.servo_iq18_encoder_init
                0x08001370       0x2c build/debug/Core/Src/servo_iq18.o
                0x08001370                servo_iq18_encoder_init
 .text.servo_iq18_driver_init
                0x0800139c       0x64 build/debug/Core/Src/servo_iq18.o
                0x0800139c                servo_iq18_driver_init
 .text.servo_iq18_position_init
                0x08001400       0x5a build/debug/Core/Src/servo_iq18.o
                0x08001400                servo_iq18_position_init
 .text.servo_iq18_velocity_init
                0x0800145a       0x60 build/debug/Core/Src/servo_iq18.o
                0x0800145a                servo_iq18_velocity_init
 .text.servo_iq18_current_init
                0x080014ba       0x94 build/debug/Core/Src/servo_iq18.o
                0x080014ba                servo_iq18_current_init
 .text.servo_iq18_setPositionTolerance
                0x0800154e       0x16 build/debug/Core/Src/servo_iq18.o
                0x0800154e                servo_iq18_setPositionTolerance
 .text.servo_iq18_velocityLoop
                0x08001564       0x8c build/debug/Core/Src/servo_iq18.o
                0x08001564                servo_iq18_velocityLoop
 .text.servo_iq18_currentLoop
                0x080015f0       0x4e build/debug/Core/Src/servo_iq18.o
                0x080015f0                servo_iq18_currentLoop
 .text.servo_iq18_controlVelocity
                0x0800163e       0x2a build/debug/Core/Src/servo_iq18.o
                0x0800163e                servo_iq18_controlVelocity
 .text.servo_iq18_controlCurrent
                0x08001668       0x46 build/debug/Core/Src/servo_iq18.o
                0x08001668                servo_iq18_controlCurrent
 .text.servo_iq18_reset
                0x080016ae       0x1c build/debug/Core/Src/servo_iq18.o
                0x080016ae                servo_iq18_reset
 *fill*         0x080016ca        0x2 
 .text.MX_SPI1_Init
                0x080016cc       0x48 build/debug/Core/Src/spi.o
                0x080016cc                MX_SPI1_Init
 .text.HAL_SPI_MspInit
                0x08001714      0x104 build/debug/Core/Src/spi.o
                0x08001714                HAL_SPI_MspInit
 .text.HAL_MspInit
                0x08001818       0x44 build/debug/Core/Src/stm32f1xx_hal_msp.o
                0x08001818                HAL_MspInit
 .text.NMI_Handler
                0x0800185c        0x2 build/debug/Core/Src/stm32f1xx_it.o
                0x0800185c                NMI_Handler
 .text.HardFault_Handler
                0x0800185e        0x2 build/debug/Core/Src/stm32f1xx_it.o
                0x0800185e                HardFault_Handler
 .text.MemManage_Handler
                0x08001860        0x2 build/debug/Core/Src/stm32f1xx_it.o
                0x08001860                MemManage_Handler
 .text.BusFault_Handler
                0x08001862        0x2 build/debug/Core/Src/stm32f1xx_it.o
                0x08001862                BusFault_Handler
 .text.UsageFault_Handler
                0x08001864        0x2 build/debug/Core/Src/stm32f1xx_it.o
                0x08001864                UsageFault_Handler
 .text.SVC_Handler
                0x08001866        0x2 build/debug/Core/Src/stm32f1xx_it.o
                0x08001866                SVC_Handler
 .text.DebugMon_Handler
                0x08001868        0x2 build/debug/Core/Src/stm32f1xx_it.o
                0x08001868                DebugMon_Handler
 .text.PendSV_Handler
                0x0800186a        0x2 build/debug/Core/Src/stm32f1xx_it.o
                0x0800186a                PendSV_Handler
 .text.SysTick_Handler
                0x0800186c        0x8 build/debug/Core/Src/stm32f1xx_it.o
                0x0800186c                SysTick_Handler
 .text.DMA1_Channel1_IRQHandler
                0x08001874       0x10 build/debug/Core/Src/stm32f1xx_it.o
                0x08001874                DMA1_Channel1_IRQHandler
 .text.DMA1_Channel2_IRQHandler
                0x08001884       0x10 build/debug/Core/Src/stm32f1xx_it.o
                0x08001884                DMA1_Channel2_IRQHandler
 .text.DMA1_Channel3_IRQHandler
                0x08001894       0x10 build/debug/Core/Src/stm32f1xx_it.o
                0x08001894                DMA1_Channel3_IRQHandler
 .text.DMA1_Channel4_IRQHandler
                0x080018a4       0x10 build/debug/Core/Src/stm32f1xx_it.o
                0x080018a4                DMA1_Channel4_IRQHandler
 .text.DMA1_Channel5_IRQHandler
                0x080018b4       0x10 build/debug/Core/Src/stm32f1xx_it.o
                0x080018b4                DMA1_Channel5_IRQHandler
 .text.TIM3_IRQHandler
                0x080018c4       0x10 build/debug/Core/Src/stm32f1xx_it.o
                0x080018c4                TIM3_IRQHandler
 .text.SPI1_IRQHandler
                0x080018d4       0x10 build/debug/Core/Src/stm32f1xx_it.o
                0x080018d4                SPI1_IRQHandler
 .text.USART1_IRQHandler
                0x080018e4       0x10 build/debug/Core/Src/stm32f1xx_it.o
                0x080018e4                USART1_IRQHandler
 .text.SystemInit
                0x080018f4        0x2 build/debug/Core/Src/system_stm32f1xx.o
                0x080018f4                SystemInit
 *fill*         0x080018f6        0x2 
 .text.MX_TIM1_Init
                0x080018f8       0x6c build/debug/Core/Src/tim.o
                0x080018f8                MX_TIM1_Init
 .text.MX_TIM2_Init
                0x08001964       0x64 build/debug/Core/Src/tim.o
                0x08001964                MX_TIM2_Init
 .text.MX_TIM4_Init
                0x080019c8       0x88 build/debug/Core/Src/tim.o
                0x080019c8                MX_TIM4_Init
 .text.HAL_TIM_Encoder_MspInit
                0x08001a50       0xdc build/debug/Core/Src/tim.o
                0x08001a50                HAL_TIM_Encoder_MspInit
 .text.HAL_TIM_PWM_MspInit
                0x08001b2c       0x40 build/debug/Core/Src/tim.o
                0x08001b2c                HAL_TIM_PWM_MspInit
 .text.HAL_TIM_IC_MspInit
                0x08001b6c       0x5c build/debug/Core/Src/tim.o
                0x08001b6c                HAL_TIM_IC_MspInit
 .text.HAL_TIM_MspPostInit
                0x08001bc8       0x60 build/debug/Core/Src/tim.o
                0x08001bc8                HAL_TIM_MspPostInit
 .text.MX_TIM3_Init
                0x08001c28       0x98 build/debug/Core/Src/tim.o
                0x08001c28                MX_TIM3_Init
 .text.MX_USART1_UART_Init
                0x08001cc0       0x34 build/debug/Core/Src/usart.o
                0x08001cc0                MX_USART1_UART_Init
 .text.HAL_UART_MspInit
                0x08001cf4      0x104 build/debug/Core/Src/usart.o
                0x08001cf4                HAL_UART_MspInit
 .text.HAL_InitTick
                0x08001df8       0x4c build/debug/Drivers/STM32F1xx_HAL_Driver/Src/stm32f1xx_hal.o
                0x08001df8                HAL_InitTick
 .text.HAL_Init
                0x08001e44       0x24 build/debug/Drivers/STM32F1xx_HAL_Driver/Src/stm32f1xx_hal.o
                0x08001e44                HAL_Init
 .text.HAL_IncTick
                0x08001e68       0x18 build/debug/Drivers/STM32F1xx_HAL_Driver/Src/stm32f1xx_hal.o
                0x08001e68                HAL_IncTick
 .text.HAL_GetTick
                0x08001e80        0xc build/debug/Drivers/STM32F1xx_HAL_Driver/Src/stm32f1xx_hal.o
                0x08001e80                HAL_GetTick
 .text.HAL_Delay
                0x08001e8c       0x28 build/debug/Drivers/STM32F1xx_HAL_Driver/Src/stm32f1xx_hal.o
                0x08001e8c                HAL_Delay
 .text.ADC_DMAConvCplt
                0x08001eb4       0x52 build/debug/Drivers/STM32F1xx_HAL_Driver/Src/stm32f1xx_hal_adc.o
                0x08001eb4                ADC_DMAConvCplt
 .text.HAL_ADC_ConvHalfCpltCallback
                0x08001f06        0x2 build/debug/Drivers/STM32F1xx_HAL_Driver/Src/stm32f1xx_hal_adc.o
                0x08001f06                HAL_ADC_ConvHalfCpltCallback
 .text.ADC_DMAHalfConvCplt
                0x08001f08        0xa build/debug/Drivers/STM32F1xx_HAL_Driver/Src/stm32f1xx_hal_adc.o
                0x08001f08                ADC_DMAHalfConvCplt
 .text.HAL_ADC_ErrorCallback
                0x08001f12        0x2 build/debug/Drivers/STM32F1xx_HAL_Driver/Src/stm32f1xx_hal_adc.o
                0x08001f12                HAL_ADC_ErrorCallback
 .text.ADC_DMAError
                0x08001f14       0x1a build/debug/Drivers/STM32F1xx_HAL_Driver/Src/stm32f1xx_hal_adc.o
                0x08001f14                ADC_DMAError
 *fill*         0x08001f2e        0x2 
 .text.HAL_ADC_ConfigChannel
                0x08001f30      0x140 build/debug/Drivers/STM32F1xx_HAL_Driver/Src/stm32f1xx_hal_adc.o
                0x08001f30                HAL_ADC_ConfigChannel
 .text.ADC_Enable
                0x08002070       0x88 build/debug/Drivers/STM32F1xx_HAL_Driver/Src/stm32f1xx_hal_adc.o
                0x08002070                ADC_Enable
 .text.HAL_ADC_Start_DMA
                0x080020f8      0x130 build/debug/Drivers/STM32F1xx_HAL_Driver/Src/stm32f1xx_hal_adc.o
                0x080020f8                HAL_ADC_Start_DMA
 .text.ADC_ConversionStop_Disable
                0x08002228       0x56 build/debug/Drivers/STM32F1xx_HAL_Driver/Src/stm32f1xx_hal_adc.o
                0x08002228                ADC_ConversionStop_Disable
 *fill*         0x0800227e        0x2 
 .text.HAL_ADC_Init
                0x08002280      0x108 build/debug/Drivers/STM32F1xx_HAL_Driver/Src/stm32f1xx_hal_adc.o
                0x08002280                HAL_ADC_Init
 .text.HAL_ADCEx_Calibration_Start
                0x08002388      0x100 build/debug/Drivers/STM32F1xx_HAL_Driver/Src/stm32f1xx_hal_adc_ex.o
                0x08002388                HAL_ADCEx_Calibration_Start
 .text.__NVIC_SetPriority
                0x08002488       0x28 build/debug/Drivers/STM32F1xx_HAL_Driver/Src/stm32f1xx_hal_cortex.o
 .text.NVIC_EncodePriority
                0x080024b0       0x3e build/debug/Drivers/STM32F1xx_HAL_Driver/Src/stm32f1xx_hal_cortex.o
 *fill*         0x080024ee        0x2 
 .text.HAL_NVIC_SetPriorityGrouping
                0x080024f0       0x24 build/debug/Drivers/STM32F1xx_HAL_Driver/Src/stm32f1xx_hal_cortex.o
                0x080024f0                HAL_NVIC_SetPriorityGrouping
 .text.HAL_NVIC_SetPriority
                0x08002514       0x20 build/debug/Drivers/STM32F1xx_HAL_Driver/Src/stm32f1xx_hal_cortex.o
                0x08002514                HAL_NVIC_SetPriority
 .text.HAL_NVIC_EnableIRQ
                0x08002534       0x1c build/debug/Drivers/STM32F1xx_HAL_Driver/Src/stm32f1xx_hal_cortex.o
                0x08002534                HAL_NVIC_EnableIRQ
 .text.HAL_SYSTICK_Config
                0x08002550       0x28 build/debug/Drivers/STM32F1xx_HAL_Driver/Src/stm32f1xx_hal_cortex.o
                0x08002550                HAL_SYSTICK_Config
 .text.DMA_SetConfig
                0x08002578       0x2c build/debug/Drivers/STM32F1xx_HAL_Driver/Src/stm32f1xx_hal_dma.o
 .text.HAL_DMA_Init
                0x080025a4       0x68 build/debug/Drivers/STM32F1xx_HAL_Driver/Src/stm32f1xx_hal_dma.o
                0x080025a4                HAL_DMA_Init
 .text.HAL_DMA_Start_IT
                0x0800260c       0x76 build/debug/Drivers/STM32F1xx_HAL_Driver/Src/stm32f1xx_hal_dma.o
                0x0800260c                HAL_DMA_Start_IT
 .text.HAL_DMA_Abort
                0x08002682       0x46 build/debug/Drivers/STM32F1xx_HAL_Driver/Src/stm32f1xx_hal_dma.o
                0x08002682                HAL_DMA_Abort
 .text.HAL_DMA_Abort_IT
                0x080026c8       0x98 build/debug/Drivers/STM32F1xx_HAL_Driver/Src/stm32f1xx_hal_dma.o
                0x080026c8                HAL_DMA_Abort_IT
 .text.HAL_DMA_IRQHandler
                0x08002760      0x144 build/debug/Drivers/STM32F1xx_HAL_Driver/Src/stm32f1xx_hal_dma.o
                0x08002760                HAL_DMA_IRQHandler
 .text.HAL_GPIO_Init
                0x080028a4      0x21c build/debug/Drivers/STM32F1xx_HAL_Driver/Src/stm32f1xx_hal_gpio.o
                0x080028a4                HAL_GPIO_Init
 .text.HAL_GPIO_ReadPin
                0x08002ac0        0xe build/debug/Drivers/STM32F1xx_HAL_Driver/Src/stm32f1xx_hal_gpio.o
                0x08002ac0                HAL_GPIO_ReadPin
 .text.HAL_GPIO_WritePin
                0x08002ace        0xc build/debug/Drivers/STM32F1xx_HAL_Driver/Src/stm32f1xx_hal_gpio.o
                0x08002ace                HAL_GPIO_WritePin
 *fill*         0x08002ada        0x2 
 .text.RCC_Delay
                0x08002adc       0x2c build/debug/Drivers/STM32F1xx_HAL_Driver/Src/stm32f1xx_hal_rcc.o
 .text.HAL_RCC_OscConfig
                0x08002b08      0x410 build/debug/Drivers/STM32F1xx_HAL_Driver/Src/stm32f1xx_hal_rcc.o
                0x08002b08                HAL_RCC_OscConfig
 .text.HAL_RCC_GetSysClockFreq
                0x08002f18       0x54 build/debug/Drivers/STM32F1xx_HAL_Driver/Src/stm32f1xx_hal_rcc.o
                0x08002f18                HAL_RCC_GetSysClockFreq
 .text.HAL_RCC_ClockConfig
                0x08002f6c      0x16c build/debug/Drivers/STM32F1xx_HAL_Driver/Src/stm32f1xx_hal_rcc.o
                0x08002f6c                HAL_RCC_ClockConfig
 .text.HAL_RCC_GetHCLKFreq
                0x080030d8        0xc build/debug/Drivers/STM32F1xx_HAL_Driver/Src/stm32f1xx_hal_rcc.o
                0x080030d8                HAL_RCC_GetHCLKFreq
 .text.HAL_RCC_GetPCLK1Freq
                0x080030e4       0x20 build/debug/Drivers/STM32F1xx_HAL_Driver/Src/stm32f1xx_hal_rcc.o
                0x080030e4                HAL_RCC_GetPCLK1Freq
 .text.HAL_RCC_GetPCLK2Freq
                0x08003104       0x20 build/debug/Drivers/STM32F1xx_HAL_Driver/Src/stm32f1xx_hal_rcc.o
                0x08003104                HAL_RCC_GetPCLK2Freq
 .text.HAL_RCCEx_PeriphCLKConfig
                0x08003124      0x118 build/debug/Drivers/STM32F1xx_HAL_Driver/Src/stm32f1xx_hal_rcc_ex.o
                0x08003124                HAL_RCCEx_PeriphCLKConfig
 .text.HAL_RCCEx_GetPeriphCLKFreq
                0x0800323c       0xd8 build/debug/Drivers/STM32F1xx_HAL_Driver/Src/stm32f1xx_hal_rcc_ex.o
                0x0800323c                HAL_RCCEx_GetPeriphCLKFreq
 .text.SPI_WaitFlagStateUntilTimeout
                0x08003314       0xc8 build/debug/Drivers/STM32F1xx_HAL_Driver/Src/stm32f1xx_hal_spi.o
 .text.SPI_EndRxTxTransaction
                0x080033dc       0x44 build/debug/Drivers/STM32F1xx_HAL_Driver/Src/stm32f1xx_hal_spi.o
 .text.HAL_SPI_Init
                0x08003420       0xb6 build/debug/Drivers/STM32F1xx_HAL_Driver/Src/stm32f1xx_hal_spi.o
                0x08003420                HAL_SPI_Init
 .text.HAL_SPI_TransmitReceive
                0x080034d6      0x254 build/debug/Drivers/STM32F1xx_HAL_Driver/Src/stm32f1xx_hal_spi.o
                0x080034d6                HAL_SPI_TransmitReceive
 .text.HAL_SPI_ErrorCallback
                0x0800372a        0x2 build/debug/Drivers/STM32F1xx_HAL_Driver/Src/stm32f1xx_hal_spi.o
                0x0800372a                HAL_SPI_ErrorCallback
 .text.HAL_SPI_IRQHandler
                0x0800372c      0x108 build/debug/Drivers/STM32F1xx_HAL_Driver/Src/stm32f1xx_hal_spi.o
                0x0800372c                HAL_SPI_IRQHandler
 .text.SPI_DMAAbortOnError
                0x08003834       0x10 build/debug/Drivers/STM32F1xx_HAL_Driver/Src/stm32f1xx_hal_spi.o
 .text.TIM_OC1_SetConfig
                0x08003844       0x54 build/debug/Drivers/STM32F1xx_HAL_Driver/Src/stm32f1xx_hal_tim.o
 .text.TIM_OC3_SetConfig
                0x08003898       0x5c build/debug/Drivers/STM32F1xx_HAL_Driver/Src/stm32f1xx_hal_tim.o
 .text.TIM_OC4_SetConfig
                0x080038f4       0x48 build/debug/Drivers/STM32F1xx_HAL_Driver/Src/stm32f1xx_hal_tim.o
 .text.TIM_TI2_SetConfig
                0x0800393c       0x36 build/debug/Drivers/STM32F1xx_HAL_Driver/Src/stm32f1xx_hal_tim.o
 .text.TIM_TI3_SetConfig
                0x08003972       0x36 build/debug/Drivers/STM32F1xx_HAL_Driver/Src/stm32f1xx_hal_tim.o
 .text.TIM_TI4_SetConfig
                0x080039a8       0x36 build/debug/Drivers/STM32F1xx_HAL_Driver/Src/stm32f1xx_hal_tim.o
 *fill*         0x080039de        0x2 
 .text.HAL_TIM_Base_Start_IT
                0x080039e0       0x68 build/debug/Drivers/STM32F1xx_HAL_Driver/Src/stm32f1xx_hal_tim.o
                0x080039e0                HAL_TIM_Base_Start_IT
 .text.HAL_TIM_OC_DelayElapsedCallback
                0x08003a48        0x2 build/debug/Drivers/STM32F1xx_HAL_Driver/Src/stm32f1xx_hal_tim.o
                0x08003a48                HAL_TIM_OC_DelayElapsedCallback
 .text.HAL_TIM_IC_CaptureCallback
                0x08003a4a        0x2 build/debug/Drivers/STM32F1xx_HAL_Driver/Src/stm32f1xx_hal_tim.o
                0x08003a4a                HAL_TIM_IC_CaptureCallback
 .text.HAL_TIM_PWM_PulseFinishedCallback
                0x08003a4c        0x2 build/debug/Drivers/STM32F1xx_HAL_Driver/Src/stm32f1xx_hal_tim.o
                0x08003a4c                HAL_TIM_PWM_PulseFinishedCallback
 .text.HAL_TIM_TriggerCallback
                0x08003a4e        0x2 build/debug/Drivers/STM32F1xx_HAL_Driver/Src/stm32f1xx_hal_tim.o
                0x08003a4e                HAL_TIM_TriggerCallback
 .text.HAL_TIM_IRQHandler
                0x08003a50      0x15e build/debug/Drivers/STM32F1xx_HAL_Driver/Src/stm32f1xx_hal_tim.o
                0x08003a50                HAL_TIM_IRQHandler
 *fill*         0x08003bae        0x2 
 .text.TIM_Base_SetConfig
                0x08003bb0       0x84 build/debug/Drivers/STM32F1xx_HAL_Driver/Src/stm32f1xx_hal_tim.o
                0x08003bb0                TIM_Base_SetConfig
 .text.HAL_TIM_PWM_Init
                0x08003c34       0x58 build/debug/Drivers/STM32F1xx_HAL_Driver/Src/stm32f1xx_hal_tim.o
                0x08003c34                HAL_TIM_PWM_Init
 .text.HAL_TIM_IC_Init
                0x08003c8c       0x58 build/debug/Drivers/STM32F1xx_HAL_Driver/Src/stm32f1xx_hal_tim.o
                0x08003c8c                HAL_TIM_IC_Init
 .text.HAL_TIM_Encoder_Init
                0x08003ce4       0xb6 build/debug/Drivers/STM32F1xx_HAL_Driver/Src/stm32f1xx_hal_tim.o
                0x08003ce4                HAL_TIM_Encoder_Init
 *fill*         0x08003d9a        0x2 
 .text.TIM_OC2_SetConfig
                0x08003d9c       0x5c build/debug/Drivers/STM32F1xx_HAL_Driver/Src/stm32f1xx_hal_tim.o
                0x08003d9c                TIM_OC2_SetConfig
 .text.HAL_TIM_PWM_ConfigChannel
                0x08003df8       0xdc build/debug/Drivers/STM32F1xx_HAL_Driver/Src/stm32f1xx_hal_tim.o
                0x08003df8                HAL_TIM_PWM_ConfigChannel
 .text.TIM_TI1_SetConfig
                0x08003ed4       0x58 build/debug/Drivers/STM32F1xx_HAL_Driver/Src/stm32f1xx_hal_tim.o
                0x08003ed4                TIM_TI1_SetConfig
 .text.HAL_TIM_IC_ConfigChannel
                0x08003f2c       0xcc build/debug/Drivers/STM32F1xx_HAL_Driver/Src/stm32f1xx_hal_tim.o
                0x08003f2c                HAL_TIM_IC_ConfigChannel
 .text.TIM_CCxChannelCmd
                0x08003ff8       0x1e build/debug/Drivers/STM32F1xx_HAL_Driver/Src/stm32f1xx_hal_tim.o
                0x08003ff8                TIM_CCxChannelCmd
 *fill*         0x08004016        0x2 
 .text.HAL_TIM_PWM_Start
                0x08004018       0xdc build/debug/Drivers/STM32F1xx_HAL_Driver/Src/stm32f1xx_hal_tim.o
                0x08004018                HAL_TIM_PWM_Start
 .text.HAL_TIM_Encoder_Start
                0x080040f4       0xcc build/debug/Drivers/STM32F1xx_HAL_Driver/Src/stm32f1xx_hal_tim.o
                0x080040f4                HAL_TIM_Encoder_Start
 .text.HAL_TIMEx_MasterConfigSynchronization
                0x080041c0       0x6c build/debug/Drivers/STM32F1xx_HAL_Driver/Src/stm32f1xx_hal_tim_ex.o
                0x080041c0                HAL_TIMEx_MasterConfigSynchronization
 .text.HAL_TIMEx_CommutCallback
                0x0800422c        0x2 build/debug/Drivers/STM32F1xx_HAL_Driver/Src/stm32f1xx_hal_tim_ex.o
                0x0800422c                HAL_TIMEx_CommutCallback
 .text.HAL_TIMEx_BreakCallback
                0x0800422e        0x2 build/debug/Drivers/STM32F1xx_HAL_Driver/Src/stm32f1xx_hal_tim_ex.o
                0x0800422e                HAL_TIMEx_BreakCallback
 .text.UART_EndRxTransfer
                0x08004230       0x5c build/debug/Drivers/STM32F1xx_HAL_Driver/Src/stm32f1xx_hal_uart.o
 .text.UART_Transmit_IT
                0x0800428c       0x60 build/debug/Drivers/STM32F1xx_HAL_Driver/Src/stm32f1xx_hal_uart.o
 .text.UART_SetConfig
                0x080042ec       0x94 build/debug/Drivers/STM32F1xx_HAL_Driver/Src/stm32f1xx_hal_uart.o
 .text.HAL_UART_Init
                0x08004380       0x60 build/debug/Drivers/STM32F1xx_HAL_Driver/Src/stm32f1xx_hal_uart.o
                0x08004380                HAL_UART_Init
 .text.HAL_UART_TxCpltCallback
                0x080043e0        0x2 build/debug/Drivers/STM32F1xx_HAL_Driver/Src/stm32f1xx_hal_uart.o
                0x080043e0                HAL_UART_TxCpltCallback
 .text.UART_EndTransmit_IT
                0x080043e2       0x1a build/debug/Drivers/STM32F1xx_HAL_Driver/Src/stm32f1xx_hal_uart.o
 .text.HAL_UART_RxCpltCallback
                0x080043fc        0x2 build/debug/Drivers/STM32F1xx_HAL_Driver/Src/stm32f1xx_hal_uart.o
                0x080043fc                HAL_UART_RxCpltCallback
 .text.HAL_UART_ErrorCallback
                0x080043fe        0x2 build/debug/Drivers/STM32F1xx_HAL_Driver/Src/stm32f1xx_hal_uart.o
                0x080043fe                HAL_UART_ErrorCallback
 .text.UART_DMAAbortOnError
                0x08004400       0x10 build/debug/Drivers/STM32F1xx_HAL_Driver/Src/stm32f1xx_hal_uart.o
 .text.HAL_UARTEx_RxEventCallback
                0x08004410        0x2 build/debug/Drivers/STM32F1xx_HAL_Driver/Src/stm32f1xx_hal_uart.o
                0x08004410                HAL_UARTEx_RxEventCallback
 .text.UART_Receive_IT
                0x08004412       0xe6 build/debug/Drivers/STM32F1xx_HAL_Driver/Src/stm32f1xx_hal_uart.o
 .text.HAL_UART_IRQHandler
                0x080044f8      0x284 build/debug/Drivers/STM32F1xx_HAL_Driver/Src/stm32f1xx_hal_uart.o
                0x080044f8                HAL_UART_IRQHandler
 .text.Reset_Handler
                0x0800477c       0x48 build/debug/startup_stm32f103xb.o
                0x0800477c                Reset_Handler
 .text.Default_Handler
                0x080047c4        0x2 build/debug/startup_stm32f103xb.o
                0x080047c4                RTC_Alarm_IRQHandler
                0x080047c4                EXTI2_IRQHandler
                0x080047c4                TIM1_CC_IRQHandler
                0x080047c4                PVD_IRQHandler
                0x080047c4                EXTI3_IRQHandler
                0x080047c4                EXTI0_IRQHandler
                0x080047c4                I2C2_EV_IRQHandler
                0x080047c4                ADC1_2_IRQHandler
                0x080047c4                TAMPER_IRQHandler
                0x080047c4                USART3_IRQHandler
                0x080047c4                RTC_IRQHandler
                0x080047c4                DMA1_Channel7_IRQHandler
                0x080047c4                CAN1_RX1_IRQHandler
                0x080047c4                TIM4_IRQHandler
                0x080047c4                I2C1_EV_IRQHandler
                0x080047c4                DMA1_Channel6_IRQHandler
                0x080047c4                RCC_IRQHandler
                0x080047c4                TIM1_TRG_COM_IRQHandler
                0x080047c4                Default_Handler
                0x080047c4                EXTI15_10_IRQHandler
                0x080047c4                EXTI9_5_IRQHandler
                0x080047c4                SPI2_IRQHandler
                0x080047c4                EXTI4_IRQHandler
                0x080047c4                USB_LP_CAN1_RX0_IRQHandler
                0x080047c4                USB_HP_CAN1_TX_IRQHandler
                0x080047c4                TIM1_UP_IRQHandler
                0x080047c4                WWDG_IRQHandler
                0x080047c4                TIM2_IRQHandler
                0x080047c4                TIM1_BRK_IRQHandler
                0x080047c4                EXTI1_IRQHandler
                0x080047c4                USART2_IRQHandler
                0x080047c4                I2C2_ER_IRQHandler
                0x080047c4                CAN1_SCE_IRQHandler
                0x080047c4                FLASH_IRQHandler
                0x080047c4                I2C1_ER_IRQHandler
                0x080047c4                USBWakeUp_IRQHandler
 *fill*         0x080047c6        0x2 
 .text._IQ18div
                0x080047c8       0x90 .\libIQmathLib-cm3.a(IQNdiv.o)
                0x080047c8                _IQ18div
 .text._IQ18mpy
                0x08004858       0x10 .\libIQmathLib-cm3.a(IQNmpy.o)
                0x08004858                _IQ18mpy
 .text.memset   0x08004868       0x10 c:/Users/zhmis/AppData/Roaming/Code/User/globalStorage/bmd.stm32-for-vscode/@xpack-dev-tools/arm-none-eabi-gcc/13.3.1-1.1.1/.content/bin/../lib/gcc/arm-none-eabi/13.3.1/../../../../arm-none-eabi/lib/thumb/v7-m/nofp\libc_nano.a(libc_a-memset.o)
                0x08004868                memset
 .text.__libc_init_array
                0x08004878       0x48 c:/Users/zhmis/AppData/Roaming/Code/User/globalStorage/bmd.stm32-for-vscode/@xpack-dev-tools/arm-none-eabi-gcc/13.3.1-1.1.1/.content/bin/../lib/gcc/arm-none-eabi/13.3.1/../../../../arm-none-eabi/lib/thumb/v7-m/nofp\libc_nano.a(libc_a-init.o)
                0x08004878                __libc_init_array
 *(.glue_7)
 .glue_7        0x080048c0        0x0 linker stubs
 *(.glue_7t)
 .glue_7t       0x080048c0        0x0 linker stubs
 *(.eh_frame)
 .eh_frame      0x080048c0        0x0 c:/Users/zhmis/AppData/Roaming/Code/User/globalStorage/bmd.stm32-for-vscode/@xpack-dev-tools/arm-none-eabi-gcc/13.3.1-1.1.1/.content/bin/../lib/gcc/arm-none-eabi/13.3.1/thumb/v7-m/nofp/crtbegin.o
 *(.init)
 .init          0x080048c0        0x4 c:/Users/zhmis/AppData/Roaming/Code/User/globalStorage/bmd.stm32-for-vscode/@xpack-dev-tools/arm-none-eabi-gcc/13.3.1-1.1.1/.content/bin/../lib/gcc/arm-none-eabi/13.3.1/thumb/v7-m/nofp/crti.o
                0x080048c0                _init
 .init          0x080048c4        0x8 c:/Users/zhmis/AppData/Roaming/Code/User/globalStorage/bmd.stm32-for-vscode/@xpack-dev-tools/arm-none-eabi-gcc/13.3.1-1.1.1/.content/bin/../lib/gcc/arm-none-eabi/13.3.1/thumb/v7-m/nofp/crtn.o
 *(.fini)
 .fini          0x080048cc        0x4 c:/Users/zhmis/AppData/Roaming/Code/User/globalStorage/bmd.stm32-for-vscode/@xpack-dev-tools/arm-none-eabi-gcc/13.3.1-1.1.1/.content/bin/../lib/gcc/arm-none-eabi/13.3.1/thumb/v7-m/nofp/crti.o
                0x080048cc                _fini
 .fini          0x080048d0        0x8 c:/Users/zhmis/AppData/Roaming/Code/User/globalStorage/bmd.stm32-for-vscode/@xpack-dev-tools/arm-none-eabi-gcc/13.3.1-1.1.1/.content/bin/../lib/gcc/arm-none-eabi/13.3.1/thumb/v7-m/nofp/crtn.o
                0x080048d8                        . = ALIGN (0x4)
                0x080048d8                        _etext = .

.vfp11_veneer   0x080048d8        0x0
 .vfp11_veneer  0x080048d8        0x0 linker stubs

.v4_bx          0x080048d8        0x0
 .v4_bx         0x080048d8        0x0 linker stubs

.iplt           0x080048d8        0x0
 .iplt          0x080048d8        0x0 c:/Users/zhmis/AppData/Roaming/Code/User/globalStorage/bmd.stm32-for-vscode/@xpack-dev-tools/arm-none-eabi-gcc/13.3.1-1.1.1/.content/bin/../lib/gcc/arm-none-eabi/13.3.1/thumb/v7-m/nofp/crtbegin.o

.rodata         0x080048d8       0x40
                0x080048d8                        . = ALIGN (0x4)
 *(.rodata)
 *(.rodata*)
 .rodata.APBPrescTable
                0x080048d8        0x8 build/debug/Core/Src/system_stm32f1xx.o
                0x080048d8                APBPrescTable
 .rodata.AHBPrescTable
                0x080048e0       0x10 build/debug/Core/Src/system_stm32f1xx.o
                0x080048e0                AHBPrescTable
 .rodata.aPredivFactorTable.0
                0x080048f0        0x2 build/debug/Drivers/STM32F1xx_HAL_Driver/Src/stm32f1xx_hal_rcc.o
 *fill*         0x080048f2        0x2 
 .rodata.aPLLMULFactorTable.1
                0x080048f4       0x10 build/debug/Drivers/STM32F1xx_HAL_Driver/Src/stm32f1xx_hal_rcc.o
 .rodata.aPredivFactorTable.0
                0x08004904        0x2 build/debug/Drivers/STM32F1xx_HAL_Driver/Src/stm32f1xx_hal_rcc_ex.o
 *fill*         0x08004906        0x2 
 .rodata.aPLLMULFactorTable.1
                0x08004908       0x10 build/debug/Drivers/STM32F1xx_HAL_Driver/Src/stm32f1xx_hal_rcc_ex.o
                0x08004918                        . = ALIGN (0x4)

.rel.dyn        0x08004918        0x0
 .rel.iplt      0x08004918        0x0 c:/Users/zhmis/AppData/Roaming/Code/User/globalStorage/bmd.stm32-for-vscode/@xpack-dev-tools/arm-none-eabi-gcc/13.3.1-1.1.1/.content/bin/../lib/gcc/arm-none-eabi/13.3.1/thumb/v7-m/nofp/crtbegin.o

.ARM.extab
 *(.ARM.extab* .gnu.linkonce.armextab.*)

.ARM            0x08004918        0x0
                0x08004918                        __exidx_start = .
 *(.ARM.exidx*)
                0x08004918                        __exidx_end = .

.preinit_array  0x08004918        0x0
                0x08004918                        PROVIDE (__preinit_array_start = .)
 *(.preinit_array*)
                0x08004918                        PROVIDE (__preinit_array_end = .)

.init_array     0x08004918        0x4
                0x08004918                        PROVIDE (__init_array_start = .)
 *(SORT_BY_NAME(.init_array.*))
 *(.init_array*)
 .init_array    0x08004918        0x4 c:/Users/zhmis/AppData/Roaming/Code/User/globalStorage/bmd.stm32-for-vscode/@xpack-dev-tools/arm-none-eabi-gcc/13.3.1-1.1.1/.content/bin/../lib/gcc/arm-none-eabi/13.3.1/thumb/v7-m/nofp/crtbegin.o
                0x0800491c                        PROVIDE (__init_array_end = .)

.fini_array     0x0800491c        0x4
                0x0800491c                        PROVIDE (__fini_array_start = .)
 *(SORT_BY_NAME(.fini_array.*))
 *(.fini_array*)
 .fini_array    0x0800491c        0x4 c:/Users/zhmis/AppData/Roaming/Code/User/globalStorage/bmd.stm32-for-vscode/@xpack-dev-tools/arm-none-eabi-gcc/13.3.1-1.1.1/.content/bin/../lib/gcc/arm-none-eabi/13.3.1/thumb/v7-m/nofp/crtbegin.o
                0x08004920                        PROVIDE (__fini_array_end = .)
                0x08004920                        _sidata = LOADADDR (.data)

.data           0x20000000       0xa8 load address 0x08004920
                0x20000000                        . = ALIGN (0x4)
                0x20000000                        _sdata = .
 *(.data)
 *(.data*)
 .data.CS_ADC_M2_Gain
                0x20000000        0x4 build/debug/Core/Src/adc_current.o
                0x20000000                CS_ADC_M2_Gain
 .data.CS_ADC_M1_Gain
                0x20000004        0x4 build/debug/Core/Src/adc_current.o
                0x20000004                CS_ADC_M1_Gain
 .data.CS_ADC_M2_Offset
                0x20000008        0x2 build/debug/Core/Src/adc_current.o
                0x20000008                CS_ADC_M2_Offset
 .data.CS_ADC_M1_Offset
                0x2000000a        0x2 build/debug/Core/Src/adc_current.o
                0x2000000a                CS_ADC_M1_Offset
 .data.drv_r2_dd9
                0x2000000c       0x24 build/debug/Core/Src/drv8106.o
                0x2000000c                drv_r2_dd9
 .data.drv_l2_dd8
                0x20000030       0x24 build/debug/Core/Src/drv8106.o
                0x20000030                drv_l2_dd8
 .data.drv_r1_dd7
                0x20000054       0x24 build/debug/Core/Src/drv8106.o
                0x20000054                drv_r1_dd7
 .data.drv_l1_dd6
                0x20000078       0x24 build/debug/Core/Src/drv8106.o
                0x20000078                drv_l1_dd6
 .data.SystemCoreClock
                0x2000009c        0x4 build/debug/Core/Src/system_stm32f1xx.o
                0x2000009c                SystemCoreClock
 .data.uwTickFreq
                0x200000a0        0x1 build/debug/Drivers/STM32F1xx_HAL_Driver/Src/stm32f1xx_hal.o
                0x200000a0                uwTickFreq
 *fill*         0x200000a1        0x3 
 .data.uwTickPrio
                0x200000a4        0x4 build/debug/Drivers/STM32F1xx_HAL_Driver/Src/stm32f1xx_hal.o
                0x200000a4                uwTickPrio
                0x200000a8                        . = ALIGN (0x4)
                0x200000a8                        _edata = .

.igot.plt       0x200000a8        0x0 load address 0x080049c8
 .igot.plt      0x200000a8        0x0 c:/Users/zhmis/AppData/Roaming/Code/User/globalStorage/bmd.stm32-for-vscode/@xpack-dev-tools/arm-none-eabi-gcc/13.3.1-1.1.1/.content/bin/../lib/gcc/arm-none-eabi/13.3.1/thumb/v7-m/nofp/crtbegin.o
                0x200000a8                        . = ALIGN (0x4)

.bss            0x200000a8      0x5d0 load address 0x080049c8
                0x200000a8                        _sbss = .
                0x200000a8                        __bss_start__ = _sbss
 *(.bss)
 *(.bss*)
 .bss.completed.1
                0x200000a8        0x1 c:/Users/zhmis/AppData/Roaming/Code/User/globalStorage/bmd.stm32-for-vscode/@xpack-dev-tools/arm-none-eabi-gcc/13.3.1-1.1.1/.content/bin/../lib/gcc/arm-none-eabi/13.3.1/thumb/v7-m/nofp/crtbegin.o
 *fill*         0x200000a9        0x3 
 .bss.object.0  0x200000ac       0x18 c:/Users/zhmis/AppData/Roaming/Code/User/globalStorage/bmd.stm32-for-vscode/@xpack-dev-tools/arm-none-eabi-gcc/13.3.1-1.1.1/.content/bin/../lib/gcc/arm-none-eabi/13.3.1/thumb/v7-m/nofp/crtbegin.o
 .bss.hdma_adc1
                0x200000c4       0x44 build/debug/Core/Src/adc.o
                0x200000c4                hdma_adc1
 .bss.hadc1     0x20000108       0x30 build/debug/Core/Src/adc.o
                0x20000108                hadc1
 .bss.filter2   0x20000138        0x8 build/debug/Core/Src/adc_current.o
                0x20000138                filter2
 .bss.filter1   0x20000140        0x8 build/debug/Core/Src/adc_current.o
                0x20000140                filter1
 .bss.current   0x20000148        0x8 build/debug/Core/Src/adc_current.o
                0x20000148                current
 .bss.adc       0x20000150        0x4 build/debug/Core/Src/adc_current.o
                0x20000150                adc
 .bss.reset_flag
                0x20000154        0x1 build/debug/Core/Src/global_flags.o
                0x20000154                reset_flag
 .bss.system_enabled
                0x20000155        0x1 build/debug/Core/Src/global_flags.o
                0x20000155                system_enabled
 *fill*         0x20000156        0x2 
 .bss.vel_set_2
                0x20000158        0x4 build/debug/Core/Src/loops_handler.o
                0x20000158                vel_set_2
 .bss.vel_set_1
                0x2000015c        0x4 build/debug/Core/Src/loops_handler.o
                0x2000015c                vel_set_1
 .bss.cur_set2  0x20000160        0x4 build/debug/Core/Src/loops_handler.o
                0x20000160                cur_set2
 .bss.cur_set_1
                0x20000164        0x4 build/debug/Core/Src/loops_handler.o
                0x20000164                cur_set_1
 .bss.loops_op_mode
                0x20000168        0x1 build/debug/Core/Src/loops_handler.o
                0x20000168                loops_op_mode
 .bss.fault4    0x20000169        0x1 build/debug/Core/Src/loops_handler.o
                0x20000169                fault4
 .bss.fault3    0x2000016a        0x1 build/debug/Core/Src/loops_handler.o
                0x2000016a                fault3
 .bss.fault2    0x2000016b        0x1 build/debug/Core/Src/loops_handler.o
                0x2000016b                fault2
 .bss.fault1    0x2000016c        0x1 build/debug/Core/Src/loops_handler.o
                0x2000016c                fault1
 *fill*         0x2000016d        0x1 
 .bss.irq_counter250
                0x2000016e        0x2 build/debug/Core/Src/loops_handler.o
                0x2000016e                irq_counter250
 .bss.servo2_g  0x20000170      0x118 build/debug/Core/Src/main.o
                0x20000170                servo2_g
 .bss.servo1_g  0x20000288      0x118 build/debug/Core/Src/main.o
                0x20000288                servo1_g
 .bss.test_iq   0x200003a0        0x4 build/debug/Core/Src/main.o
                0x200003a0                test_iq
 .bss.hdma_spi1_tx
                0x200003a4       0x44 build/debug/Core/Src/spi.o
                0x200003a4                hdma_spi1_tx
 .bss.hdma_spi1_rx
                0x200003e8       0x44 build/debug/Core/Src/spi.o
                0x200003e8                hdma_spi1_rx
 .bss.hspi1     0x2000042c       0x58 build/debug/Core/Src/spi.o
                0x2000042c                hspi1
 .bss.htim4     0x20000484       0x48 build/debug/Core/Src/tim.o
                0x20000484                htim4
 .bss.htim3     0x200004cc       0x48 build/debug/Core/Src/tim.o
                0x200004cc                htim3
 .bss.htim2     0x20000514       0x48 build/debug/Core/Src/tim.o
                0x20000514                htim2
 .bss.htim1     0x2000055c       0x48 build/debug/Core/Src/tim.o
                0x2000055c                htim1
 .bss.hdma_usart1_rx
                0x200005a4       0x44 build/debug/Core/Src/usart.o
                0x200005a4                hdma_usart1_rx
 .bss.hdma_usart1_tx
                0x200005e8       0x44 build/debug/Core/Src/usart.o
                0x200005e8                hdma_usart1_tx
 .bss.huart1    0x2000062c       0x48 build/debug/Core/Src/usart.o
                0x2000062c                huart1
 .bss.uwTick    0x20000674        0x4 build/debug/Drivers/STM32F1xx_HAL_Driver/Src/stm32f1xx_hal.o
                0x20000674                uwTick
 *(COMMON)
                0x20000678                        . = ALIGN (0x4)
                0x20000678                        _ebss = .
                0x20000678                        __bss_end__ = _ebss

._user_heap_stack
                0x20000678      0x600 load address 0x080049c8
                0x20000678                        . = ALIGN (0x8)
                [!provide]                        PROVIDE (end = .)
                0x20000678                        PROVIDE (_end = .)
                0x20000878                        . = (. + _Min_Heap_Size)
 *fill*         0x20000678      0x200 
                0x20000c78                        . = (. + _Min_Stack_Size)
 *fill*         0x20000878      0x400 
                0x20000c78                        . = ALIGN (0x8)

/DISCARD/
 libc.a(*)
 libm.a(*)
 libgcc.a(*)
OUTPUT(build/ovcharka-firmware.elf elf32-littlearm)
LOAD linker stubs
LOAD c:/Users/zhmis/AppData/Roaming/Code/User/globalStorage/bmd.stm32-for-vscode/@xpack-dev-tools/arm-none-eabi-gcc/13.3.1-1.1.1/.content/bin/../lib/gcc/arm-none-eabi/13.3.1/../../../../arm-none-eabi/lib/thumb/v7-m/nofp\libc.a
LOAD c:/Users/zhmis/AppData/Roaming/Code/User/globalStorage/bmd.stm32-for-vscode/@xpack-dev-tools/arm-none-eabi-gcc/13.3.1-1.1.1/.content/bin/../lib/gcc/arm-none-eabi/13.3.1/../../../../arm-none-eabi/lib/thumb/v7-m/nofp\libm.a
LOAD c:/Users/zhmis/AppData/Roaming/Code/User/globalStorage/bmd.stm32-for-vscode/@xpack-dev-tools/arm-none-eabi-gcc/13.3.1-1.1.1/.content/bin/../lib/gcc/arm-none-eabi/13.3.1/thumb/v7-m/nofp\libgcc.a

.ARM.attributes
                0x00000000       0x29
 .ARM.attributes
                0x00000000       0x1d c:/Users/zhmis/AppData/Roaming/Code/User/globalStorage/bmd.stm32-for-vscode/@xpack-dev-tools/arm-none-eabi-gcc/13.3.1-1.1.1/.content/bin/../lib/gcc/arm-none-eabi/13.3.1/thumb/v7-m/nofp/crti.o
 .ARM.attributes
                0x0000001d       0x2d c:/Users/zhmis/AppData/Roaming/Code/User/globalStorage/bmd.stm32-for-vscode/@xpack-dev-tools/arm-none-eabi-gcc/13.3.1-1.1.1/.content/bin/../lib/gcc/arm-none-eabi/13.3.1/thumb/v7-m/nofp/crtbegin.o
 .ARM.attributes
                0x0000004a       0x2d build/debug/Core/Src/adc.o
 .ARM.attributes
                0x00000077       0x2d build/debug/Core/Src/adc_current.o
 .ARM.attributes
                0x000000a4       0x2d build/debug/Core/Src/dma.o
 .ARM.attributes
                0x000000d1       0x2d build/debug/Core/Src/drv8106.o
 .ARM.attributes
                0x000000fe       0x2d build/debug/Core/Src/ema_iq18.o
 .ARM.attributes
                0x0000012b       0x2d build/debug/Core/Src/encoder_iq18.o
 .ARM.attributes
                0x00000158       0x2d build/debug/Core/Src/global_flags.o
 .ARM.attributes
                0x00000185       0x2d build/debug/Core/Src/gpio.o
 .ARM.attributes
                0x000001b2       0x2d build/debug/Core/Src/loops_handler.o
 .ARM.attributes
                0x000001df       0x2d build/debug/Core/Src/main.o
 .ARM.attributes
                0x0000020c       0x2d build/debug/Core/Src/main_init.o
 .ARM.attributes
                0x00000239       0x2d build/debug/Core/Src/pid_iq18.o
 .ARM.attributes
                0x00000266       0x2d build/debug/Core/Src/pwm.o
 .ARM.attributes
                0x00000293       0x2d build/debug/Core/Src/servo_init.o
 .ARM.attributes
                0x000002c0       0x2d build/debug/Core/Src/servo_iq18.o
 .ARM.attributes
                0x000002ed       0x2d build/debug/Core/Src/spi.o
 .ARM.attributes
                0x0000031a       0x2d build/debug/Core/Src/stm32f1xx_hal_msp.o
 .ARM.attributes
                0x00000347       0x2d build/debug/Core/Src/stm32f1xx_it.o
 .ARM.attributes
                0x00000374       0x2d build/debug/Core/Src/system_stm32f1xx.o
 .ARM.attributes
                0x000003a1       0x2d build/debug/Core/Src/tim.o
 .ARM.attributes
                0x000003ce       0x2d build/debug/Core/Src/usart.o
 .ARM.attributes
                0x000003fb       0x2d build/debug/Drivers/STM32F1xx_HAL_Driver/Src/stm32f1xx_hal.o
 .ARM.attributes
                0x00000428       0x2d build/debug/Drivers/STM32F1xx_HAL_Driver/Src/stm32f1xx_hal_adc.o
 .ARM.attributes
                0x00000455       0x2d build/debug/Drivers/STM32F1xx_HAL_Driver/Src/stm32f1xx_hal_adc_ex.o
 .ARM.attributes
                0x00000482       0x2d build/debug/Drivers/STM32F1xx_HAL_Driver/Src/stm32f1xx_hal_cortex.o
 .ARM.attributes
                0x000004af       0x2d build/debug/Drivers/STM32F1xx_HAL_Driver/Src/stm32f1xx_hal_dma.o
 .ARM.attributes
                0x000004dc       0x2d build/debug/Drivers/STM32F1xx_HAL_Driver/Src/stm32f1xx_hal_gpio.o
 .ARM.attributes
                0x00000509       0x2d build/debug/Drivers/STM32F1xx_HAL_Driver/Src/stm32f1xx_hal_rcc.o
 .ARM.attributes
                0x00000536       0x2d build/debug/Drivers/STM32F1xx_HAL_Driver/Src/stm32f1xx_hal_rcc_ex.o
 .ARM.attributes
                0x00000563       0x2d build/debug/Drivers/STM32F1xx_HAL_Driver/Src/stm32f1xx_hal_spi.o
 .ARM.attributes
                0x00000590       0x2d build/debug/Drivers/STM32F1xx_HAL_Driver/Src/stm32f1xx_hal_tim.o
 .ARM.attributes
                0x000005bd       0x2d build/debug/Drivers/STM32F1xx_HAL_Driver/Src/stm32f1xx_hal_tim_ex.o
 .ARM.attributes
                0x000005ea       0x2d build/debug/Drivers/STM32F1xx_HAL_Driver/Src/stm32f1xx_hal_uart.o
 .ARM.attributes
                0x00000617       0x21 build/debug/startup_stm32f103xb.o
 .ARM.attributes
                0x00000638       0x21 .\libIQmathLib-cm3.a(IQNdiv.o)
 .ARM.attributes
                0x00000659       0x21 .\libIQmathLib-cm3.a(IQNmpy.o)
 .ARM.attributes
                0x0000067a       0x2d c:/Users/zhmis/AppData/Roaming/Code/User/globalStorage/bmd.stm32-for-vscode/@xpack-dev-tools/arm-none-eabi-gcc/13.3.1-1.1.1/.content/bin/../lib/gcc/arm-none-eabi/13.3.1/../../../../arm-none-eabi/lib/thumb/v7-m/nofp\libc_nano.a(libc_a-memset.o)
 .ARM.attributes
                0x000006a7       0x2d c:/Users/zhmis/AppData/Roaming/Code/User/globalStorage/bmd.stm32-for-vscode/@xpack-dev-tools/arm-none-eabi-gcc/13.3.1-1.1.1/.content/bin/../lib/gcc/arm-none-eabi/13.3.1/../../../../arm-none-eabi/lib/thumb/v7-m/nofp\libc_nano.a(libc_a-init.o)
 .ARM.attributes
                0x000006d4       0x1d c:/Users/zhmis/AppData/Roaming/Code/User/globalStorage/bmd.stm32-for-vscode/@xpack-dev-tools/arm-none-eabi-gcc/13.3.1-1.1.1/.content/bin/../lib/gcc/arm-none-eabi/13.3.1/thumb/v7-m/nofp\libgcc.a(_arm_addsubsf3.o)
 .ARM.attributes
                0x000006f1       0x1d c:/Users/zhmis/AppData/Roaming/Code/User/globalStorage/bmd.stm32-for-vscode/@xpack-dev-tools/arm-none-eabi-gcc/13.3.1-1.1.1/.content/bin/../lib/gcc/arm-none-eabi/13.3.1/thumb/v7-m/nofp\libgcc.a(_arm_muldivsf3.o)
 .ARM.attributes
                0x0000070e       0x1d c:/Users/zhmis/AppData/Roaming/Code/User/globalStorage/bmd.stm32-for-vscode/@xpack-dev-tools/arm-none-eabi-gcc/13.3.1-1.1.1/.content/bin/../lib/gcc/arm-none-eabi/13.3.1/thumb/v7-m/nofp\libgcc.a(_arm_fixsfsi.o)
 .ARM.attributes
                0x0000072b       0x1d c:/Users/zhmis/AppData/Roaming/Code/User/globalStorage/bmd.stm32-for-vscode/@xpack-dev-tools/arm-none-eabi-gcc/13.3.1-1.1.1/.content/bin/../lib/gcc/arm-none-eabi/13.3.1/thumb/v7-m/nofp/crtn.o

.comment        0x00000000       0x39
 .comment       0x00000000       0x39 c:/Users/zhmis/AppData/Roaming/Code/User/globalStorage/bmd.stm32-for-vscode/@xpack-dev-tools/arm-none-eabi-gcc/13.3.1-1.1.1/.content/bin/../lib/gcc/arm-none-eabi/13.3.1/thumb/v7-m/nofp/crtbegin.o
                                 0x3a (size before relaxing)
 .comment       0x00000039       0x3a build/debug/Core/Src/adc.o
 .comment       0x00000039       0x3a build/debug/Core/Src/adc_current.o
 .comment       0x00000039       0x3a build/debug/Core/Src/dma.o
 .comment       0x00000039       0x3a build/debug/Core/Src/drv8106.o
 .comment       0x00000039       0x3a build/debug/Core/Src/ema_iq18.o
 .comment       0x00000039       0x3a build/debug/Core/Src/encoder_iq18.o
 .comment       0x00000039       0x3a build/debug/Core/Src/global_flags.o
 .comment       0x00000039       0x3a build/debug/Core/Src/gpio.o
 .comment       0x00000039       0x3a build/debug/Core/Src/loops_handler.o
 .comment       0x00000039       0x3a build/debug/Core/Src/main.o
 .comment       0x00000039       0x3a build/debug/Core/Src/main_init.o
 .comment       0x00000039       0x3a build/debug/Core/Src/pid_iq18.o
 .comment       0x00000039       0x3a build/debug/Core/Src/pwm.o
 .comment       0x00000039       0x3a build/debug/Core/Src/servo_init.o
 .comment       0x00000039       0x3a build/debug/Core/Src/servo_iq18.o
 .comment       0x00000039       0x3a build/debug/Core/Src/spi.o
 .comment       0x00000039       0x3a build/debug/Core/Src/stm32f1xx_hal_msp.o
 .comment       0x00000039       0x3a build/debug/Core/Src/stm32f1xx_it.o
 .comment       0x00000039       0x3a build/debug/Core/Src/system_stm32f1xx.o
 .comment       0x00000039       0x3a build/debug/Core/Src/tim.o
 .comment       0x00000039       0x3a build/debug/Core/Src/usart.o
 .comment       0x00000039       0x3a build/debug/Drivers/STM32F1xx_HAL_Driver/Src/stm32f1xx_hal.o
 .comment       0x00000039       0x3a build/debug/Drivers/STM32F1xx_HAL_Driver/Src/stm32f1xx_hal_adc.o
 .comment       0x00000039       0x3a build/debug/Drivers/STM32F1xx_HAL_Driver/Src/stm32f1xx_hal_adc_ex.o
 .comment       0x00000039       0x3a build/debug/Drivers/STM32F1xx_HAL_Driver/Src/stm32f1xx_hal_cortex.o
 .comment       0x00000039       0x3a build/debug/Drivers/STM32F1xx_HAL_Driver/Src/stm32f1xx_hal_dma.o
 .comment       0x00000039       0x3a build/debug/Drivers/STM32F1xx_HAL_Driver/Src/stm32f1xx_hal_gpio.o
 .comment       0x00000039       0x3a build/debug/Drivers/STM32F1xx_HAL_Driver/Src/stm32f1xx_hal_rcc.o
 .comment       0x00000039       0x3a build/debug/Drivers/STM32F1xx_HAL_Driver/Src/stm32f1xx_hal_rcc_ex.o
 .comment       0x00000039       0x3a build/debug/Drivers/STM32F1xx_HAL_Driver/Src/stm32f1xx_hal_spi.o
 .comment       0x00000039       0x3a build/debug/Drivers/STM32F1xx_HAL_Driver/Src/stm32f1xx_hal_tim.o
 .comment       0x00000039       0x3a build/debug/Drivers/STM32F1xx_HAL_Driver/Src/stm32f1xx_hal_tim_ex.o
 .comment       0x00000039       0x3a build/debug/Drivers/STM32F1xx_HAL_Driver/Src/stm32f1xx_hal_uart.o
 .comment       0x00000039       0x3a c:/Users/zhmis/AppData/Roaming/Code/User/globalStorage/bmd.stm32-for-vscode/@xpack-dev-tools/arm-none-eabi-gcc/13.3.1-1.1.1/.content/bin/../lib/gcc/arm-none-eabi/13.3.1/../../../../arm-none-eabi/lib/thumb/v7-m/nofp\libc_nano.a(libc_a-memset.o)
 .comment       0x00000039       0x3a c:/Users/zhmis/AppData/Roaming/Code/User/globalStorage/bmd.stm32-for-vscode/@xpack-dev-tools/arm-none-eabi-gcc/13.3.1-1.1.1/.content/bin/../lib/gcc/arm-none-eabi/13.3.1/../../../../arm-none-eabi/lib/thumb/v7-m/nofp\libc_nano.a(libc_a-init.o)

.debug_info     0x00000000    0x1cfa7
 .debug_info    0x00000000      0x8d4 build/debug/Core/Src/adc.o
 .debug_info    0x000008d4      0x817 build/debug/Core/Src/adc_current.o
 .debug_info    0x000010eb      0x3bb build/debug/Core/Src/dma.o
 .debug_info    0x000014a6     0x102e build/debug/Core/Src/drv8106.o
 .debug_info    0x000024d4      0x1c9 build/debug/Core/Src/ema_iq18.o
 .debug_info    0x0000269d      0x9cd build/debug/Core/Src/encoder_iq18.o
 .debug_info    0x0000306a       0xb5 build/debug/Core/Src/global_flags.o
 .debug_info    0x0000311f      0x419 build/debug/Core/Src/gpio.o
 .debug_info    0x00003538      0xdd8 build/debug/Core/Src/loops_handler.o
 .debug_info    0x00004310     0x1649 build/debug/Core/Src/main.o
 .debug_info    0x00005959      0xacf build/debug/Core/Src/main_init.o
 .debug_info    0x00006428      0x558 build/debug/Core/Src/pid_iq18.o
 .debug_info    0x00006980      0x862 build/debug/Core/Src/pwm.o
 .debug_info    0x000071e2     0x1136 build/debug/Core/Src/servo_init.o
 .debug_info    0x00008318     0x13b4 build/debug/Core/Src/servo_iq18.o
 .debug_info    0x000096cc      0xaab build/debug/Core/Src/spi.o
 .debug_info    0x0000a177      0x1f4 build/debug/Core/Src/stm32f1xx_hal_msp.o
 .debug_info    0x0000a36b      0xd1a build/debug/Core/Src/stm32f1xx_it.o
 .debug_info    0x0000b085      0x22d build/debug/Core/Src/system_stm32f1xx.o
 .debug_info    0x0000b2b2     0x12f4 build/debug/Core/Src/tim.o
 .debug_info    0x0000c5a6      0xb21 build/debug/Core/Src/usart.o
 .debug_info    0x0000d0c7      0x7a2 build/debug/Drivers/STM32F1xx_HAL_Driver/Src/stm32f1xx_hal.o
 .debug_info    0x0000d869      0xed9 build/debug/Drivers/STM32F1xx_HAL_Driver/Src/stm32f1xx_hal_adc.o
 .debug_info    0x0000e742      0xc3a build/debug/Drivers/STM32F1xx_HAL_Driver/Src/stm32f1xx_hal_adc_ex.o
 .debug_info    0x0000f37c      0xcd9 build/debug/Drivers/STM32F1xx_HAL_Driver/Src/stm32f1xx_hal_cortex.o
 .debug_info    0x00010055      0x7f2 build/debug/Drivers/STM32F1xx_HAL_Driver/Src/stm32f1xx_hal_dma.o
 .debug_info    0x00010847      0x604 build/debug/Drivers/STM32F1xx_HAL_Driver/Src/stm32f1xx_hal_gpio.o
 .debug_info    0x00010e4b      0x9c7 build/debug/Drivers/STM32F1xx_HAL_Driver/Src/stm32f1xx_hal_rcc.o
 .debug_info    0x00011812      0x420 build/debug/Drivers/STM32F1xx_HAL_Driver/Src/stm32f1xx_hal_rcc_ex.o
 .debug_info    0x00011c32     0x1ba8 build/debug/Drivers/STM32F1xx_HAL_Driver/Src/stm32f1xx_hal_spi.o
 .debug_info    0x000137da     0x3c0f build/debug/Drivers/STM32F1xx_HAL_Driver/Src/stm32f1xx_hal_tim.o
 .debug_info    0x000173e9     0x1aac build/debug/Drivers/STM32F1xx_HAL_Driver/Src/stm32f1xx_hal_tim_ex.o
 .debug_info    0x00018e95     0x3f85 build/debug/Drivers/STM32F1xx_HAL_Driver/Src/stm32f1xx_hal_uart.o
 .debug_info    0x0001ce1a       0x30 build/debug/startup_stm32f103xb.o
 .debug_info    0x0001ce4a       0xca c:/Users/zhmis/AppData/Roaming/Code/User/globalStorage/bmd.stm32-for-vscode/@xpack-dev-tools/arm-none-eabi-gcc/13.3.1-1.1.1/.content/bin/../lib/gcc/arm-none-eabi/13.3.1/thumb/v7-m/nofp\libgcc.a(_arm_addsubsf3.o)
 .debug_info    0x0001cf14       0x57 c:/Users/zhmis/AppData/Roaming/Code/User/globalStorage/bmd.stm32-for-vscode/@xpack-dev-tools/arm-none-eabi-gcc/13.3.1-1.1.1/.content/bin/../lib/gcc/arm-none-eabi/13.3.1/thumb/v7-m/nofp\libgcc.a(_arm_muldivsf3.o)
 .debug_info    0x0001cf6b       0x3c c:/Users/zhmis/AppData/Roaming/Code/User/globalStorage/bmd.stm32-for-vscode/@xpack-dev-tools/arm-none-eabi-gcc/13.3.1-1.1.1/.content/bin/../lib/gcc/arm-none-eabi/13.3.1/thumb/v7-m/nofp\libgcc.a(_arm_fixsfsi.o)

.debug_abbrev   0x00000000     0x461a
 .debug_abbrev  0x00000000      0x207 build/debug/Core/Src/adc.o
 .debug_abbrev  0x00000207      0x242 build/debug/Core/Src/adc_current.o
 .debug_abbrev  0x00000449      0x119 build/debug/Core/Src/dma.o
 .debug_abbrev  0x00000562      0x228 build/debug/Core/Src/drv8106.o
 .debug_abbrev  0x0000078a      0x10d build/debug/Core/Src/ema_iq18.o
 .debug_abbrev  0x00000897      0x257 build/debug/Core/Src/encoder_iq18.o
 .debug_abbrev  0x00000aee       0x62 build/debug/Core/Src/global_flags.o
 .debug_abbrev  0x00000b50      0x151 build/debug/Core/Src/gpio.o
 .debug_abbrev  0x00000ca1      0x256 build/debug/Core/Src/loops_handler.o
 .debug_abbrev  0x00000ef7      0x33c build/debug/Core/Src/main.o
 .debug_abbrev  0x00001233      0x20a build/debug/Core/Src/main_init.o
 .debug_abbrev  0x0000143d      0x15b build/debug/Core/Src/pid_iq18.o
 .debug_abbrev  0x00001598      0x1e2 build/debug/Core/Src/pwm.o
 .debug_abbrev  0x0000177a      0x255 build/debug/Core/Src/servo_init.o
 .debug_abbrev  0x000019cf      0x2bd build/debug/Core/Src/servo_iq18.o
 .debug_abbrev  0x00001c8c      0x23a build/debug/Core/Src/spi.o
 .debug_abbrev  0x00001ec6       0xed build/debug/Core/Src/stm32f1xx_hal_msp.o
 .debug_abbrev  0x00001fb3      0x1e4 build/debug/Core/Src/stm32f1xx_it.o
 .debug_abbrev  0x00002197      0x143 build/debug/Core/Src/system_stm32f1xx.o
 .debug_abbrev  0x000022da      0x2b4 build/debug/Core/Src/tim.o
 .debug_abbrev  0x0000258e      0x25e build/debug/Core/Src/usart.o
 .debug_abbrev  0x000027ec      0x22d build/debug/Drivers/STM32F1xx_HAL_Driver/Src/stm32f1xx_hal.o
 .debug_abbrev  0x00002a19      0x252 build/debug/Drivers/STM32F1xx_HAL_Driver/Src/stm32f1xx_hal_adc.o
 .debug_abbrev  0x00002c6b      0x287 build/debug/Drivers/STM32F1xx_HAL_Driver/Src/stm32f1xx_hal_adc_ex.o
 .debug_abbrev  0x00002ef2      0x36d build/debug/Drivers/STM32F1xx_HAL_Driver/Src/stm32f1xx_hal_cortex.o
 .debug_abbrev  0x0000325f      0x244 build/debug/Drivers/STM32F1xx_HAL_Driver/Src/stm32f1xx_hal_dma.o
 .debug_abbrev  0x000034a3      0x1f7 build/debug/Drivers/STM32F1xx_HAL_Driver/Src/stm32f1xx_hal_gpio.o
 .debug_abbrev  0x0000369a      0x2a0 build/debug/Drivers/STM32F1xx_HAL_Driver/Src/stm32f1xx_hal_rcc.o
 .debug_abbrev  0x0000393a      0x1d8 build/debug/Drivers/STM32F1xx_HAL_Driver/Src/stm32f1xx_hal_rcc_ex.o
 .debug_abbrev  0x00003b12      0x272 build/debug/Drivers/STM32F1xx_HAL_Driver/Src/stm32f1xx_hal_spi.o
 .debug_abbrev  0x00003d84      0x270 build/debug/Drivers/STM32F1xx_HAL_Driver/Src/stm32f1xx_hal_tim.o
 .debug_abbrev  0x00003ff4      0x26e build/debug/Drivers/STM32F1xx_HAL_Driver/Src/stm32f1xx_hal_tim_ex.o
 .debug_abbrev  0x00004262      0x31c build/debug/Drivers/STM32F1xx_HAL_Driver/Src/stm32f1xx_hal_uart.o
 .debug_abbrev  0x0000457e       0x24 build/debug/startup_stm32f103xb.o
 .debug_abbrev  0x000045a2       0x28 c:/Users/zhmis/AppData/Roaming/Code/User/globalStorage/bmd.stm32-for-vscode/@xpack-dev-tools/arm-none-eabi-gcc/13.3.1-1.1.1/.content/bin/../lib/gcc/arm-none-eabi/13.3.1/thumb/v7-m/nofp\libgcc.a(_arm_addsubsf3.o)
 .debug_abbrev  0x000045ca       0x28 c:/Users/zhmis/AppData/Roaming/Code/User/globalStorage/bmd.stm32-for-vscode/@xpack-dev-tools/arm-none-eabi-gcc/13.3.1-1.1.1/.content/bin/../lib/gcc/arm-none-eabi/13.3.1/thumb/v7-m/nofp\libgcc.a(_arm_muldivsf3.o)
 .debug_abbrev  0x000045f2       0x28 c:/Users/zhmis/AppData/Roaming/Code/User/globalStorage/bmd.stm32-for-vscode/@xpack-dev-tools/arm-none-eabi-gcc/13.3.1-1.1.1/.content/bin/../lib/gcc/arm-none-eabi/13.3.1/thumb/v7-m/nofp\libgcc.a(_arm_fixsfsi.o)

.debug_loclists
                0x00000000     0xc06c
 .debug_loclists
                0x00000000       0x5c build/debug/Core/Src/adc.o
 .debug_loclists
                0x0000005c       0x51 build/debug/Core/Src/adc_current.o
 .debug_loclists
                0x000000ad      0x24a build/debug/Core/Src/drv8106.o
 .debug_loclists
                0x000002f7       0x90 build/debug/Core/Src/ema_iq18.o
 .debug_loclists
                0x00000387      0x14b build/debug/Core/Src/encoder_iq18.o
 .debug_loclists
                0x000004d2       0x41 build/debug/Core/Src/loops_handler.o
 .debug_loclists
                0x00000513      0x23a build/debug/Core/Src/pid_iq18.o
 .debug_loclists
                0x0000074d       0xa5 build/debug/Core/Src/pwm.o
 .debug_loclists
                0x000007f2      0x519 build/debug/Core/Src/servo_iq18.o
 .debug_loclists
                0x00000d0b       0x5c build/debug/Core/Src/spi.o
 .debug_loclists
                0x00000d67       0x17 build/debug/Core/Src/stm32f1xx_hal_msp.o
 .debug_loclists
                0x00000d7e       0xb7 build/debug/Core/Src/system_stm32f1xx.o
 .debug_loclists
                0x00000e35      0x1e5 build/debug/Core/Src/tim.o
 .debug_loclists
                0x0000101a       0x85 build/debug/Core/Src/usart.o
 .debug_loclists
                0x0000109f       0xe1 build/debug/Drivers/STM32F1xx_HAL_Driver/Src/stm32f1xx_hal.o
 .debug_loclists
                0x00001180      0x7c5 build/debug/Drivers/STM32F1xx_HAL_Driver/Src/stm32f1xx_hal_adc.o
 .debug_loclists
                0x00001945      0x5b1 build/debug/Drivers/STM32F1xx_HAL_Driver/Src/stm32f1xx_hal_adc_ex.o
 .debug_loclists
                0x00001ef6      0x530 build/debug/Drivers/STM32F1xx_HAL_Driver/Src/stm32f1xx_hal_cortex.o
 .debug_loclists
                0x00002426      0x562 build/debug/Drivers/STM32F1xx_HAL_Driver/Src/stm32f1xx_hal_dma.o
 .debug_loclists
                0x00002988      0x318 build/debug/Drivers/STM32F1xx_HAL_Driver/Src/stm32f1xx_hal_gpio.o
 .debug_loclists
                0x00002ca0      0x42e build/debug/Drivers/STM32F1xx_HAL_Driver/Src/stm32f1xx_hal_rcc.o
 .debug_loclists
                0x000030ce      0x2eb build/debug/Drivers/STM32F1xx_HAL_Driver/Src/stm32f1xx_hal_rcc_ex.o
 .debug_loclists
                0x000033b9     0x14ba build/debug/Drivers/STM32F1xx_HAL_Driver/Src/stm32f1xx_hal_spi.o
 .debug_loclists
                0x00004873     0x37db build/debug/Drivers/STM32F1xx_HAL_Driver/Src/stm32f1xx_hal_tim.o
 .debug_loclists
                0x0000804e     0x1398 build/debug/Drivers/STM32F1xx_HAL_Driver/Src/stm32f1xx_hal_tim_ex.o
 .debug_loclists
                0x000093e6     0x2c86 build/debug/Drivers/STM32F1xx_HAL_Driver/Src/stm32f1xx_hal_uart.o

.debug_aranges  0x00000000     0x1370
 .debug_aranges
                0x00000000       0x30 build/debug/Core/Src/adc.o
 .debug_aranges
                0x00000030       0x30 build/debug/Core/Src/adc_current.o
 .debug_aranges
                0x00000060       0x20 build/debug/Core/Src/dma.o
 .debug_aranges
                0x00000080       0x80 build/debug/Core/Src/drv8106.o
 .debug_aranges
                0x00000100       0x28 build/debug/Core/Src/ema_iq18.o
 .debug_aranges
                0x00000128       0x48 build/debug/Core/Src/encoder_iq18.o
 .debug_aranges
                0x00000170       0x18 build/debug/Core/Src/global_flags.o
 .debug_aranges
                0x00000188       0x20 build/debug/Core/Src/gpio.o
 .debug_aranges
                0x000001a8       0x20 build/debug/Core/Src/loops_handler.o
 .debug_aranges
                0x000001c8       0x30 build/debug/Core/Src/main.o
 .debug_aranges
                0x000001f8       0x20 build/debug/Core/Src/main_init.o
 .debug_aranges
                0x00000218       0x68 build/debug/Core/Src/pid_iq18.o
 .debug_aranges
                0x00000280       0x30 build/debug/Core/Src/pwm.o
 .debug_aranges
                0x000002b0       0x28 build/debug/Core/Src/servo_init.o
 .debug_aranges
                0x000002d8       0xa0 build/debug/Core/Src/servo_iq18.o
 .debug_aranges
                0x00000378       0x30 build/debug/Core/Src/spi.o
 .debug_aranges
                0x000003a8       0x20 build/debug/Core/Src/stm32f1xx_hal_msp.o
 .debug_aranges
                0x000003c8       0xa0 build/debug/Core/Src/stm32f1xx_it.o
 .debug_aranges
                0x00000468       0x28 build/debug/Core/Src/system_stm32f1xx.o
 .debug_aranges
                0x00000490       0x70 build/debug/Core/Src/tim.o
 .debug_aranges
                0x00000500       0x30 build/debug/Core/Src/usart.o
 .debug_aranges
                0x00000530       0xe0 build/debug/Drivers/STM32F1xx_HAL_Driver/Src/stm32f1xx_hal.o
 .debug_aranges
                0x00000610       0xf0 build/debug/Drivers/STM32F1xx_HAL_Driver/Src/stm32f1xx_hal_adc.o
 .debug_aranges
                0x00000700       0x80 build/debug/Drivers/STM32F1xx_HAL_Driver/Src/stm32f1xx_hal_adc_ex.o
 .debug_aranges
                0x00000780       0xc0 build/debug/Drivers/STM32F1xx_HAL_Driver/Src/stm32f1xx_hal_cortex.o
 .debug_aranges
                0x00000840       0x80 build/debug/Drivers/STM32F1xx_HAL_Driver/Src/stm32f1xx_hal_dma.o
 .debug_aranges
                0x000008c0       0x58 build/debug/Drivers/STM32F1xx_HAL_Driver/Src/stm32f1xx_hal_gpio.o
 .debug_aranges
                0x00000918       0x90 build/debug/Drivers/STM32F1xx_HAL_Driver/Src/stm32f1xx_hal_rcc.o
 .debug_aranges
                0x000009a8       0x30 build/debug/Drivers/STM32F1xx_HAL_Driver/Src/stm32f1xx_hal_rcc_ex.o
 .debug_aranges
                0x000009d8      0x1d0 build/debug/Drivers/STM32F1xx_HAL_Driver/Src/stm32f1xx_hal_spi.o
 .debug_aranges
                0x00000ba8      0x3d0 build/debug/Drivers/STM32F1xx_HAL_Driver/Src/stm32f1xx_hal_tim.o
 .debug_aranges
                0x00000f78      0x168 build/debug/Drivers/STM32F1xx_HAL_Driver/Src/stm32f1xx_hal_tim_ex.o
 .debug_aranges
                0x000010e0      0x208 build/debug/Drivers/STM32F1xx_HAL_Driver/Src/stm32f1xx_hal_uart.o
 .debug_aranges
                0x000012e8       0x28 build/debug/startup_stm32f103xb.o
 .debug_aranges
                0x00001310       0x20 c:/Users/zhmis/AppData/Roaming/Code/User/globalStorage/bmd.stm32-for-vscode/@xpack-dev-tools/arm-none-eabi-gcc/13.3.1-1.1.1/.content/bin/../lib/gcc/arm-none-eabi/13.3.1/thumb/v7-m/nofp\libgcc.a(_arm_addsubsf3.o)
 .debug_aranges
                0x00001330       0x20 c:/Users/zhmis/AppData/Roaming/Code/User/globalStorage/bmd.stm32-for-vscode/@xpack-dev-tools/arm-none-eabi-gcc/13.3.1-1.1.1/.content/bin/../lib/gcc/arm-none-eabi/13.3.1/thumb/v7-m/nofp\libgcc.a(_arm_muldivsf3.o)
 .debug_aranges
                0x00001350       0x20 c:/Users/zhmis/AppData/Roaming/Code/User/globalStorage/bmd.stm32-for-vscode/@xpack-dev-tools/arm-none-eabi-gcc/13.3.1-1.1.1/.content/bin/../lib/gcc/arm-none-eabi/13.3.1/thumb/v7-m/nofp\libgcc.a(_arm_fixsfsi.o)

.debug_rnglists
                0x00000000      0xe58
 .debug_rnglists
                0x00000000       0x20 build/debug/Core/Src/adc.o
 .debug_rnglists
                0x00000020       0x20 build/debug/Core/Src/adc_current.o
 .debug_rnglists
                0x00000040       0x13 build/debug/Core/Src/dma.o
 .debug_rnglists
                0x00000053       0x5c build/debug/Core/Src/drv8106.o
 .debug_rnglists
                0x000000af       0x19 build/debug/Core/Src/ema_iq18.o
 .debug_rnglists
                0x000000c8       0x31 build/debug/Core/Src/encoder_iq18.o
 .debug_rnglists
                0x000000f9       0x14 build/debug/Core/Src/gpio.o
 .debug_rnglists
                0x0000010d       0x14 build/debug/Core/Src/loops_handler.o
 .debug_rnglists
                0x00000121       0x21 build/debug/Core/Src/main.o
 .debug_rnglists
                0x00000142       0x13 build/debug/Core/Src/main_init.o
 .debug_rnglists
                0x00000155       0x4a build/debug/Core/Src/pid_iq18.o
 .debug_rnglists
                0x0000019f       0x20 build/debug/Core/Src/pwm.o
 .debug_rnglists
                0x000001bf       0x1a build/debug/Core/Src/servo_init.o
 .debug_rnglists
                0x000001d9       0x81 build/debug/Core/Src/servo_iq18.o
 .debug_rnglists
                0x0000025a       0x20 build/debug/Core/Src/spi.o
 .debug_rnglists
                0x0000027a       0x13 build/debug/Core/Src/stm32f1xx_hal_msp.o
 .debug_rnglists
                0x0000028d       0x73 build/debug/Core/Src/stm32f1xx_it.o
 .debug_rnglists
                0x00000300       0x1a build/debug/Core/Src/system_stm32f1xx.o
 .debug_rnglists
                0x0000031a       0x52 build/debug/Core/Src/tim.o
 .debug_rnglists
                0x0000036c       0x20 build/debug/Core/Src/usart.o
 .debug_rnglists
                0x0000038c       0xa3 build/debug/Drivers/STM32F1xx_HAL_Driver/Src/stm32f1xx_hal.o
 .debug_rnglists
                0x0000042f       0xb8 build/debug/Drivers/STM32F1xx_HAL_Driver/Src/stm32f1xx_hal_adc.o
 .debug_rnglists
                0x000004e7       0x62 build/debug/Drivers/STM32F1xx_HAL_Driver/Src/stm32f1xx_hal_adc_ex.o
 .debug_rnglists
                0x00000549       0x8b build/debug/Drivers/STM32F1xx_HAL_Driver/Src/stm32f1xx_hal_cortex.o
 .debug_rnglists
                0x000005d4       0x5e build/debug/Drivers/STM32F1xx_HAL_Driver/Src/stm32f1xx_hal_dma.o
 .debug_rnglists
                0x00000632       0x3f build/debug/Drivers/STM32F1xx_HAL_Driver/Src/stm32f1xx_hal_gpio.o
 .debug_rnglists
                0x00000671       0x7d build/debug/Drivers/STM32F1xx_HAL_Driver/Src/stm32f1xx_hal_rcc.o
 .debug_rnglists
                0x000006ee       0x2f build/debug/Drivers/STM32F1xx_HAL_Driver/Src/stm32f1xx_hal_rcc_ex.o
 .debug_rnglists
                0x0000071d      0x168 build/debug/Drivers/STM32F1xx_HAL_Driver/Src/stm32f1xx_hal_spi.o
 .debug_rnglists
                0x00000885      0x2ff build/debug/Drivers/STM32F1xx_HAL_Driver/Src/stm32f1xx_hal_tim.o
 .debug_rnglists
                0x00000b84      0x11a build/debug/Drivers/STM32F1xx_HAL_Driver/Src/stm32f1xx_hal_tim_ex.o
 .debug_rnglists
                0x00000c9e      0x1a1 build/debug/Drivers/STM32F1xx_HAL_Driver/Src/stm32f1xx_hal_uart.o
 .debug_rnglists
                0x00000e3f       0x19 build/debug/startup_stm32f103xb.o

.debug_line     0x00000000    0x15913
 .debug_line    0x00000000      0x40e build/debug/Core/Src/adc.o
 .debug_line    0x0000040e      0x321 build/debug/Core/Src/adc_current.o
 .debug_line    0x0000072f      0x22f build/debug/Core/Src/dma.o
 .debug_line    0x0000095e      0x5a1 build/debug/Core/Src/drv8106.o
 .debug_line    0x00000eff       0xba build/debug/Core/Src/ema_iq18.o
 .debug_line    0x00000fb9      0x435 build/debug/Core/Src/encoder_iq18.o
 .debug_line    0x000013ee      0x1b6 build/debug/Core/Src/global_flags.o
 .debug_line    0x000015a4      0x352 build/debug/Core/Src/gpio.o
 .debug_line    0x000018f6      0x405 build/debug/Core/Src/loops_handler.o
 .debug_line    0x00001cfb      0x4e4 build/debug/Core/Src/main.o
 .debug_line    0x000021df      0x2ed build/debug/Core/Src/main_init.o
 .debug_line    0x000024cc      0x2a1 build/debug/Core/Src/pid_iq18.o
 .debug_line    0x0000276d      0x380 build/debug/Core/Src/pwm.o
 .debug_line    0x00002aed      0x349 build/debug/Core/Src/servo_init.o
 .debug_line    0x00002e36      0x7c2 build/debug/Core/Src/servo_iq18.o
 .debug_line    0x000035f8      0x467 build/debug/Core/Src/spi.o
 .debug_line    0x00003a5f      0x204 build/debug/Core/Src/stm32f1xx_hal_msp.o
 .debug_line    0x00003c63      0x429 build/debug/Core/Src/stm32f1xx_it.o
 .debug_line    0x0000408c      0x2cd build/debug/Core/Src/system_stm32f1xx.o
 .debug_line    0x00004359      0x7d8 build/debug/Core/Src/tim.o
 .debug_line    0x00004b31      0x455 build/debug/Core/Src/usart.o
 .debug_line    0x00004f86      0x5b6 build/debug/Drivers/STM32F1xx_HAL_Driver/Src/stm32f1xx_hal.o
 .debug_line    0x0000553c      0xf0c build/debug/Drivers/STM32F1xx_HAL_Driver/Src/stm32f1xx_hal_adc.o
 .debug_line    0x00006448      0xbd8 build/debug/Drivers/STM32F1xx_HAL_Driver/Src/stm32f1xx_hal_adc_ex.o
 .debug_line    0x00007020      0x72f build/debug/Drivers/STM32F1xx_HAL_Driver/Src/stm32f1xx_hal_cortex.o
 .debug_line    0x0000774f      0xb77 build/debug/Drivers/STM32F1xx_HAL_Driver/Src/stm32f1xx_hal_dma.o
 .debug_line    0x000082c6      0x658 build/debug/Drivers/STM32F1xx_HAL_Driver/Src/stm32f1xx_hal_gpio.o
 .debug_line    0x0000891e      0xd32 build/debug/Drivers/STM32F1xx_HAL_Driver/Src/stm32f1xx_hal_rcc.o
 .debug_line    0x00009650      0x532 build/debug/Drivers/STM32F1xx_HAL_Driver/Src/stm32f1xx_hal_rcc_ex.o
 .debug_line    0x00009b82     0x2483 build/debug/Drivers/STM32F1xx_HAL_Driver/Src/stm32f1xx_hal_spi.o
 .debug_line    0x0000c005     0x4677 build/debug/Drivers/STM32F1xx_HAL_Driver/Src/stm32f1xx_hal_tim.o
 .debug_line    0x0001067c     0x1a74 build/debug/Drivers/STM32F1xx_HAL_Driver/Src/stm32f1xx_hal_tim_ex.o
 .debug_line    0x000120f0     0x3527 build/debug/Drivers/STM32F1xx_HAL_Driver/Src/stm32f1xx_hal_uart.o
 .debug_line    0x00015617       0x74 build/debug/startup_stm32f103xb.o
 .debug_line    0x0001568b      0x103 c:/Users/zhmis/AppData/Roaming/Code/User/globalStorage/bmd.stm32-for-vscode/@xpack-dev-tools/arm-none-eabi-gcc/13.3.1-1.1.1/.content/bin/../lib/gcc/arm-none-eabi/13.3.1/thumb/v7-m/nofp\libgcc.a(_arm_addsubsf3.o)
 .debug_line    0x0001578e      0x123 c:/Users/zhmis/AppData/Roaming/Code/User/globalStorage/bmd.stm32-for-vscode/@xpack-dev-tools/arm-none-eabi-gcc/13.3.1-1.1.1/.content/bin/../lib/gcc/arm-none-eabi/13.3.1/thumb/v7-m/nofp\libgcc.a(_arm_muldivsf3.o)
 .debug_line    0x000158b1       0x62 c:/Users/zhmis/AppData/Roaming/Code/User/globalStorage/bmd.stm32-for-vscode/@xpack-dev-tools/arm-none-eabi-gcc/13.3.1-1.1.1/.content/bin/../lib/gcc/arm-none-eabi/13.3.1/thumb/v7-m/nofp\libgcc.a(_arm_fixsfsi.o)

.debug_str      0x00000000     0x53fd
 .debug_str     0x00000000     0x53fd build/debug/Core/Src/adc.o
                                0x62c (size before relaxing)
 .debug_str     0x000053fd      0x604 build/debug/Core/Src/adc_current.o
 .debug_str     0x000053fd      0x4bf build/debug/Core/Src/dma.o
 .debug_str     0x000053fd      0x923 build/debug/Core/Src/drv8106.o
 .debug_str     0x000053fd      0x1dd build/debug/Core/Src/ema_iq18.o
 .debug_str     0x000053fd      0x850 build/debug/Core/Src/encoder_iq18.o
 .debug_str     0x000053fd      0x187 build/debug/Core/Src/global_flags.o
 .debug_str     0x000053fd      0x260 build/debug/Core/Src/gpio.o
 .debug_str     0x000053fd      0xae6 build/debug/Core/Src/loops_handler.o
 .debug_str     0x000053fd     0x100e build/debug/Core/Src/main.o
 .debug_str     0x000053fd      0x97b build/debug/Core/Src/main_init.o
 .debug_str     0x000053fd      0x2fc build/debug/Core/Src/pid_iq18.o
 .debug_str     0x000053fd      0x73f build/debug/Core/Src/pwm.o
 .debug_str     0x000053fd      0xc00 build/debug/Core/Src/servo_init.o
 .debug_str     0x000053fd      0xbe9 build/debug/Core/Src/servo_iq18.o
 .debug_str     0x000053fd      0x9c3 build/debug/Core/Src/spi.o
 .debug_str     0x000053fd      0x1f4 build/debug/Core/Src/stm32f1xx_hal_msp.o
 .debug_str     0x000053fd      0xbbc build/debug/Core/Src/stm32f1xx_it.o
 .debug_str     0x000053fd      0x229 build/debug/Core/Src/system_stm32f1xx.o
 .debug_str     0x000053fd      0xdaa build/debug/Core/Src/tim.o
 .debug_str     0x000053fd      0xa2a build/debug/Core/Src/usart.o
 .debug_str     0x000053fd      0x803 build/debug/Drivers/STM32F1xx_HAL_Driver/Src/stm32f1xx_hal.o
 .debug_str     0x000053fd      0x8af build/debug/Drivers/STM32F1xx_HAL_Driver/Src/stm32f1xx_hal_adc.o
 .debug_str     0x000053fd      0x892 build/debug/Drivers/STM32F1xx_HAL_Driver/Src/stm32f1xx_hal_adc_ex.o
 .debug_str     0x000053fd      0x8a8 build/debug/Drivers/STM32F1xx_HAL_Driver/Src/stm32f1xx_hal_cortex.o
 .debug_str     0x000053fd      0x5d2 build/debug/Drivers/STM32F1xx_HAL_Driver/Src/stm32f1xx_hal_dma.o
 .debug_str     0x000053fd      0x3d5 build/debug/Drivers/STM32F1xx_HAL_Driver/Src/stm32f1xx_hal_gpio.o
 .debug_str     0x000053fd      0x600 build/debug/Drivers/STM32F1xx_HAL_Driver/Src/stm32f1xx_hal_rcc.o
 .debug_str     0x000053fd      0x3a8 build/debug/Drivers/STM32F1xx_HAL_Driver/Src/stm32f1xx_hal_rcc_ex.o
 .debug_str     0x000053fd      0xb36 build/debug/Drivers/STM32F1xx_HAL_Driver/Src/stm32f1xx_hal_spi.o
 .debug_str     0x000053fd     0x165a build/debug/Drivers/STM32F1xx_HAL_Driver/Src/stm32f1xx_hal_tim.o
 .debug_str     0x000053fd      0xe66 build/debug/Drivers/STM32F1xx_HAL_Driver/Src/stm32f1xx_hal_tim_ex.o
 .debug_str     0x000053fd      0xcc9 build/debug/Drivers/STM32F1xx_HAL_Driver/Src/stm32f1xx_hal_uart.o
 .debug_str     0x000053fd       0x5c build/debug/startup_stm32f103xb.o
 .debug_str     0x000053fd      0x1db c:/Users/zhmis/AppData/Roaming/Code/User/globalStorage/bmd.stm32-for-vscode/@xpack-dev-tools/arm-none-eabi-gcc/13.3.1-1.1.1/.content/bin/../lib/gcc/arm-none-eabi/13.3.1/thumb/v7-m/nofp\libgcc.a(_arm_addsubsf3.o)
 .debug_str     0x000053fd      0x167 c:/Users/zhmis/AppData/Roaming/Code/User/globalStorage/bmd.stm32-for-vscode/@xpack-dev-tools/arm-none-eabi-gcc/13.3.1-1.1.1/.content/bin/../lib/gcc/arm-none-eabi/13.3.1/thumb/v7-m/nofp\libgcc.a(_arm_muldivsf3.o)
 .debug_str     0x000053fd      0x152 c:/Users/zhmis/AppData/Roaming/Code/User/globalStorage/bmd.stm32-for-vscode/@xpack-dev-tools/arm-none-eabi-gcc/13.3.1-1.1.1/.content/bin/../lib/gcc/arm-none-eabi/13.3.1/thumb/v7-m/nofp\libgcc.a(_arm_fixsfsi.o)

.debug_frame    0x00000000     0x3284
 .debug_frame   0x00000000       0x68 build/debug/Core/Src/adc.o
 .debug_frame   0x00000068       0x68 build/debug/Core/Src/adc_current.o
 .debug_frame   0x000000d0       0x2c build/debug/Core/Src/dma.o
 .debug_frame   0x000000fc      0x160 build/debug/Core/Src/drv8106.o
 .debug_frame   0x0000025c       0x48 build/debug/Core/Src/ema_iq18.o
 .debug_frame   0x000002a4       0x90 build/debug/Core/Src/encoder_iq18.o
 .debug_frame   0x00000334       0x3c build/debug/Core/Src/gpio.o
 .debug_frame   0x00000370       0x28 build/debug/Core/Src/loops_handler.o
 .debug_frame   0x00000398       0x58 build/debug/Core/Src/main.o
 .debug_frame   0x000003f0       0x28 build/debug/Core/Src/main_init.o
 .debug_frame   0x00000418       0xf8 build/debug/Core/Src/pid_iq18.o
 .debug_frame   0x00000510       0x48 build/debug/Core/Src/pwm.o
 .debug_frame   0x00000558       0x54 build/debug/Core/Src/servo_init.o
 .debug_frame   0x000005ac      0x1a8 build/debug/Core/Src/servo_iq18.o
 .debug_frame   0x00000754       0x64 build/debug/Core/Src/spi.o
 .debug_frame   0x000007b8       0x28 build/debug/Core/Src/stm32f1xx_hal_msp.o
 .debug_frame   0x000007e0      0x168 build/debug/Core/Src/stm32f1xx_it.o
 .debug_frame   0x00000948       0x30 build/debug/Core/Src/system_stm32f1xx.o
 .debug_frame   0x00000978      0x154 build/debug/Core/Src/tim.o
 .debug_frame   0x00000acc       0x68 build/debug/Core/Src/usart.o
 .debug_frame   0x00000b34      0x1cc build/debug/Drivers/STM32F1xx_HAL_Driver/Src/stm32f1xx_hal.o
 .debug_frame   0x00000d00      0x2c8 build/debug/Drivers/STM32F1xx_HAL_Driver/Src/stm32f1xx_hal_adc.o
 .debug_frame   0x00000fc8      0x19c build/debug/Drivers/STM32F1xx_HAL_Driver/Src/stm32f1xx_hal_adc_ex.o
 .debug_frame   0x00001164      0x19c build/debug/Drivers/STM32F1xx_HAL_Driver/Src/stm32f1xx_hal_cortex.o
 .debug_frame   0x00001300      0x144 build/debug/Drivers/STM32F1xx_HAL_Driver/Src/stm32f1xx_hal_dma.o
 .debug_frame   0x00001444       0xe4 build/debug/Drivers/STM32F1xx_HAL_Driver/Src/stm32f1xx_hal_gpio.o
 .debug_frame   0x00001528      0x184 build/debug/Drivers/STM32F1xx_HAL_Driver/Src/stm32f1xx_hal_rcc.o
 .debug_frame   0x000016ac       0x5c build/debug/Drivers/STM32F1xx_HAL_Driver/Src/stm32f1xx_hal_rcc_ex.o
 .debug_frame   0x00001708      0x5c8 build/debug/Drivers/STM32F1xx_HAL_Driver/Src/stm32f1xx_hal_spi.o
 .debug_frame   0x00001cd0      0xb18 build/debug/Drivers/STM32F1xx_HAL_Driver/Src/stm32f1xx_hal_tim.o
 .debug_frame   0x000027e8      0x418 build/debug/Drivers/STM32F1xx_HAL_Driver/Src/stm32f1xx_hal_tim_ex.o
 .debug_frame   0x00002c00      0x5dc build/debug/Drivers/STM32F1xx_HAL_Driver/Src/stm32f1xx_hal_uart.o
 .debug_frame   0x000031dc       0x4c c:/Users/zhmis/AppData/Roaming/Code/User/globalStorage/bmd.stm32-for-vscode/@xpack-dev-tools/arm-none-eabi-gcc/13.3.1-1.1.1/.content/bin/../lib/gcc/arm-none-eabi/13.3.1/thumb/v7-m/nofp\libgcc.a(_arm_addsubsf3.o)
 .debug_frame   0x00003228       0x38 c:/Users/zhmis/AppData/Roaming/Code/User/globalStorage/bmd.stm32-for-vscode/@xpack-dev-tools/arm-none-eabi-gcc/13.3.1-1.1.1/.content/bin/../lib/gcc/arm-none-eabi/13.3.1/thumb/v7-m/nofp\libgcc.a(_arm_muldivsf3.o)
 .debug_frame   0x00003260       0x24 c:/Users/zhmis/AppData/Roaming/Code/User/globalStorage/bmd.stm32-for-vscode/@xpack-dev-tools/arm-none-eabi-gcc/13.3.1-1.1.1/.content/bin/../lib/gcc/arm-none-eabi/13.3.1/thumb/v7-m/nofp\libgcc.a(_arm_fixsfsi.o)

.debug_line_str
                0x00000000      0x16d
 .debug_line_str
                0x00000000      0x16d build/debug/startup_stm32f103xb.o
                                 0x40 (size before relaxing)
 .debug_line_str
                0x0000016d      0x12d c:/Users/zhmis/AppData/Roaming/Code/User/globalStorage/bmd.stm32-for-vscode/@xpack-dev-tools/arm-none-eabi-gcc/13.3.1-1.1.1/.content/bin/../lib/gcc/arm-none-eabi/13.3.1/thumb/v7-m/nofp\libgcc.a(_arm_addsubsf3.o)
 .debug_line_str
                0x0000016d      0x12d c:/Users/zhmis/AppData/Roaming/Code/User/globalStorage/bmd.stm32-for-vscode/@xpack-dev-tools/arm-none-eabi-gcc/13.3.1-1.1.1/.content/bin/../lib/gcc/arm-none-eabi/13.3.1/thumb/v7-m/nofp\libgcc.a(_arm_muldivsf3.o)
 .debug_line_str
                0x0000016d      0x12d c:/Users/zhmis/AppData/Roaming/Code/User/globalStorage/bmd.stm32-for-vscode/@xpack-dev-tools/arm-none-eabi-gcc/13.3.1-1.1.1/.content/bin/../lib/gcc/arm-none-eabi/13.3.1/thumb/v7-m/nofp\libgcc.a(_arm_fixsfsi.o)

Cross Reference Table

Symbol                                            File
ADC1_2_IRQHandler                                 build/debug/startup_stm32f103xb.o
ADC_ConversionStop_Disable                        build/debug/Drivers/STM32F1xx_HAL_Driver/Src/stm32f1xx_hal_adc.o
                                                  build/debug/Drivers/STM32F1xx_HAL_Driver/Src/stm32f1xx_hal_adc_ex.o
ADC_DMAConvCplt                                   build/debug/Drivers/STM32F1xx_HAL_Driver/Src/stm32f1xx_hal_adc.o
                                                  build/debug/Drivers/STM32F1xx_HAL_Driver/Src/stm32f1xx_hal_adc_ex.o
ADC_DMAError                                      build/debug/Drivers/STM32F1xx_HAL_Driver/Src/stm32f1xx_hal_adc.o
                                                  build/debug/Drivers/STM32F1xx_HAL_Driver/Src/stm32f1xx_hal_adc_ex.o
ADC_DMAHalfConvCplt                               build/debug/Drivers/STM32F1xx_HAL_Driver/Src/stm32f1xx_hal_adc.o
                                                  build/debug/Drivers/STM32F1xx_HAL_Driver/Src/stm32f1xx_hal_adc_ex.o
ADC_Enable                                        build/debug/Drivers/STM32F1xx_HAL_Driver/Src/stm32f1xx_hal_adc.o
                                                  build/debug/Drivers/STM32F1xx_HAL_Driver/Src/stm32f1xx_hal_adc_ex.o
AHBPrescTable                                     build/debug/Core/Src/system_stm32f1xx.o
                                                  build/debug/Drivers/STM32F1xx_HAL_Driver/Src/stm32f1xx_hal_rcc.o
APBPrescTable                                     build/debug/Core/Src/system_stm32f1xx.o
                                                  build/debug/Drivers/STM32F1xx_HAL_Driver/Src/stm32f1xx_hal_rcc.o
BusFault_Handler                                  build/debug/Core/Src/stm32f1xx_it.o
CAN1_RX1_IRQHandler                               build/debug/startup_stm32f103xb.o
CAN1_SCE_IRQHandler                               build/debug/startup_stm32f103xb.o
CS_ADC_M1_Gain                                    build/debug/Core/Src/adc_current.o
CS_ADC_M1_Offset                                  build/debug/Core/Src/adc_current.o
CS_ADC_M2_Gain                                    build/debug/Core/Src/adc_current.o
CS_ADC_M2_Offset                                  build/debug/Core/Src/adc_current.o
DMA1_Channel1_IRQHandler                          build/debug/Core/Src/stm32f1xx_it.o
DMA1_Channel2_IRQHandler                          build/debug/Core/Src/stm32f1xx_it.o
DMA1_Channel3_IRQHandler                          build/debug/Core/Src/stm32f1xx_it.o
DMA1_Channel4_IRQHandler                          build/debug/Core/Src/stm32f1xx_it.o
DMA1_Channel5_IRQHandler                          build/debug/Core/Src/stm32f1xx_it.o
DMA1_Channel6_IRQHandler                          build/debug/startup_stm32f103xb.o
DMA1_Channel7_IRQHandler                          build/debug/startup_stm32f103xb.o
DebugMon_Handler                                  build/debug/Core/Src/stm32f1xx_it.o
Default_Handler                                   build/debug/startup_stm32f103xb.o
EXTI0_IRQHandler                                  build/debug/startup_stm32f103xb.o
EXTI15_10_IRQHandler                              build/debug/startup_stm32f103xb.o
EXTI1_IRQHandler                                  build/debug/startup_stm32f103xb.o
EXTI2_IRQHandler                                  build/debug/startup_stm32f103xb.o
EXTI3_IRQHandler                                  build/debug/startup_stm32f103xb.o
EXTI4_IRQHandler                                  build/debug/startup_stm32f103xb.o
EXTI9_5_IRQHandler                                build/debug/startup_stm32f103xb.o
Error_Handler                                     build/debug/Core/Src/main.o
                                                  build/debug/Core/Src/usart.o